Archive member included because of file (symbol)

c:/freescale/kds_v3/toolchain/bin/../lib/gcc/arm-none-eabi/4.8.4/../../../../arm-none-eabi/lib/armv7e-m/fpu\libg_s.a(lib_a-errno.o)
                              ./utilities/fsl_sbrk.o (__errno)
c:/freescale/kds_v3/toolchain/bin/../lib/gcc/arm-none-eabi/4.8.4/../../../../arm-none-eabi/lib/armv7e-m/fpu\libg_s.a(lib_a-exit.o)
                              c:/freescale/kds_v3/toolchain/bin/../lib/gcc/arm-none-eabi/4.8.4/../../../../arm-none-eabi/lib/armv7e-m/fpu/crt0.o (exit)
c:/freescale/kds_v3/toolchain/bin/../lib/gcc/arm-none-eabi/4.8.4/../../../../arm-none-eabi/lib/armv7e-m/fpu\libg_s.a(lib_a-impure.o)
                              c:/freescale/kds_v3/toolchain/bin/../lib/gcc/arm-none-eabi/4.8.4/../../../../arm-none-eabi/lib/armv7e-m/fpu\libg_s.a(lib_a-exit.o) (_global_impure_ptr)
c:/freescale/kds_v3/toolchain/bin/../lib/gcc/arm-none-eabi/4.8.4/../../../../arm-none-eabi/lib/armv7e-m/fpu\libg_s.a(lib_a-init.o)
                              c:/freescale/kds_v3/toolchain/bin/../lib/gcc/arm-none-eabi/4.8.4/../../../../arm-none-eabi/lib/armv7e-m/fpu/crt0.o (__libc_init_array)
c:/freescale/kds_v3/toolchain/bin/../lib/gcc/arm-none-eabi/4.8.4/../../../../arm-none-eabi/lib/armv7e-m/fpu\libg_s.a(lib_a-memcpy-stub.o)
                              ./freertos/SEGGER_RTT.o (memcpy)
c:/freescale/kds_v3/toolchain/bin/../lib/gcc/arm-none-eabi/4.8.4/../../../../arm-none-eabi/lib/armv7e-m/fpu\libg_s.a(lib_a-memmove.o)
                              ./utilities/fsl_shell.o (memmove)
c:/freescale/kds_v3/toolchain/bin/../lib/gcc/arm-none-eabi/4.8.4/../../../../arm-none-eabi/lib/armv7e-m/fpu\libg_s.a(lib_a-memset.o)
                              c:/freescale/kds_v3/toolchain/bin/../lib/gcc/arm-none-eabi/4.8.4/../../../../arm-none-eabi/lib/armv7e-m/fpu/crt0.o (memset)
c:/freescale/kds_v3/toolchain/bin/../lib/gcc/arm-none-eabi/4.8.4/../../../../arm-none-eabi/lib/armv7e-m/fpu\libg_s.a(lib_a-printf.o)
                              ./source/main.o (printf)
c:/freescale/kds_v3/toolchain/bin/../lib/gcc/arm-none-eabi/4.8.4/../../../../arm-none-eabi/lib/armv7e-m/fpu\libg_s.a(lib_a-puts.o)
                              ./source/main.o (puts)
c:/freescale/kds_v3/toolchain/bin/../lib/gcc/arm-none-eabi/4.8.4/../../../../arm-none-eabi/lib/armv7e-m/fpu\libg_s.a(lib_a-rand.o)
                              ./source/main.o (rand)
c:/freescale/kds_v3/toolchain/bin/../lib/gcc/arm-none-eabi/4.8.4/../../../../arm-none-eabi/lib/armv7e-m/fpu\libg_s.a(lib_a-strlen.o)
                              ./utilities/fsl_debug_console.o (strlen)
c:/freescale/kds_v3/toolchain/bin/../lib/gcc/arm-none-eabi/4.8.4/../../../../arm-none-eabi/lib/armv7e-m/fpu\libg_s.a(lib_a-vfprintf.o)
                              c:/freescale/kds_v3/toolchain/bin/../lib/gcc/arm-none-eabi/4.8.4/../../../../arm-none-eabi/lib/armv7e-m/fpu\libg_s.a(lib_a-printf.o) (_vfprintf_r)
c:/freescale/kds_v3/toolchain/bin/../lib/gcc/arm-none-eabi/4.8.4/../../../../arm-none-eabi/lib/armv7e-m/fpu\libg_s.a(lib_a-vfprintf_i.o)
                              c:/freescale/kds_v3/toolchain/bin/../lib/gcc/arm-none-eabi/4.8.4/../../../../arm-none-eabi/lib/armv7e-m/fpu\libg_s.a(lib_a-vfprintf.o) (_printf_i)
c:/freescale/kds_v3/toolchain/bin/../lib/gcc/arm-none-eabi/4.8.4/../../../../arm-none-eabi/lib/armv7e-m/fpu\libg_s.a(lib_a-wbuf.o)
                              c:/freescale/kds_v3/toolchain/bin/../lib/gcc/arm-none-eabi/4.8.4/../../../../arm-none-eabi/lib/armv7e-m/fpu\libg_s.a(lib_a-puts.o) (__swbuf_r)
c:/freescale/kds_v3/toolchain/bin/../lib/gcc/arm-none-eabi/4.8.4/../../../../arm-none-eabi/lib/armv7e-m/fpu\libg_s.a(lib_a-wsetup.o)
                              c:/freescale/kds_v3/toolchain/bin/../lib/gcc/arm-none-eabi/4.8.4/../../../../arm-none-eabi/lib/armv7e-m/fpu\libg_s.a(lib_a-puts.o) (__swsetup_r)
c:/freescale/kds_v3/toolchain/bin/../lib/gcc/arm-none-eabi/4.8.4/../../../../arm-none-eabi/lib/armv7e-m/fpu\libg_s.a(lib_a-fflush.o)
                              c:/freescale/kds_v3/toolchain/bin/../lib/gcc/arm-none-eabi/4.8.4/../../../../arm-none-eabi/lib/armv7e-m/fpu\libg_s.a(lib_a-wbuf.o) (_fflush_r)
c:/freescale/kds_v3/toolchain/bin/../lib/gcc/arm-none-eabi/4.8.4/../../../../arm-none-eabi/lib/armv7e-m/fpu\libg_s.a(lib_a-findfp.o)
                              c:/freescale/kds_v3/toolchain/bin/../lib/gcc/arm-none-eabi/4.8.4/../../../../arm-none-eabi/lib/armv7e-m/fpu\libg_s.a(lib_a-printf.o) (__sinit)
c:/freescale/kds_v3/toolchain/bin/../lib/gcc/arm-none-eabi/4.8.4/../../../../arm-none-eabi/lib/armv7e-m/fpu\libg_s.a(lib_a-fvwrite.o)
                              c:/freescale/kds_v3/toolchain/bin/../lib/gcc/arm-none-eabi/4.8.4/../../../../arm-none-eabi/lib/armv7e-m/fpu\libg_s.a(lib_a-vfprintf.o) (__sfvwrite_r)
c:/freescale/kds_v3/toolchain/bin/../lib/gcc/arm-none-eabi/4.8.4/../../../../arm-none-eabi/lib/armv7e-m/fpu\libg_s.a(lib_a-fwalk.o)
[...]
Memory Configuration

Name             Origin             Length             Attributes
m_interrupts     0x00000000         0x00000400         xr
m_flash_config   0x00000400         0x00000010         xr
m_text           0x00000410         0x000ffbf0         xr
m_data           0x1fff0000         0x00010000         rw
m_data_2         0x20000000         0x00030000         rw
*default*        0x00000000         0xffffffff

Linker script and memory map

LOAD c:/freescale/kds_v3/toolchain/bin/../lib/gcc/arm-none-eabi/4.8.4/armv7e-m/fpu/crti.o
LOAD c:/freescale/kds_v3/toolchain/bin/../lib/gcc/arm-none-eabi/4.8.4/armv7e-m/fpu/crtbegin.o
LOAD c:/freescale/kds_v3/toolchain/bin/../lib/gcc/arm-none-eabi/4.8.4/../../../../arm-none-eabi/lib/armv7e-m/fpu/crt0.o
LOAD ./utilities/fsl_debug_console.o
LOAD ./utilities/fsl_notifier.o
LOAD ./utilities/fsl_sbrk.o
LOAD ./utilities/fsl_shell.o
LOAD ./startup/startup_MK64F12.o
LOAD ./source/main.o
LOAD ./freertos/SEGGER_RTT.o
LOAD ./freertos/SEGGER_RTT_Printf.o
LOAD ./freertos/croutine.o
LOAD ./freertos/event_groups.o
LOAD ./freertos/fsl_tickless_lptmr.o
LOAD ./freertos/fsl_tickless_systick.o
LOAD ./freertos/heap_4.o
LOAD ./freertos/list.o
LOAD ./freertos/port.o
LOAD ./freertos/queue.o
LOAD ./freertos/tasks.o
LOAD ./freertos/timers.o
LOAD ./freertos/trcKernelPort.o
LOAD ./freertos/trcSnapshotRecorder.o
LOAD ./freertos/trcStreamingRecorder.o
LOAD ./drivers/fsl_adc16.o
LOAD ./drivers/fsl_clock.o
LOAD ./drivers/fsl_cmp.o
LOAD ./drivers/fsl_cmt.o
LOAD ./drivers/fsl_common.o
LOAD ./drivers/fsl_crc.o
LOAD ./drivers/fsl_dac.o
LOAD ./drivers/fsl_dmamux.o
LOAD ./drivers/fsl_dspi.o
LOAD ./drivers/fsl_dspi_edma.o
LOAD ./drivers/fsl_dspi_freertos.o
LOAD ./drivers/fsl_edma.o
LOAD ./drivers/fsl_enet.o
LOAD ./drivers/fsl_ewm.o
LOAD ./drivers/fsl_flash.o
LOAD ./drivers/fsl_flexbus.o
LOAD ./drivers/fsl_flexcan.o
LOAD ./drivers/fsl_ftm.o
LOAD ./drivers/fsl_gpio.o
LOAD ./drivers/fsl_i2c.o
LOAD ./drivers/fsl_i2c_edma.o
LOAD ./drivers/fsl_i2c_freertos.o
LOAD ./drivers/fsl_llwu.o
LOAD ./drivers/fsl_lptmr.o
LOAD ./drivers/fsl_pdb.o
LOAD ./drivers/fsl_pit.o
LOAD ./drivers/fsl_pmc.o
LOAD ./drivers/fsl_rcm.o
LOAD ./drivers/fsl_rnga.o
LOAD ./drivers/fsl_rtc.o
LOAD ./drivers/fsl_sai.o
LOAD ./drivers/fsl_sai_edma.o
LOAD ./drivers/fsl_sdhc.o
LOAD ./drivers/fsl_sim.o
LOAD ./drivers/fsl_smc.o
LOAD ./drivers/fsl_sysmpu.o
LOAD ./drivers/fsl_uart.o
LOAD ./drivers/fsl_uart_edma.o
LOAD ./drivers/fsl_uart_freertos.o
LOAD ./drivers/fsl_vref.o
LOAD ./drivers/fsl_wdog.o
LOAD ./board/board.o
LOAD ./board/clock_config.o
LOAD ./board/pin_mux.o
LOAD ./CMSIS/system_MK64F12.o
LOAD ./trcSnapshotRecorder.o
LOAD c:/freescale/kds_v3/toolchain/bin/../lib/gcc/arm-none-eabi/4.8.4/../../../../arm-none-eabi/lib/armv7e-m/fpu\libstdc++_s.a
LOAD c:/freescale/kds_v3/toolchain/bin/../lib/gcc/arm-none-eabi/4.8.4/../../../../arm-none-eabi/lib/armv7e-m/fpu\libm.a
START GROUP
LOAD c:/freescale/kds_v3/toolchain/bin/../lib/gcc/arm-none-eabi/4.8.4/armv7e-m/fpu\libgcc.a
LOAD c:/freescale/kds_v3/toolchain/bin/../lib/gcc/arm-none-eabi/4.8.4/../../../../arm-none-eabi/lib/armv7e-m/fpu\libg_s.a
LOAD c:/freescale/kds_v3/toolchain/bin/../lib/gcc/arm-none-eabi/4.8.4/../../../../arm-none-eabi/lib/armv7e-m/fpu\libc_s.a
END GROUP
START GROUP
LOAD c:/freescale/kds_v3/toolchain/bin/../lib/gcc/arm-none-eabi/4.8.4/armv7e-m/fpu\libgcc.a
LOAD c:/freescale/kds_v3/toolchain/bin/../lib/gcc/arm-none-eabi/4.8.4/../../../../arm-none-eabi/lib/armv7e-m/fpu\libc_s.a
LOAD c:/freescale/kds_v3/toolchain/bin/../lib/gcc/arm-none-eabi/4.8.4/../../../../arm-none-eabi/lib/armv7e-m/fpu\libnosys.a
END GROUP
START GROUP
LOAD c:/freescale/kds_v3/toolchain/bin/../lib/gcc/arm-none-eabi/4.8.4/armv7e-m/fpu\libgcc.a
LOAD c:/freescale/kds_v3/toolchain/bin/../lib/gcc/arm-none-eabi/4.8.4/../../../../arm-none-eabi/lib/armv7e-m/fpu\libc_s.a
LOAD c:/freescale/kds_v3/toolchain/bin/../lib/gcc/arm-none-eabi/4.8.4/../../../../arm-none-eabi/lib/armv7e-m/fpu\libnosys.a
END GROUP
LOAD c:/freescale/kds_v3/toolchain/bin/../lib/gcc/arm-none-eabi/4.8.4/armv7e-m/fpu/crtend.o
LOAD c:/freescale/kds_v3/toolchain/bin/../lib/gcc/arm-none-eabi/4.8.4/armv7e-m/fpu/crtn.o
                0x00000400                HEAP_SIZE = DEFINED (__heap_size__)?__heap_size__:0x400
                0x00000400                STACK_SIZE = DEFINED (__stack_size__)?__stack_size__:0x400
                0x00000000                M_VECTOR_RAM_SIZE = DEFINED (__ram_vector_table__)?0x400:0x0

.interrupts     0x00000000      0x400
                0x00000000                __VECTOR_TABLE = .
                0x00000000                . = ALIGN (0x4)
 *(.isr_vector)
 .isr_vector    0x00000000      0x400 ./startup/startup_MK64F12.o
                0x00000000                __isr_vector
                0x00000400                . = ALIGN (0x4)

.flash_config   0x00000400       0x10
                0x00000400                . = ALIGN (0x4)
 *(.FlashConfig)
 .FlashConfig   0x00000400       0x10 ./startup/startup_MK64F12.o
                0x00000410                . = ALIGN (0x4)

.text           0x00000410     0x86dc
                0x00000410                . = ALIGN (0x4)
 *(.text)
 .text          0x00000410       0x54 c:/freescale/kds_v3/toolchain/bin/../lib/gcc/arm-none-eabi/4.8.4/armv7e-m/fpu/crtbegin.o
 .text          0x00000464       0x74 c:/freescale/kds_v3/toolchain/bin/../lib/gcc/arm-none-eabi/4.8.4/../../../../arm-none-eabi/lib/armv7e-m/fpu/crt0.o
                0x00000464                _start
                0x00000464                _mainCRTStartup
 .text          0x000004d8      0x1e8 ./startup/startup_MK64F12.o
                0x000004d8                Reset_Handler
                0x00000520                DebugMon_Handler
                0x00000520                PORTC_IRQHandler
                0x00000520                USBDCD_IRQHandler
                0x00000520                DMA_Error_DriverIRQHandler
                0x00000520                CMP0_IRQHandler
                0x00000520                UART4_ERR_DriverIRQHandler
                0x00000520                ENET_Transmit_DriverIRQHandler
                0x00000520                UART1_ERR_DriverIRQHandler
                0x00000520                BusFault_Handler
                0x00000520                LPTMR0_IRQHandler
                0x00000520                PIT0_IRQHandler
                0x00000520                FTM2_IRQHandler
                0x00000520                CMP2_IRQHandler
                0x00000520                LLWU_IRQHandler
                0x00000520                PORTE_IRQHandler
                0x00000520                ENET_1588_Timer_DriverIRQHandler
                0x00000520                SWI_IRQHandler
                0x00000520                ADC0_IRQHandler
                0x00000520                UsageFault_Handler
                0x00000520                FTM3_IRQHandler
                0x00000520                CMT_IRQHandler
                0x00000520                MCM_IRQHandler
                0x00000520                DAC1_IRQHandler
                0x00000520                DefaultISR
                0x00000520                PORTA_IRQHandler
                0x00000520                UART5_ERR_DriverIRQHandler
                0x00000520                FTM0_IRQHandler
                0x00000520                CMP1_IRQHandler
                0x00000520                Reserved71_IRQHandler
                0x00000520                PORTD_IRQHandler
                0x00000520                PORTB_IRQHandler
                0x00000520                LVD_LVW_IRQHandler
                0x00000520                UART2_ERR_DriverIRQHandler
                0x00000520                ADC1_IRQHandler
                0x00000520                PIT1_IRQHandler
                0x00000520                PIT2_IRQHandler
                0x00000520                ENET_Error_DriverIRQHandler
                0x00000520                DAC0_IRQHandler
                0x00000520                RTC_IRQHandler
                0x00000520                UART3_ERR_DriverIRQHandler
                0x00000520                PDB0_IRQHandler
                0x00000520                UART0_ERR_DriverIRQHandler
                0x00000520                FTM1_IRQHandler
                0x00000520                ENET_Receive_DriverIRQHandler
                0x00000520                Read_Collision_IRQHandler
                0x00000520                PIT3_IRQHandler
                0x00000520                RNG_IRQHandler
                0x00000520                RTC_Seconds_IRQHandler
                0x00000520                MCG_IRQHandler
                0x00000520                FTFE_IRQHandler
                0x00000520                WDOG_EWM_IRQHandler
                0x00000520                UART0_LON_DriverIRQHandler
                0x00000520                MemManage_Handler
                0x00000520                USB0_IRQHandler
                0x00000524                NMI_Handler
                0x00000528                HardFault_Handler
                0x00000538                DMA0_IRQHandler
                0x0000053c                DMA1_IRQHandler
                0x00000540                DMA2_IRQHandler
                0x00000544                DMA3_IRQHandler
                0x00000548                DMA4_IRQHandler
                0x0000054c                DMA5_IRQHandler
                0x00000550                DMA6_IRQHandler
                0x00000554                DMA7_IRQHandler
                0x00000558                DMA8_IRQHandler
                0x0000055c                DMA9_IRQHandler
                0x00000560                DMA10_IRQHandler
                0x00000564                DMA11_IRQHandler
                0x00000568                DMA12_IRQHandler
                0x0000056c                DMA13_IRQHandler
                0x00000570                DMA14_IRQHandler
                0x00000574                DMA15_IRQHandler
                0x00000578                DMA_Error_IRQHandler
                0x0000057c                I2C0_IRQHandler
                0x00000580                I2C1_IRQHandler
                0x00000584                SPI0_IRQHandler
                0x00000588                SPI1_IRQHandler
                0x0000058c                I2S0_Tx_IRQHandler
                0x00000590                I2S0_Rx_IRQHandler
                0x00000594                UART0_LON_IRQHandler
                0x00000598                UART0_RX_TX_IRQHandler
                0x0000059c                UART0_ERR_IRQHandler
                0x000005a0                UART1_RX_TX_IRQHandler
                0x000005a4                UART1_ERR_IRQHandler
                0x000005a8                UART2_RX_TX_IRQHandler
                0x000005ac                UART2_ERR_IRQHandler
                0x000005b0                UART3_RX_TX_IRQHandler
                0x000005b4                UART3_ERR_IRQHandler
                0x000005b8                SPI2_IRQHandler
                0x000005bc                UART4_RX_TX_IRQHandler
                0x000005c0                UART4_ERR_IRQHandler
                0x000005c4                UART5_RX_TX_IRQHandler
                0x000005c8                UART5_ERR_IRQHandler
                0x000005cc                I2C2_IRQHandler
                0x000005d0                CAN0_ORed_Message_buffer_IRQHandler
                0x000005d4                CAN0_Bus_Off_IRQHandler
                0x000005d8                CAN0_Error_IRQHandler
                0x000005dc                CAN0_Tx_Warning_IRQHandler
                0x000005e0                CAN0_Rx_Warning_IRQHandler
                0x000005e4                CAN0_Wake_Up_IRQHandler
                0x000005e8                SDHC_IRQHandler
 *(.text*)
 .text.UART_EnableTx
                0x000006c0       0x40 ./utilities/fsl_debug_console.o
 .text.UART_EnableRx
                0x00000700       0x40 ./utilities/fsl_debug_console.o
 .text.DbgConsole_Init
                0x00000740       0x94 ./utilities/fsl_debug_console.o
                0x00000740                DbgConsole_Init
 .text.DbgConsole_Printf
                0x000007d4       0x40 ./utilities/fsl_debug_console.o
                0x000007d4                DbgConsole_Printf
 .text.DbgConsole_Putchar
                0x00000814       0x38 ./utilities/fsl_debug_console.o
                0x00000814                DbgConsole_Putchar
 .text.DbgConsole_PrintfPaddingCharacter
                0x0000084c       0x40 ./utilities/fsl_debug_console.o
 .text.DbgConsole_ConvertRadixNumToString
                0x0000088c      0x118 ./utilities/fsl_debug_console.o
 .text.DbgConsole_PrintfFormattedData
                0x000009a4      0x36c ./utilities/fsl_debug_console.o
 .text._write   0x00000d10       0x58 ./utilities/fsl_debug_console.o
                0x00000d10                _write
 .text._read    0x00000d68       0x44 ./utilities/fsl_debug_console.o
                0x00000d68                _read
 .text._sbrk    0x00000dac       0x5c ./utilities/fsl_sbrk.o
                0x00000dac                _sbrk
 .text.CLOCK_EnableClock
                0x00000e08       0x34 ./source/main.o
 .text.GPIO_WritePinOutput
                0x00000e3c       0x34 ./source/main.o
 .text.GPIO_SetPinsOutput
                0x00000e70       0x1c ./source/main.o
 .text.GPIO_TogglePinsOutput
                0x00000e8c       0x1c ./source/main.o
 .text.PORT_SetPinMux
                0x00000ea8       0x38 ./source/main.o
 .text.aperiodic_task
                0x00000ee0       0x58 ./source/main.o
 .text.red_task
                0x00000f38       0x28 ./source/main.o
 .text.temperature_task
                0x00000f60       0x3c ./source/main.o
 .text.main     0x00000f9c       0xf0 ./source/main.o
                0x00000f9c                main
 .text._DoInit  0x0000108c       0xa0 ./freertos/SEGGER_RTT.o
 .text._WriteBlocking
                0x0000112c       0xb4 ./freertos/SEGGER_RTT.o
 .text._WriteNoCheck
                0x000011e0       0x80 ./freertos/SEGGER_RTT.o
 .text._GetAvailWriteSpace
                0x00001260       0x48 ./freertos/SEGGER_RTT.o
 .text.SEGGER_RTT_ReadNoLock
                0x000012a8      0x104 ./freertos/SEGGER_RTT.o
                0x000012a8                SEGGER_RTT_ReadNoLock
 .text.SEGGER_RTT_Read
                0x000013ac       0x38 ./freertos/SEGGER_RTT.o
                0x000013ac                SEGGER_RTT_Read
 .text.SEGGER_RTT_WriteNoLock
                0x000013e4       0x9c ./freertos/SEGGER_RTT.o
                0x000013e4                SEGGER_RTT_WriteNoLock
 .text.SEGGER_RTT_Write
                0x00001480       0x48 ./freertos/SEGGER_RTT.o
                0x00001480                SEGGER_RTT_Write
 .text.SEGGER_RTT_ConfigUpBuffer
                0x000014c8       0xd4 ./freertos/SEGGER_RTT.o
                0x000014c8                SEGGER_RTT_ConfigUpBuffer
 .text.SEGGER_RTT_ConfigDownBuffer
                0x0000159c       0xd4 ./freertos/SEGGER_RTT.o
                0x0000159c                SEGGER_RTT_ConfigDownBuffer
 .text.vPortSetupTimerInterrupt
                0x00001670       0x40 ./freertos/fsl_tickless_lptmr.o
                0x00001670                vPortSetupTimerInterrupt
 .text.pvPortMalloc
                0x000016b0      0x190 ./freertos/heap_4.o
                0x000016b0                pvPortMalloc
 .text.vPortFree
                0x00001840       0xc0 ./freertos/heap_4.o
                0x00001840                vPortFree
 .text.prvHeapInit
                0x00001900       0xc4 ./freertos/heap_4.o
 .text.prvInsertBlockIntoFreeList
                0x000019c4       0xb0 ./freertos/heap_4.o
 .text.vListInitialise
                0x00001a74       0x40 ./freertos/list.o
                0x00001a74                vListInitialise
 .text.vListInitialiseItem
                0x00001ab4       0x18 ./freertos/list.o
                0x00001ab4                vListInitialiseItem
 .text.vListInsertEnd
                0x00001acc       0x48 ./freertos/list.o
                0x00001acc                vListInsertEnd
 .text.vListInsert
                0x00001b14       0x70 ./freertos/list.o
                0x00001b14                vListInsert
 .text.uxListRemove
                0x00001b84       0x54 ./freertos/list.o
                0x00001b84                uxListRemove
 .text.pxPortInitialiseStack
                0x00001bd8       0x68 ./freertos/port.o
                0x00001bd8                pxPortInitialiseStack
 .text.prvTaskExitError
                0x00001c40       0x3c ./freertos/port.o
 *fill*         0x00001c7c        0x4 
 .text.SVC_Handler
                0x00001c80       0x30 ./freertos/port.o
                0x00001c80                SVC_Handler
 .text.prvPortStartFirstTask
                0x00001cb0       0x20 ./freertos/port.o
 .text.xPortStartScheduler
                0x00001cd0      0x118 ./freertos/port.o
                0x00001cd0                xPortStartScheduler
 .text.vPortEnterCritical
                0x00001de8       0x5c ./freertos/port.o
                0x00001de8                vPortEnterCritical
 .text.vPortExitCritical
                0x00001e44       0x4c ./freertos/port.o
                0x00001e44                vPortExitCritical
 .text.PendSV_Handler
                0x00001e90       0x70 ./freertos/port.o
                0x00001e90                PendSV_Handler
 .text.SysTick_Handler
                0x00001f00       0x40 ./freertos/port.o
                0x00001f00                SysTick_Handler
 .text.vPortEnableVFP
                0x00001f40       0x14 ./freertos/port.o
 .text.vPortValidateInterruptPriority
                0x00001f54       0x78 ./freertos/port.o
                0x00001f54                vPortValidateInterruptPriority
 .text.xQueueGenericReset
                0x00001fcc       0xd0 ./freertos/queue.o
                0x00001fcc                xQueueGenericReset
 .text.xQueueGenericCreate
                0x0000209c       0x70 ./freertos/queue.o
                0x0000209c                xQueueGenericCreate
 .text.prvInitialiseNewQueue
                0x0000210c       0x74 ./freertos/queue.o
 .text.xQueueGenericSend
                0x00002180      0x374 ./freertos/queue.o
                0x00002180                xQueueGenericSend
 .text.xQueueGenericSendFromISR
                0x000024f4      0x1b0 ./freertos/queue.o
                0x000024f4                xQueueGenericSendFromISR
 .text.xQueueGenericReceive
                0x000026a4      0x440 ./freertos/queue.o
                0x000026a4                xQueueGenericReceive
 .text.prvCopyDataToQueue
                0x00002ae4       0xd8 ./freertos/queue.o
 .text.prvCopyDataFromQueue
                0x00002bbc       0x4c ./freertos/queue.o
 .text.prvUnlockQueue
                0x00002c08       0xa0 ./freertos/queue.o
 .text.prvIsQueueEmpty
                0x00002ca8       0x2c ./freertos/queue.o
 .text.prvIsQueueFull
                0x00002cd4       0x30 ./freertos/queue.o
 .text.vQueueAddToRegistry
                0x00002d04       0x60 ./freertos/queue.o
                0x00002d04                vQueueAddToRegistry
 .text.vQueueWaitForMessageRestricted
                0x00002d64       0x6c ./freertos/queue.o
                0x00002d64                vQueueWaitForMessageRestricted
 .text.xTaskCreate
                0x00002dd0       0x84 ./freertos/tasks.o
                0x00002dd0                xTaskCreate
 .text.prvInitialiseNewTask
                0x00002e54      0x130 ./freertos/tasks.o
 .text.prvAddNewTaskToReadyList
                0x00002f84      0x124 ./freertos/tasks.o
 .text.vTaskDelay
                0x000030a8       0x6c ./freertos/tasks.o
                0x000030a8                vTaskDelay
 .text.vTaskStartScheduler
                0x00003114       0x94 ./freertos/tasks.o
                0x00003114                vTaskStartScheduler
 .text.vTaskSuspendAll
                0x000031a8       0x1c ./freertos/tasks.o
                0x000031a8                vTaskSuspendAll
 .text.xTaskResumeAll
                0x000031c4      0x140 ./freertos/tasks.o
                0x000031c4                xTaskResumeAll
 .text.xTaskGetTickCount
                0x00003304       0x20 ./freertos/tasks.o
                0x00003304                xTaskGetTickCount
 .text.xTaskIncrementTick
                0x00003324      0x19c ./freertos/tasks.o
                0x00003324                xTaskIncrementTick
 .text.vTaskSwitchContext
                0x000034c0       0xd4 ./freertos/tasks.o
                0x000034c0                vTaskSwitchContext
 .text.vTaskPlaceOnEventList
                0x00003594       0x44 ./freertos/tasks.o
                0x00003594                vTaskPlaceOnEventList
 .text.vTaskPlaceOnEventListRestricted
                0x000035d8       0x68 ./freertos/tasks.o
                0x000035d8                vTaskPlaceOnEventListRestricted
 .text.xTaskRemoveFromEventList
                0x00003640       0xcc ./freertos/tasks.o
                0x00003640                xTaskRemoveFromEventList
 .text.vTaskSetTimeOutState
                0x0000370c       0x44 ./freertos/tasks.o
                0x0000370c                vTaskSetTimeOutState
 .text.xTaskCheckForTimeOut
                0x00003750       0xbc ./freertos/tasks.o
                0x00003750                xTaskCheckForTimeOut
 .text.vTaskMissedYield
                0x0000380c       0x18 ./freertos/tasks.o
                0x0000380c                vTaskMissedYield
 .text.prvIdleTask
                0x00003824       0x30 ./freertos/tasks.o
 .text.prvInitialiseTaskLists
                0x00003854       0x7c ./freertos/tasks.o
 .text.prvCheckTasksWaitingTermination
                0x000038d0       0x74 ./freertos/tasks.o
 .text.prvDeleteTCB
                0x00003944       0x20 ./freertos/tasks.o
 .text.prvResetNextTaskUnblockTime
                0x00003964       0x48 ./freertos/tasks.o
 .text.xTaskGetCurrentTaskHandle
                0x000039ac       0x20 ./freertos/tasks.o
                0x000039ac                xTaskGetCurrentTaskHandle
 .text.xTaskGetSchedulerState
                0x000039cc       0x3c ./freertos/tasks.o
                0x000039cc                xTaskGetSchedulerState
 .text.vTaskPriorityInherit
                0x00003a08      0x108 ./freertos/tasks.o
                0x00003a08                vTaskPriorityInherit
 .text.xTaskPriorityDisinherit
                0x00003b10      0x120 ./freertos/tasks.o
                0x00003b10                xTaskPriorityDisinherit
 .text.pvTaskIncrementMutexHeldCount
                0x00003c30       0x28 ./freertos/tasks.o
                0x00003c30                pvTaskIncrementMutexHeldCount
 .text.prvAddCurrentTaskToDelayedList
                0x00003c58       0xc8 ./freertos/tasks.o
 .text.xTimerCreateTimerTask
                0x00003d20       0x60 ./freertos/timers.o
                0x00003d20                xTimerCreateTimerTask
 .text.xTimerGenericCommand
                0x00003d80      0x1c0 ./freertos/timers.o
                0x00003d80                xTimerGenericCommand
 .text.prvProcessExpiredTimer
                0x00003f40       0x80 ./freertos/timers.o
 .text.prvTimerTask
                0x00003fc0       0x24 ./freertos/timers.o
 .text.prvProcessTimerOrBlockTask
                0x00003fe4       0x9c ./freertos/timers.o
 .text.prvGetNextExpireTime
                0x00004080       0x48 ./freertos/timers.o
 .text.prvSampleTimeNow
                0x000040c8       0x40 ./freertos/timers.o
 .text.prvInsertTimerInActiveList
                0x00004108       0x84 ./freertos/timers.o
 .text.prvProcessReceivedCommands
                0x0000418c      0x164 ./freertos/timers.o
 .text.prvSwitchTimerLists
                0x000042f0       0xc0 ./freertos/timers.o
 .text.prvCheckForValidListAndQueue
                0x000043b0       0x6c ./freertos/timers.o
 .text.vTraceEnable
                0x0000441c      0x10c ./freertos/trcKernelPort.o
                0x0000441c                vTraceEnable
 .text.prvTraceOnBegin
                0x00004528        0xc ./freertos/trcKernelPort.o
                0x00004528                prvTraceOnBegin
 .text.prvTraceOnEnd
                0x00004534        0xc ./freertos/trcKernelPort.o
                0x00004534                prvTraceOnEnd
 .text.prvTraceGetCurrentTaskHandle
                0x00004540       0x10 ./freertos/trcKernelPort.o
                0x00004540                prvTraceGetCurrentTaskHandle
 .text.prvIsNewTCB
                0x00004550       0x30 ./freertos/trcKernelPort.o
                0x00004550                prvIsNewTCB
 .text.prvCheckRecorderStatus
                0x00004580       0xdc ./freertos/trcKernelPort.o
 .text.TzCtrl   0x0000465c       0x6c ./freertos/trcKernelPort.o
 .text.xTraceRegisterString
                0x000046c8       0x28 ./freertos/trcStreamingRecorder.o
                0x000046c8                xTraceRegisterString
 .text.vTracePrintF
                0x000046f0       0xa8 ./freertos/trcStreamingRecorder.o
                0x000046f0                vTracePrintF
 .text.prvSetRecorderEnabled
                0x00004798       0xa0 ./freertos/trcStreamingRecorder.o
 .text.prvTraceStoreSymbolTable
                0x00004838       0x94 ./freertos/trcStreamingRecorder.o
 .text.prvTraceStoreObjectDataTable
                0x000048cc       0x90 ./freertos/trcStreamingRecorder.o
 .text.prvTraceStoreHeader
                0x0000495c       0x90 ./freertos/trcStreamingRecorder.o
 .text.prvTraceStoreWarnings
                0x000049ec      0x110 ./freertos/trcStreamingRecorder.o
 .text.prvTraceStoreEvent1
                0x00004afc       0x98 ./freertos/trcStreamingRecorder.o
                0x00004afc                prvTraceStoreEvent1
 .text.prvTraceStoreEvent2
                0x00004b94       0xa0 ./freertos/trcStreamingRecorder.o
                0x00004b94                prvTraceStoreEvent2
 .text.prvTraceStoreEvent3
                0x00004c34       0xa8 ./freertos/trcStreamingRecorder.o
                0x00004c34                prvTraceStoreEvent3
 .text.prvTraceStoreEvent
                0x00004cdc       0xdc ./freertos/trcStreamingRecorder.o
                0x00004cdc                prvTraceStoreEvent
 .text.prvTraceStoreStringEvent
                0x00004db8       0x34 ./freertos/trcStreamingRecorder.o
                0x00004db8                prvTraceStoreStringEvent
 .text.prvTraceStoreStringEventHelper
                0x00004dec      0x1fc ./freertos/trcStreamingRecorder.o
 .text.prvTraceSaveSymbol
                0x00004fe8      0x118 ./freertos/trcStreamingRecorder.o
                0x00004fe8                prvTraceSaveSymbol
 .text.prvTraceSaveObjectData
                0x00005100       0xbc ./freertos/trcStreamingRecorder.o
                0x00005100                prvTraceSaveObjectData
 .text.prvIsValidCommand
                0x000051bc       0x78 ./freertos/trcStreamingRecorder.o
                0x000051bc                prvIsValidCommand
 .text.prvProcessCommand
                0x00005234       0x24 ./freertos/trcStreamingRecorder.o
                0x00005234                prvProcessCommand
 .text.prvTraceError
                0x00005258       0x40 ./freertos/trcStreamingRecorder.o
                0x00005258                prvTraceError
 .text.prvTraceInitCortexM
                0x00005298       0x64 ./freertos/trcStreamingRecorder.o
                0x00005298                prvTraceInitCortexM
 .text.prvGetTimestamp32
                0x000052fc       0x18 ./freertos/trcStreamingRecorder.o
 .text.prvTraceStoreTSConfig
                0x00005314       0x3c ./freertos/trcStreamingRecorder.o
 .text.CLOCK_SetEr32kClock
                0x00005350       0x2c ./drivers/fsl_clock.o
 .text.CLOCK_SetPllFllSelClock
                0x0000537c       0x38 ./drivers/fsl_clock.o
 .text.OSC_SetExtRefClkConfig
                0x000053b4       0x34 ./drivers/fsl_clock.o
 .text.OSC_SetCapLoad
                0x000053e8       0x34 ./drivers/fsl_clock.o
 .text.CLOCK_GetMcgExtClkFreq
                0x0000541c       0x8c ./drivers/fsl_clock.o
 .text.CLOCK_GetFllExtRefClkFreq
                0x000054a8       0xc8 ./drivers/fsl_clock.o
 .text.CLOCK_GetInternalRefClkSelectFreq
                0x00005570       0x44 ./drivers/fsl_clock.o
 .text.CLOCK_GetFllRefClkFreq
                0x000055b4       0x2c ./drivers/fsl_clock.o
 .text.CLOCK_GetPll0RefFreq
                0x000055e0       0x10 ./drivers/fsl_clock.o
 .text.CLOCK_GetOscRangeFromFreq
                0x000055f0       0x3c ./drivers/fsl_clock.o
 .text.CLOCK_GetCoreSysClkFreq
                0x0000562c       0x24 ./drivers/fsl_clock.o
                0x0000562c                CLOCK_GetCoreSysClkFreq
 .text.CLOCK_SetSimConfig
                0x00005650       0x34 ./drivers/fsl_clock.o
                0x00005650                CLOCK_SetSimConfig
 .text.CLOCK_GetOutClkFreq
                0x00005684       0x64 ./drivers/fsl_clock.o
                0x00005684                CLOCK_GetOutClkFreq
 .text.CLOCK_GetFllFreq
                0x000056e8       0x74 ./drivers/fsl_clock.o
                0x000056e8                CLOCK_GetFllFreq
 .text.CLOCK_GetPll0Freq
                0x0000575c       0x78 ./drivers/fsl_clock.o
                0x0000575c                CLOCK_GetPll0Freq
 .text.CLOCK_SetExternalRefClkConfig
                0x000057d4       0x6c ./drivers/fsl_clock.o
                0x000057d4                CLOCK_SetExternalRefClkConfig
 .text.CLOCK_SetInternalRefClkConfig
                0x00005840      0x104 ./drivers/fsl_clock.o
                0x00005840                CLOCK_SetInternalRefClkConfig
 .text.CLOCK_EnablePll0
                0x00005944       0x94 ./drivers/fsl_clock.o
                0x00005944                CLOCK_EnablePll0
 .text.CLOCK_InitOsc0
                0x000059d8       0x8c ./drivers/fsl_clock.o
                0x000059d8                CLOCK_InitOsc0
 .text.CLOCK_SetPbeMode
                0x00005a64       0xb8 ./drivers/fsl_clock.o
                0x00005a64                CLOCK_SetPbeMode
 .text.CLOCK_BootToPeeMode
                0x00005b1c       0x74 ./drivers/fsl_clock.o
                0x00005b1c                CLOCK_BootToPeeMode
 .text.__assert_func
                0x00005b90       0x28 ./drivers/fsl_common.o
                0x00005b90                __assert_func
 .text.DSPI_IsMaster
                0x00005bb8       0x1c ./drivers/fsl_dspi.o
 .text.DSPI_CommonIRQHandler
                0x00005bd4       0x3c ./drivers/fsl_dspi.o
 .text.SPI0_DriverIRQHandler
                0x00005c10       0x3c ./drivers/fsl_dspi.o
                0x00005c10                SPI0_DriverIRQHandler
 .text.SPI1_DriverIRQHandler
                0x00005c4c       0x3c ./drivers/fsl_dspi.o
                0x00005c4c                SPI1_DriverIRQHandler
 .text.SPI2_DriverIRQHandler
                0x00005c88       0x3c ./drivers/fsl_dspi.o
                0x00005c88                SPI2_DriverIRQHandler
 .text.EDMA_HandleIRQ
                0x00005cc4      0x15c ./drivers/fsl_edma.o
                0x00005cc4                EDMA_HandleIRQ
 .text.DMA0_DriverIRQHandler
                0x00005e20       0x14 ./drivers/fsl_edma.o
                0x00005e20                DMA0_DriverIRQHandler
 .text.DMA1_DriverIRQHandler
                0x00005e34       0x14 ./drivers/fsl_edma.o
                0x00005e34                DMA1_DriverIRQHandler
 .text.DMA2_DriverIRQHandler
                0x00005e48       0x14 ./drivers/fsl_edma.o
                0x00005e48                DMA2_DriverIRQHandler
 .text.DMA3_DriverIRQHandler
                0x00005e5c       0x14 ./drivers/fsl_edma.o
                0x00005e5c                DMA3_DriverIRQHandler
 .text.DMA4_DriverIRQHandler
                0x00005e70       0x14 ./drivers/fsl_edma.o
                0x00005e70                DMA4_DriverIRQHandler
 .text.DMA5_DriverIRQHandler
                0x00005e84       0x14 ./drivers/fsl_edma.o
                0x00005e84                DMA5_DriverIRQHandler
 .text.DMA6_DriverIRQHandler
                0x00005e98       0x14 ./drivers/fsl_edma.o
                0x00005e98                DMA6_DriverIRQHandler
 .text.DMA7_DriverIRQHandler
                0x00005eac       0x14 ./drivers/fsl_edma.o
                0x00005eac                DMA7_DriverIRQHandler
 .text.DMA8_DriverIRQHandler
                0x00005ec0       0x14 ./drivers/fsl_edma.o
                0x00005ec0                DMA8_DriverIRQHandler
 .text.DMA9_DriverIRQHandler
                0x00005ed4       0x14 ./drivers/fsl_edma.o
                0x00005ed4                DMA9_DriverIRQHandler
 .text.DMA10_DriverIRQHandler
                0x00005ee8       0x14 ./drivers/fsl_edma.o
                0x00005ee8                DMA10_DriverIRQHandler
 .text.DMA11_DriverIRQHandler
                0x00005efc       0x14 ./drivers/fsl_edma.o
                0x00005efc                DMA11_DriverIRQHandler
 .text.DMA12_DriverIRQHandler
                0x00005f10       0x14 ./drivers/fsl_edma.o
                0x00005f10                DMA12_DriverIRQHandler
 .text.DMA13_DriverIRQHandler
                0x00005f24       0x14 ./drivers/fsl_edma.o
                0x00005f24                DMA13_DriverIRQHandler
 .text.DMA14_DriverIRQHandler
                0x00005f38       0x14 ./drivers/fsl_edma.o
                0x00005f38                DMA14_DriverIRQHandler
 .text.DMA15_DriverIRQHandler
                0x00005f4c       0x14 ./drivers/fsl_edma.o
                0x00005f4c                DMA15_DriverIRQHandler
 .text.ENET_Transmit_IRQHandler
                0x00005f60       0x20 ./drivers/fsl_enet.o
                0x00005f60                ENET_Transmit_IRQHandler
 .text.ENET_Receive_IRQHandler
                0x00005f80       0x20 ./drivers/fsl_enet.o
                0x00005f80                ENET_Receive_IRQHandler
 .text.ENET_Error_IRQHandler
                0x00005fa0       0x20 ./drivers/fsl_enet.o
                0x00005fa0                ENET_Error_IRQHandler
 .text.ENET_1588_Timer_IRQHandler
                0x00005fc0       0x20 ./drivers/fsl_enet.o
                0x00005fc0                ENET_1588_Timer_IRQHandler
 .text.CAN0_DriverIRQHandler
                0x00005fe0       0x44 ./drivers/fsl_flexcan.o
                0x00005fe0                CAN0_DriverIRQHandler
 .text.I2C_TransferCommonIRQHandler
                0x00006024       0x50 ./drivers/fsl_i2c.o
 .text.I2C0_DriverIRQHandler
                0x00006074       0x1c ./drivers/fsl_i2c.o
                0x00006074                I2C0_DriverIRQHandler
 .text.I2C1_DriverIRQHandler
                0x00006090       0x1c ./drivers/fsl_i2c.o
                0x00006090                I2C1_DriverIRQHandler
 .text.I2C2_DriverIRQHandler
                0x000060ac       0x1c ./drivers/fsl_i2c.o
                0x000060ac                I2C2_DriverIRQHandler
 .text.I2S0_Tx_DriverIRQHandler
                0x000060c8       0x44 ./drivers/fsl_sai.o
                0x000060c8                I2S0_Tx_DriverIRQHandler
 .text.I2S0_Rx_DriverIRQHandler
                0x0000610c       0x44 ./drivers/fsl_sai.o
                0x0000610c                I2S0_Rx_DriverIRQHandler
 .text.SDHC_DriverIRQHandler
                0x00006150       0x44 ./drivers/fsl_sdhc.o
                0x00006150                SDHC_DriverIRQHandler
 .text.CLOCK_EnableClock
                0x00006194       0x34 ./drivers/fsl_uart.o
 .text.UART_GetInstance
                0x000061c8       0x60 ./drivers/fsl_uart.o
                0x000061c8                UART_GetInstance
 .text.UART_Init
                0x00006228      0x2d8 ./drivers/fsl_uart.o
                0x00006228                UART_Init
 .text.UART_GetDefaultConfig
                0x00006500       0x5c ./drivers/fsl_uart.o
                0x00006500                UART_GetDefaultConfig
 .text.UART_GetStatusFlags
                0x0000655c       0x48 ./drivers/fsl_uart.o
                0x0000655c                UART_GetStatusFlags
 .text.UART_WriteBlocking
                0x000065a4       0x40 ./drivers/fsl_uart.o
                0x000065a4                UART_WriteBlocking
 .text.UART_ReadBlocking
                0x000065e4       0xa4 ./drivers/fsl_uart.o
                0x000065e4                UART_ReadBlocking
 .text.UART0_DriverIRQHandler
                0x00006688       0x20 ./drivers/fsl_uart.o
                0x00006688                UART0_DriverIRQHandler
 .text.UART0_RX_TX_DriverIRQHandler
                0x000066a8        0xc ./drivers/fsl_uart.o
                0x000066a8                UART0_RX_TX_DriverIRQHandler
 .text.UART1_DriverIRQHandler
                0x000066b4       0x20 ./drivers/fsl_uart.o
                0x000066b4                UART1_DriverIRQHandler
 .text.UART1_RX_TX_DriverIRQHandler
                0x000066d4        0xc ./drivers/fsl_uart.o
                0x000066d4                UART1_RX_TX_DriverIRQHandler
 .text.UART2_DriverIRQHandler
                0x000066e0       0x20 ./drivers/fsl_uart.o
                0x000066e0                UART2_DriverIRQHandler
 .text.UART2_RX_TX_DriverIRQHandler
                0x00006700        0xc ./drivers/fsl_uart.o
                0x00006700                UART2_RX_TX_DriverIRQHandler
 .text.UART3_DriverIRQHandler
                0x0000670c       0x20 ./drivers/fsl_uart.o
                0x0000670c                UART3_DriverIRQHandler
 .text.UART3_RX_TX_DriverIRQHandler
                0x0000672c        0xc ./drivers/fsl_uart.o
                0x0000672c                UART3_RX_TX_DriverIRQHandler
 .text.UART4_DriverIRQHandler
                0x00006738       0x20 ./drivers/fsl_uart.o
                0x00006738                UART4_DriverIRQHandler
 .text.UART4_RX_TX_DriverIRQHandler
                0x00006758        0xc ./drivers/fsl_uart.o
                0x00006758                UART4_RX_TX_DriverIRQHandler
 .text.UART5_DriverIRQHandler
                0x00006764       0x20 ./drivers/fsl_uart.o
                0x00006764                UART5_DriverIRQHandler
 .text.UART5_RX_TX_DriverIRQHandler
                0x00006784        0xc ./drivers/fsl_uart.o
                0x00006784                UART5_RX_TX_DriverIRQHandler
 .text.BOARD_InitDebugConsole
                0x00006790       0x24 ./board/board.o
                0x00006790                BOARD_InitDebugConsole
 .text.CLOCK_SetSimSafeDivs
                0x000067b4       0x20 ./board/clock_config.o
 .text.CLOCK_SetXtal0Freq
                0x000067d4       0x1c ./board/clock_config.o
 .text.CLOCK_CONFIG_SetFllExtRefDiv
                0x000067f0       0x38 ./board/clock_config.o
 .text.BOARD_BootClockRUN
                0x00006828       0x60 ./board/clock_config.o
                0x00006828                BOARD_BootClockRUN
 .text.CLOCK_EnableClock
                0x00006888       0x34 ./board/pin_mux.o
 .text.PORT_SetPinMux
                0x000068bc       0x38 ./board/pin_mux.o
 .text.BOARD_InitPins
                0x000068f4       0x44 ./board/pin_mux.o
                0x000068f4                BOARD_InitPins
 .text.SystemInit
                0x00006938       0x3c ./CMSIS/system_MK64F12.o
                0x00006938                SystemInit
 .text.__errno  0x00006974        0xc c:/freescale/kds_v3/toolchain/bin/../lib/gcc/arm-none-eabi/4.8.4/../../../../arm-none-eabi/lib/armv7e-m/fpu\libg_s.a(lib_a-errno.o)
                0x00006974                __errno
 .text.exit     0x00006980       0x28 c:/freescale/kds_v3/toolchain/bin/../lib/gcc/arm-none-eabi/4.8.4/../../../../arm-none-eabi/lib/armv7e-m/fpu\libg_s.a(lib_a-exit.o)
                0x00006980                exit
 .text.__libc_init_array
                0x000069a8       0x4c c:/freescale/kds_v3/toolchain/bin/../lib/gcc/arm-none-eabi/4.8.4/../../../../arm-none-eabi/lib/armv7e-m/fpu\libg_s.a(lib_a-init.o)
                0x000069a8                __libc_init_array
 .text.memcpy   0x000069f4       0x12 c:/freescale/kds_v3/toolchain/bin/../lib/gcc/arm-none-eabi/4.8.4/../../../../arm-none-eabi/lib/armv7e-m/fpu\libg_s.a(lib_a-memcpy-stub.o)
                0x000069f4                memcpy
 .text.memset   0x00006a06       0x10 c:/freescale/kds_v3/toolchain/bin/../lib/gcc/arm-none-eabi/4.8.4/../../../../arm-none-eabi/lib/armv7e-m/fpu\libg_s.a(lib_a-memset.o)
                0x00006a06                memset
 *fill*         0x00006a16        0x2 
 .text.printf   0x00006a18       0x30 c:/freescale/kds_v3/toolchain/bin/../lib/gcc/arm-none-eabi/4.8.4/../../../../arm-none-eabi/lib/armv7e-m/fpu\libg_s.a(lib_a-printf.o)
                0x00006a18                iprintf
                0x00006a18                printf
 .text._puts_r  0x00006a48       0xc0 c:/freescale/kds_v3/toolchain/bin/../lib/gcc/arm-none-eabi/4.8.4/../../../../arm-none-eabi/lib/armv7e-m/fpu\libg_s.a(lib_a-puts.o)
                0x00006a48                _puts_r
 .text.puts     0x00006b08       0x10 c:/freescale/kds_v3/toolchain/bin/../lib/gcc/arm-none-eabi/4.8.4/../../../../arm-none-eabi/lib/armv7e-m/fpu\libg_s.a(lib_a-puts.o)
                0x00006b08                puts
 .text.rand     0x00006b18       0x74 c:/freescale/kds_v3/toolchain/bin/../lib/gcc/arm-none-eabi/4.8.4/../../../../arm-none-eabi/lib/armv7e-m/fpu\libg_s.a(lib_a-rand.o)
                0x00006b18                rand
 .text.strlen   0x00006b8c       0x10 c:/freescale/kds_v3/toolchain/bin/../lib/gcc/arm-none-eabi/4.8.4/../../../../arm-none-eabi/lib/armv7e-m/fpu\libg_s.a(lib_a-strlen.o)
                0x00006b8c                strlen
 .text.__sfputc_r
                0x00006b9c       0x2c c:/freescale/kds_v3/toolchain/bin/../lib/gcc/arm-none-eabi/4.8.4/../../../../arm-none-eabi/lib/armv7e-m/fpu\libg_s.a(lib_a-vfprintf.o)
 .text.__sfputs_r
                0x00006bc8       0x24 c:/freescale/kds_v3/toolchain/bin/../lib/gcc/arm-none-eabi/4.8.4/../../../../arm-none-eabi/lib/armv7e-m/fpu\libg_s.a(lib_a-vfprintf.o)
                0x00006bc8                __sfputs_r
 .text._vfprintf_r
                0x00006bec      0x208 c:/freescale/kds_v3/toolchain/bin/../lib/gcc/arm-none-eabi/4.8.4/../../../../arm-none-eabi/lib/armv7e-m/fpu\libg_s.a(lib_a-vfprintf.o)
                0x00006bec                _vfprintf_r
                0x00006bec                _vfiprintf_r
 .text._printf_common
                0x00006df4       0xe4 c:/freescale/kds_v3/toolchain/bin/../lib/gcc/arm-none-eabi/4.8.4/../../../../arm-none-eabi/lib/armv7e-m/fpu\libg_s.a(lib_a-vfprintf_i.o)
                0x00006df4                _printf_common
 .text._printf_i
                0x00006ed8      0x228 c:/freescale/kds_v3/toolchain/bin/../lib/gcc/arm-none-eabi/4.8.4/../../../../arm-none-eabi/lib/armv7e-m/fpu\libg_s.a(lib_a-vfprintf_i.o)
                0x00006ed8                _printf_i
 .text.__swbuf_r
                0x00007100       0xa8 c:/freescale/kds_v3/toolchain/bin/../lib/gcc/arm-none-eabi/4.8.4/../../../../arm-none-eabi/lib/armv7e-m/fpu\libg_s.a(lib_a-wbuf.o)
                0x00007100                __swbuf_r
 .text.__swsetup_r
                0x000071a8       0xdc c:/freescale/kds_v3/toolchain/bin/../lib/gcc/arm-none-eabi/4.8.4/../../../../arm-none-eabi/lib/armv7e-m/fpu\libg_s.a(lib_a-wsetup.o)
                0x000071a8                __swsetup_r
 .text.__sflush_r
                0x00007284      0x106 c:/freescale/kds_v3/toolchain/bin/../lib/gcc/arm-none-eabi/4.8.4/../../../../arm-none-eabi/lib/armv7e-m/fpu\libg_s.a(lib_a-fflush.o)
                0x00007284                __sflush_r
 *fill*         0x0000738a        0x2 
 .text._fflush_r
                0x0000738c       0x54 c:/freescale/kds_v3/toolchain/bin/../lib/gcc/arm-none-eabi/4.8.4/../../../../arm-none-eabi/lib/armv7e-m/fpu\libg_s.a(lib_a-fflush.o)
                0x0000738c                _fflush_r
 .text._cleanup_r
                0x000073e0       0x32 c:/freescale/kds_v3/toolchain/bin/../lib/gcc/arm-none-eabi/4.8.4/../../../../arm-none-eabi/lib/armv7e-m/fpu\libg_s.a(lib_a-findfp.o)
                0x000073e0                _cleanup_r
 *fill*         0x00007412        0x2 
 .text.std.isra.0
                0x00007414       0x48 c:/freescale/kds_v3/toolchain/bin/../lib/gcc/arm-none-eabi/4.8.4/../../../../arm-none-eabi/lib/armv7e-m/fpu\libg_s.a(lib_a-findfp.o)
 .text.__sfmoreglue
                0x0000745c       0x2c c:/freescale/kds_v3/toolchain/bin/../lib/gcc/arm-none-eabi/4.8.4/../../../../arm-none-eabi/lib/armv7e-m/fpu\libg_s.a(lib_a-findfp.o)
                0x0000745c                __sfmoreglue
 .text.__sinit  0x00007488       0x60 c:/freescale/kds_v3/toolchain/bin/../lib/gcc/arm-none-eabi/4.8.4/../../../../arm-none-eabi/lib/armv7e-m/fpu\libg_s.a(lib_a-findfp.o)
                0x00007488                __sinit
 .text.__sfp    0x000074e8       0x74 c:/freescale/kds_v3/toolchain/bin/../lib/gcc/arm-none-eabi/4.8.4/../../../../arm-none-eabi/lib/armv7e-m/fpu\libg_s.a(lib_a-findfp.o)
                0x000074e8                __sfp
 .text.__smakebuf_r
                0x0000755c       0x9c c:/freescale/kds_v3/toolchain/bin/../lib/gcc/arm-none-eabi/4.8.4/../../../../arm-none-eabi/lib/armv7e-m/fpu\libg_s.a(lib_a-makebuf.o)
                0x0000755c                __smakebuf_r
 .text.malloc   0x000075f8       0x10 c:/freescale/kds_v3/toolchain/bin/../lib/gcc/arm-none-eabi/4.8.4/../../../../arm-none-eabi/lib/armv7e-m/fpu\libg_s.a(lib_a-malloc.o)
                0x000075f8                malloc
 .text.memchr   0x00007608       0x1e c:/freescale/kds_v3/toolchain/bin/../lib/gcc/arm-none-eabi/4.8.4/../../../../arm-none-eabi/lib/armv7e-m/fpu\libg_s.a(lib_a-memchr-stub.o)
                0x00007608                memchr
 *fill*         0x00007626        0x2 
 .text._free_r  0x00007628       0x88 c:/freescale/kds_v3/toolchain/bin/../lib/gcc/arm-none-eabi/4.8.4/../../../../arm-none-eabi/lib/armv7e-m/fpu\libg_s.a(lib_a-nano-freer.o)
                0x00007628                _free_r
 .text._malloc_r
                0x000076b0       0xa8 c:/freescale/kds_v3/toolchain/bin/../lib/gcc/arm-none-eabi/4.8.4/../../../../arm-none-eabi/lib/armv7e-m/fpu\libg_s.a(lib_a-nano-mallocr.o)
                0x000076b0                _malloc_r
 .text._sbrk_r  0x00007758       0x20 c:/freescale/kds_v3/toolchain/bin/../lib/gcc/arm-none-eabi/4.8.4/../../../../arm-none-eabi/lib/armv7e-m/fpu\libg_s.a(lib_a-sbrkr.o)
                0x00007758                _sbrk_r
 .text.__sread  0x00007778       0x22 c:/freescale/kds_v3/toolchain/bin/../lib/gcc/arm-none-eabi/4.8.4/../../../../arm-none-eabi/lib/armv7e-m/fpu\libg_s.a(lib_a-stdio.o)
                0x00007778                __sread
 .text.__swrite
                0x0000779a       0x38 c:/freescale/kds_v3/toolchain/bin/../lib/gcc/arm-none-eabi/4.8.4/../../../../arm-none-eabi/lib/armv7e-m/fpu\libg_s.a(lib_a-stdio.o)
                0x0000779a                __swrite
 .text.__sseek  0x000077d2       0x24 c:/freescale/kds_v3/toolchain/bin/../lib/gcc/arm-none-eabi/4.8.4/../../../../arm-none-eabi/lib/armv7e-m/fpu\libg_s.a(lib_a-stdio.o)
                0x000077d2                __sseek
 .text.__sclose
                0x000077f6        0x8 c:/freescale/kds_v3/toolchain/bin/../lib/gcc/arm-none-eabi/4.8.4/../../../../arm-none-eabi/lib/armv7e-m/fpu\libg_s.a(lib_a-stdio.o)
                0x000077f6                __sclose
 *fill*         0x000077fe        0x2 
 .text._write_r
                0x00007800       0x24 c:/freescale/kds_v3/toolchain/bin/../lib/gcc/arm-none-eabi/4.8.4/../../../../arm-none-eabi/lib/armv7e-m/fpu\libg_s.a(lib_a-writer.o)
                0x00007800                _write_r
 .text._close_r
                0x00007824       0x20 c:/freescale/kds_v3/toolchain/bin/../lib/gcc/arm-none-eabi/4.8.4/../../../../arm-none-eabi/lib/armv7e-m/fpu\libg_s.a(lib_a-closer.o)
                0x00007824                _close_r
 .text._fstat_r
                0x00007844       0x24 c:/freescale/kds_v3/toolchain/bin/../lib/gcc/arm-none-eabi/4.8.4/../../../../arm-none-eabi/lib/armv7e-m/fpu\libg_s.a(lib_a-fstatr.o)
                0x00007844                _fstat_r
 .text._isatty_r
                0x00007868       0x20 c:/freescale/kds_v3/toolchain/bin/../lib/gcc/arm-none-eabi/4.8.4/../../../../arm-none-eabi/lib/armv7e-m/fpu\libg_s.a(lib_a-isattyr.o)
                0x00007868                _isatty_r
 .text._lseek_r
                0x00007888       0x24 c:/freescale/kds_v3/toolchain/bin/../lib/gcc/arm-none-eabi/4.8.4/../../../../arm-none-eabi/lib/armv7e-m/fpu\libg_s.a(lib_a-lseekr.o)
                0x00007888                _lseek_r
 .text._read_r  0x000078ac       0x24 c:/freescale/kds_v3/toolchain/bin/../lib/gcc/arm-none-eabi/4.8.4/../../../../arm-none-eabi/lib/armv7e-m/fpu\libg_s.a(lib_a-readr.o)
                0x000078ac                _read_r
 .text._close   0x000078d0       0x10 c:/freescale/kds_v3/toolchain/bin/../lib/gcc/arm-none-eabi/4.8.4/../../../../arm-none-eabi/lib/armv7e-m/fpu\libnosys.a(close.o)
                0x000078d0                _close
 .text._fstat   0x000078e0       0x10 c:/freescale/kds_v3/toolchain/bin/../lib/gcc/arm-none-eabi/4.8.4/../../../../arm-none-eabi/lib/armv7e-m/fpu\libnosys.a(fstat.o)
                0x000078e0                _fstat
 .text._isatty  0x000078f0       0x10 c:/freescale/kds_v3/toolchain/bin/../lib/gcc/arm-none-eabi/4.8.4/../../../../arm-none-eabi/lib/armv7e-m/fpu\libnosys.a(isatty.o)
                0x000078f0                _isatty
 .text._lseek   0x00007900       0x10 c:/freescale/kds_v3/toolchain/bin/../lib/gcc/arm-none-eabi/4.8.4/../../../../arm-none-eabi/lib/armv7e-m/fpu\libnosys.a(lseek.o)
                0x00007900                _lseek
 .text._exit    0x00007910        0x4 c:/freescale/kds_v3/toolchain/bin/../lib/gcc/arm-none-eabi/4.8.4/../../../../arm-none-eabi/lib/armv7e-m/fpu\libnosys.a(_exit.o)
                0x00007910                _exit
 *(.rodata)
 .rodata        0x00007914       0x84 ./source/main.o
 .rodata        0x00007998       0x18 ./freertos/SEGGER_RTT.o
 .rodata        0x000079b0        0x8 ./freertos/tasks.o
 .rodata        0x000079b8       0x10 ./freertos/timers.o
 .rodata        0x000079c8       0xf8 ./freertos/trcKernelPort.o
 .rodata        0x00007ac0      0x274 ./freertos/trcStreamingRecorder.o
 .rodata        0x00007d34       0x48 ./drivers/fsl_clock.o
 .rodata        0x00007d7c       0x40 ./drivers/fsl_common.o
 .rodata        0x00007dbc       0xac ./drivers/fsl_dspi.o
 .rodata        0x00007e68      0x244 ./drivers/fsl_edma.o
 .rodata        0x000080ac      0x2fc ./drivers/fsl_flexcan.o
 .rodata        0x000083a8       0x6c ./drivers/fsl_sai.o
 .rodata        0x00008414      0x328 ./drivers/fsl_sdhc.o
 .rodata        0x0000873c      0x12c ./drivers/fsl_uart.o
 *(.rodata*)
 .rodata.__func__.6782
                0x00008868       0x18 ./drivers/fsl_clock.o
 .rodata.fllFactorTable.6903
                0x00008880       0x10 ./drivers/fsl_clock.o
 .rodata.__func__.6918
                0x00008890       0x14 ./drivers/fsl_clock.o
 .rodata.__func__.6963
                0x000088a4       0x14 ./drivers/fsl_clock.o
 .rodata.__func__.7105
                0x000088b8       0x14 ./drivers/fsl_clock.o
 .rodata.__func__.7172
                0x000088cc       0x14 ./drivers/fsl_clock.o
 .rodata.__func__.7443
                0x000088e0       0x18 ./drivers/fsl_dspi.o
 .rodata.__func__.7447
                0x000088f8       0x18 ./drivers/fsl_dspi.o
 .rodata.__func__.7451
                0x00008910       0x18 ./drivers/fsl_dspi.o
 .rodata.__func__.7255
                0x00008928       0x10 ./drivers/fsl_edma.o
 .rodata.__func__.7322
                0x00008938       0x18 ./drivers/fsl_flexcan.o
 .rodata.__func__.7307
                0x00008950       0x1c ./drivers/fsl_sai.o
 .rodata.__func__.7311
                0x0000896c       0x1c ./drivers/fsl_sai.o
 .rodata.__func__.7490
                0x00008988       0x18 ./drivers/fsl_sdhc.o
 .rodata.s_uartBases
                0x000089a0       0x18 ./drivers/fsl_uart.o
 .rodata.s_uartClock
                0x000089b8       0x18 ./drivers/fsl_uart.o
 .rodata.__func__.6976
                0x000089d0       0x14 ./drivers/fsl_uart.o
 .rodata.__func__.6992
                0x000089e4        0xc ./drivers/fsl_uart.o
 .rodata.__func__.7010
                0x000089f0       0x18 ./drivers/fsl_uart.o
 .rodata.__func__.7070
                0x00008a08       0x14 ./drivers/fsl_uart.o
 .rodata.mcgConfig_BOARD_BootClockRUN
                0x00008a1c        0xc ./board/clock_config.o
                0x00008a1c                mcgConfig_BOARD_BootClockRUN
 .rodata.simConfig_BOARD_BootClockRUN
                0x00008a28        0x8 ./board/clock_config.o
                0x00008a28                simConfig_BOARD_BootClockRUN
 .rodata.oscConfig_BOARD_BootClockRUN
                0x00008a30        0x8 ./board/clock_config.o
                0x00008a30                oscConfig_BOARD_BootClockRUN
 .rodata.str1.1
                0x00008a38        0x2 c:/freescale/kds_v3/toolchain/bin/../lib/gcc/arm-none-eabi/4.8.4/../../../../arm-none-eabi/lib/armv7e-m/fpu\libg_s.a(lib_a-impure.o)
 *fill*         0x00008a3a        0x2 
 .rodata._global_impure_ptr
                0x00008a3c        0x4 c:/freescale/kds_v3/toolchain/bin/../lib/gcc/arm-none-eabi/4.8.4/../../../../arm-none-eabi/lib/armv7e-m/fpu\libg_s.a(lib_a-impure.o)
                0x00008a3c                _global_impure_ptr
 .rodata.str1.1
                0x00008a40       0x11 c:/freescale/kds_v3/toolchain/bin/../lib/gcc/arm-none-eabi/4.8.4/../../../../arm-none-eabi/lib/armv7e-m/fpu\libg_s.a(lib_a-vfprintf.o)
 .rodata.str1.1
                0x00008a51       0x22 c:/freescale/kds_v3/toolchain/bin/../lib/gcc/arm-none-eabi/4.8.4/../../../../arm-none-eabi/lib/armv7e-m/fpu\libg_s.a(lib_a-vfprintf_i.o)
 *fill*         0x00008a73        0x1 
 .rodata.__sf_fake_stdin
                0x00008a74       0x20 c:/freescale/kds_v3/toolchain/bin/../lib/gcc/arm-none-eabi/4.8.4/../../../../arm-none-eabi/lib/armv7e-m/fpu\libg_s.a(lib_a-findfp.o)
                0x00008a74                __sf_fake_stdin
 .rodata.__sf_fake_stdout
                0x00008a94       0x20 c:/freescale/kds_v3/toolchain/bin/../lib/gcc/arm-none-eabi/4.8.4/../../../../arm-none-eabi/lib/armv7e-m/fpu\libg_s.a(lib_a-findfp.o)
                0x00008a94                __sf_fake_stdout
 .rodata.__sf_fake_stderr
                0x00008ab4       0x20 c:/freescale/kds_v3/toolchain/bin/../lib/gcc/arm-none-eabi/4.8.4/../../../../arm-none-eabi/lib/armv7e-m/fpu\libg_s.a(lib_a-findfp.o)
                0x00008ab4                __sf_fake_stderr
 *(.glue_7)
 .glue_7        0x00000000        0x0 linker stubs
 *(.glue_7t)
 .glue_7t       0x00000000        0x0 linker stubs
 *(.eh_frame)
 .eh_frame      0x00008ad4        0x0 c:/freescale/kds_v3/toolchain/bin/../lib/gcc/arm-none-eabi/4.8.4/armv7e-m/fpu/crtbegin.o
 *(.init)
 .init          0x00008ad4        0x4 c:/freescale/kds_v3/toolchain/bin/../lib/gcc/arm-none-eabi/4.8.4/armv7e-m/fpu/crti.o
                0x00008ad4                _init
 .init          0x00008ad8        0x8 c:/freescale/kds_v3/toolchain/bin/../lib/gcc/arm-none-eabi/4.8.4/armv7e-m/fpu/crtn.o
 *(.fini)
 .fini          0x00008ae0        0x4 c:/freescale/kds_v3/toolchain/bin/../lib/gcc/arm-none-eabi/4.8.4/armv7e-m/fpu/crti.o
                0x00008ae0                _fini
 .fini          0x00008ae4        0x8 c:/freescale/kds_v3/toolchain/bin/../lib/gcc/arm-none-eabi/4.8.4/armv7e-m/fpu/crtn.o
                0x00008aec                . = ALIGN (0x4)

.vfp11_veneer   0x00008aec        0x0
 .vfp11_veneer  0x00000000        0x0 linker stubs

.v4_bx          0x00008aec        0x0
 .v4_bx         0x00000000        0x0 linker stubs

.iplt           0x00008aec        0x0
 .iplt          0x00000000        0x0 c:/freescale/kds_v3/toolchain/bin/../lib/gcc/arm-none-eabi/4.8.4/armv7e-m/fpu/crtbegin.o

.ARM.extab
 *(.ARM.extab* .gnu.linkonce.armextab.*)

.ARM            0x00008aec        0x8
                0x00008aec                __exidx_start = .
 *(.ARM.exidx*)
 .ARM.exidx     0x00008aec        0x8 c:/freescale/kds_v3/toolchain/bin/../lib/gcc/arm-none-eabi/4.8.4/../../../../arm-none-eabi/lib/armv7e-m/fpu/crt0.o
                0x00008af4                __exidx_end = .

.rel.dyn        0x00008af4        0x0
 .rel.iplt      0x00000000        0x0 c:/freescale/kds_v3/toolchain/bin/../lib/gcc/arm-none-eabi/4.8.4/armv7e-m/fpu/crtbegin.o

.ctors          0x00008af4        0x0
                0x00008af4                __CTOR_LIST__ = .
 *crtbegin.o(.ctors)
 *crtbegin?.o(.ctors)
 *(EXCLUDE_FILE(*crtend.o *crtend?.o) .ctors)
 *(SORT(.ctors.*))
 *(.ctors)
                0x00008af4                __CTOR_END__ = .

.dtors          0x00008af4        0x0
                0x00008af4                __DTOR_LIST__ = .
 *crtbegin.o(.dtors)
 *crtbegin?.o(.dtors)
 *(EXCLUDE_FILE(*crtend.o *crtend?.o) .dtors)
 *(SORT(.dtors.*))
 *(.dtors)
                0x00008af4                __DTOR_END__ = .

.preinit_array  0x00008af4        0x0
                0x00008af4                PROVIDE (__preinit_array_start, .)
 *(.preinit_array*)
                0x00008af4                PROVIDE (__preinit_array_end, .)

.init_array     0x00008af4        0x4
                0x00008af4                PROVIDE (__init_array_start, .)
 *(SORT(.init_array.*))
 *(.init_array*)
 .init_array    0x00008af4        0x4 c:/freescale/kds_v3/toolchain/bin/../lib/gcc/arm-none-eabi/4.8.4/armv7e-m/fpu/crtbegin.o
                0x00008af8                PROVIDE (__init_array_end, .)

.fini_array     0x00008af8        0x4
                0x00008af8                PROVIDE (__fini_array_start, .)
 *(SORT(.fini_array.*))
 *(.fini_array*)
 .fini_array    0x00008af8        0x4 c:/freescale/kds_v3/toolchain/bin/../lib/gcc/arm-none-eabi/4.8.4/armv7e-m/fpu/crtbegin.o
                0x00008afc                PROVIDE (__fini_array_end, .)
                0x00008afc                __etext = .
                0x00008afc                __DATA_ROM = .

.interrupts_ram
                0x1fff0000        0x0
                0x1fff0000                . = ALIGN (0x4)
                0x1fff0000                __VECTOR_RAM__ = .
                0x1fff0000                __interrupts_ram_start__ = .
 *(.m_interrupts_ram)
                0x1fff0000                . = (. + M_VECTOR_RAM_SIZE)
                0x1fff0000                . = ALIGN (0x4)
                0x1fff0000                __interrupts_ram_end__ = .
                0x00000000                __VECTOR_RAM = DEFINED (__ram_vector_table__)?__VECTOR_RAM__:ORIGIN (m_interrupts)
                0x00000000                __RAM_VECTOR_TABLE_SIZE_BYTES = DEFINED (__ram_vector_table__)?(__interrupts_ram_end__ - __interrupts_ram_start__):0x0

.data           0x1fff0000       0x84 load address 0x00008afc
                0x1fff0000                . = ALIGN (0x4)
                0x1fff0000                __DATA_RAM = .
                0x1fff0000                __data_start__ = .
 *(.data)
 *(.data*)
 .data.uxCriticalNesting
                0x1fff0000        0x4 ./freertos/port.o
 .data.ISR_stack_index
                0x1fff0004        0x1 ./freertos/trcStreamingRecorder.o
 *fill*         0x1fff0005        0x3 
 .data.PSFEndianessIdentifier
                0x1fff0008        0x4 ./freertos/trcStreamingRecorder.o
 .data.FormatVersion
                0x1fff000c        0x2 ./freertos/trcStreamingRecorder.o
 *fill*         0x1fff000e        0x2 
 .data.s_slowIrcFreq
                0x1fff0010        0x4 ./drivers/fsl_clock.o
 .data.s_fastIrcFreq
                0x1fff0014        0x4 ./drivers/fsl_clock.o
 .data.SystemCoreClock
                0x1fff0018        0x4 ./CMSIS/system_MK64F12.o
                0x1fff0018                SystemCoreClock
 .data.impure_data
                0x1fff001c       0x60 c:/freescale/kds_v3/toolchain/bin/../lib/gcc/arm-none-eabi/4.8.4/../../../../arm-none-eabi/lib/armv7e-m/fpu\libg_s.a(lib_a-impure.o)
 .data._impure_ptr
                0x1fff007c        0x4 c:/freescale/kds_v3/toolchain/bin/../lib/gcc/arm-none-eabi/4.8.4/../../../../arm-none-eabi/lib/armv7e-m/fpu\libg_s.a(lib_a-impure.o)
                0x1fff007c                _impure_ptr
 *(.jcr*)
 .jcr           0x1fff0080        0x0 c:/freescale/kds_v3/toolchain/bin/../lib/gcc/arm-none-eabi/4.8.4/armv7e-m/fpu/crtbegin.o
 .jcr           0x1fff0080        0x4 c:/freescale/kds_v3/toolchain/bin/../lib/gcc/arm-none-eabi/4.8.4/armv7e-m/fpu/crtend.o
                0x1fff0084                . = ALIGN (0x4)
                0x1fff0084                __data_end__ = .
                0x00008b80                __DATA_END = (__DATA_ROM + (__data_end__ - __data_start__))
                0x00100000                text_end = (ORIGIN (m_text) + 0xffbf0)
                0x00000001                ASSERT ((__DATA_END <= text_end), region m_text overflowed with text and data)

.igot.plt       0x1fff0084        0x0 load address 0x00008b80
 .igot.plt      0x00000000        0x0 c:/freescale/kds_v3/toolchain/bin/../lib/gcc/arm-none-eabi/4.8.4/armv7e-m/fpu/crtbegin.o

.bss            0x1fff0084     0x45c8 load address 0x00008b80
                0x1fff0084                . = ALIGN (0x4)
                0x1fff0084                __START_BSS = .
                0x1fff0084                __bss_start__ = .
 *(.bss)
 .bss           0x1fff0084       0x1c c:/freescale/kds_v3/toolchain/bin/../lib/gcc/arm-none-eabi/4.8.4/armv7e-m/fpu/crtbegin.o
 *(.bss*)
 .bss.s_debugConsole
                0x1fff00a0       0x10 ./utilities/fsl_debug_console.o
 .bss.heap_end.4969
                0x1fff00b0        0x4 ./utilities/fsl_sbrk.o
 .bss._acUpBuffer
                0x1fff00b4       0x40 ./freertos/SEGGER_RTT.o
 .bss._acDownBuffer
                0x1fff00f4       0x10 ./freertos/SEGGER_RTT.o
 .bss.ucHeap    0x1fff0104     0x2800 ./freertos/heap_4.o
 .bss.xStart    0x1fff2904        0x8 ./freertos/heap_4.o
 .bss.pxEnd     0x1fff290c        0x4 ./freertos/heap_4.o
 .bss.xFreeBytesRemaining
                0x1fff2910        0x4 ./freertos/heap_4.o
 .bss.xMinimumEverFreeBytesRemaining
                0x1fff2914        0x4 ./freertos/heap_4.o
 .bss.xBlockAllocatedBit
                0x1fff2918        0x4 ./freertos/heap_4.o
 .bss.ucMaxSysCallPriority
                0x1fff291c        0x1 ./freertos/port.o
 *fill*         0x1fff291d        0x3 
 .bss.ulMaxPRIGROUPValue
                0x1fff2920        0x4 ./freertos/port.o
 .bss.pxCurrentTCB
                0x1fff2924        0x4 ./freertos/tasks.o
                0x1fff2924                pxCurrentTCB
 .bss.pxReadyTasksLists
                0x1fff2928       0x64 ./freertos/tasks.o
 .bss.xDelayedTaskList1
                0x1fff298c       0x14 ./freertos/tasks.o
 .bss.xDelayedTaskList2
                0x1fff29a0       0x14 ./freertos/tasks.o
 .bss.pxDelayedTaskList
                0x1fff29b4        0x4 ./freertos/tasks.o
 .bss.pxOverflowDelayedTaskList
                0x1fff29b8        0x4 ./freertos/tasks.o
 .bss.xPendingReadyList
                0x1fff29bc       0x14 ./freertos/tasks.o
 .bss.xTasksWaitingTermination
                0x1fff29d0       0x14 ./freertos/tasks.o
 .bss.uxDeletedTasksWaitingCleanUp
                0x1fff29e4        0x4 ./freertos/tasks.o
 .bss.xSuspendedTaskList
                0x1fff29e8       0x14 ./freertos/tasks.o
 .bss.uxCurrentNumberOfTasks
                0x1fff29fc        0x4 ./freertos/tasks.o
 .bss.xTickCount
                0x1fff2a00        0x4 ./freertos/tasks.o
 .bss.uxTopReadyPriority
                0x1fff2a04        0x4 ./freertos/tasks.o
 .bss.xSchedulerRunning
                0x1fff2a08        0x4 ./freertos/tasks.o
 .bss.uxPendedTicks
                0x1fff2a0c        0x4 ./freertos/tasks.o
 .bss.xYieldPending
                0x1fff2a10        0x4 ./freertos/tasks.o
 .bss.xNumOfOverflows
                0x1fff2a14        0x4 ./freertos/tasks.o
 .bss.uxTaskNumber
                0x1fff2a18        0x4 ./freertos/tasks.o
 .bss.xNextTaskUnblockTime
                0x1fff2a1c        0x4 ./freertos/tasks.o
 .bss.xIdleTaskHandle
                0x1fff2a20        0x4 ./freertos/tasks.o
 .bss.uxSchedulerSuspended
                0x1fff2a24        0x4 ./freertos/tasks.o
 .bss.xActiveTimerList1
                0x1fff2a28       0x14 ./freertos/timers.o
 .bss.xActiveTimerList2
                0x1fff2a3c       0x14 ./freertos/timers.o
 .bss.pxCurrentTimerList
                0x1fff2a50        0x4 ./freertos/timers.o
 .bss.pxOverflowTimerList
                0x1fff2a54        0x4 ./freertos/timers.o
 .bss.xTimerQueue
                0x1fff2a58        0x4 ./freertos/timers.o
 .bss.xTimerTaskHandle
                0x1fff2a5c        0x4 ./freertos/timers.o
 .bss.xLastTime.8076
                0x1fff2a60        0x4 ./freertos/timers.o
 .bss.pCurrentTCB
                0x1fff2a64        0x4 ./freertos/trcKernelPort.o
 .bss.HandleTzCtrl
                0x1fff2a68        0x4 ./freertos/trcKernelPort.o
 .bss.NoRoomForSymbol_last
                0x1fff2a6c        0x4 ./freertos/trcKernelPort.o
 .bss.NoRoomForObjectData_last
                0x1fff2a70        0x4 ./freertos/trcKernelPort.o
 .bss.LongestSymbolName_last
                0x1fff2a74        0x4 ./freertos/trcKernelPort.o
 .bss.MaxBytesTruncated_last
                0x1fff2a78        0x4 ./freertos/trcKernelPort.o
 .bss._TzCtrlData
                0x1fff2a7c       0x20 ./freertos/trcKernelPort.o
 .bss.symbolTable
                0x1fff2a9c      0x500 ./freertos/trcStreamingRecorder.o
 .bss.firstFreeSymbolTableIndex
                0x1fff2f9c        0x4 ./freertos/trcStreamingRecorder.o
 .bss.objectDataTable
                0x1fff2fa0      0x140 ./freertos/trcStreamingRecorder.o
 .bss.firstFreeObjectDataTableIndex
                0x1fff30e0        0x4 ./freertos/trcStreamingRecorder.o
 .bss.errorCode
                0x1fff30e4        0x4 ./freertos/trcStreamingRecorder.o
 .bss.SessionCounter
                0x1fff30e8        0x4 ./freertos/trcStreamingRecorder.o
 .bss.RecorderEnabled
                0x1fff30ec        0x4 ./freertos/trcStreamingRecorder.o
                0x1fff30ec                RecorderEnabled
 .bss.eventCounter
                0x1fff30f0        0x4 ./freertos/trcStreamingRecorder.o
 .bss.uiTraceTickCount
                0x1fff30f4        0x4 ./freertos/trcStreamingRecorder.o
                0x1fff30f4                uiTraceTickCount
 .bss.timestampFrequency
                0x1fff30f8        0x4 ./freertos/trcStreamingRecorder.o
                0x1fff30f8                timestampFrequency
 .bss.NoRoomForSymbol
                0x1fff30fc        0x4 ./freertos/trcStreamingRecorder.o
                0x1fff30fc                NoRoomForSymbol
 .bss.NoRoomForObjectData
                0x1fff3100        0x4 ./freertos/trcStreamingRecorder.o
                0x1fff3100                NoRoomForObjectData
 .bss.LongestSymbolName
                0x1fff3104        0x4 ./freertos/trcStreamingRecorder.o
                0x1fff3104                LongestSymbolName
 .bss.MaxBytesTruncated
                0x1fff3108        0x4 ./freertos/trcStreamingRecorder.o
                0x1fff3108                MaxBytesTruncated
 .bss.g_dspiHandle
                0x1fff310c        0xc ./drivers/fsl_dspi.o
 .bss.s_dspiMasterIsr
                0x1fff3118        0x4 ./drivers/fsl_dspi.o
 .bss.s_dspiSlaveIsr
                0x1fff311c        0x4 ./drivers/fsl_dspi.o
 .bss.s_EDMAHandle
                0x1fff3120       0x40 ./drivers/fsl_edma.o
 .bss.s_ENETHandle
                0x1fff3160        0x4 ./drivers/fsl_enet.o
 .bss.s_enetTxIsr
                0x1fff3164        0x4 ./drivers/fsl_enet.o
 .bss.s_enetRxIsr
                0x1fff3168        0x4 ./drivers/fsl_enet.o
 .bss.s_enetErrIsr
                0x1fff316c        0x4 ./drivers/fsl_enet.o
 .bss.s_enetTsIsr
                0x1fff3170        0x4 ./drivers/fsl_enet.o
 .bss.s_flexcanHandle
                0x1fff3174        0x4 ./drivers/fsl_flexcan.o
 .bss.s_flexcanIsr
                0x1fff3178        0x4 ./drivers/fsl_flexcan.o
 .bss.s_i2cHandle
                0x1fff317c        0xc ./drivers/fsl_i2c.o
 .bss.s_i2cMasterIsr
                0x1fff3188        0x4 ./drivers/fsl_i2c.o
 .bss.s_i2cSlaveIsr
                0x1fff318c        0x4 ./drivers/fsl_i2c.o
 .bss.s_saiTxIsr
                0x1fff3190        0x4 ./drivers/fsl_sai.o
 .bss.s_saiRxIsr
                0x1fff3194        0x4 ./drivers/fsl_sai.o
 .bss.s_sdhcHandle
                0x1fff3198        0x4 ./drivers/fsl_sdhc.o
 .bss.s_sdhcIsr
                0x1fff319c        0x4 ./drivers/fsl_sdhc.o
 .bss.s_uartHandle
                0x1fff31a0       0x18 ./drivers/fsl_uart.o
 .bss.s_uartIsr
                0x1fff31b8        0x4 ./drivers/fsl_uart.o
 .bss.__malloc_sbrk_start
                0x1fff31bc        0x4 c:/freescale/kds_v3/toolchain/bin/../lib/gcc/arm-none-eabi/4.8.4/../../../../arm-none-eabi/lib/armv7e-m/fpu\libg_s.a(lib_a-nano-mallocr.o)
                0x1fff31bc                __malloc_sbrk_start
 .bss.__malloc_free_list
                0x1fff31c0        0x4 c:/freescale/kds_v3/toolchain/bin/../lib/gcc/arm-none-eabi/4.8.4/../../../../arm-none-eabi/lib/armv7e-m/fpu\libg_s.a(lib_a-nano-mallocr.o)
                0x1fff31c0                __malloc_free_list
 *(COMMON)
 COMMON         0x1fff31c4       0xa8 ./freertos/SEGGER_RTT.o
                0x1fff31c4                _SEGGER_RTT
 COMMON         0x1fff326c       0x40 ./freertos/queue.o
                0x1fff326c                xQueueRegistry
 COMMON         0x1fff32ac     0x138c ./freertos/trcKernelPort.o
                0x1fff32ac                _TzTraceData
                0x1fff4634                trcWarningChannel
 COMMON         0x1fff4638        0x8 ./drivers/fsl_clock.o
                0x1fff4638                g_xtal32Freq
                0x1fff463c                g_xtal0Freq
 COMMON         0x1fff4640        0x8 ./drivers/fsl_sai.o
                0x1fff4640                s_saiHandle
 COMMON         0x1fff4648        0x4 c:/freescale/kds_v3/toolchain/bin/../lib/gcc/arm-none-eabi/4.8.4/../../../../arm-none-eabi/lib/armv7e-m/fpu\libg_s.a(lib_a-reent.o)
                0x1fff4648                errno
                0x1fff464c                . = ALIGN (0x4)
                0x1fff464c                __bss_end__ = .
                0x1fff464c                __END_BSS = .

.heap           0x20000000      0x400
                0x20000000                . = ALIGN (0x8)
                0x20000000                __end__ = .
                0x20000000                PROVIDE (end, .)
                0x20000000                __HeapBase = .
                0x20000400                . = (. + HEAP_SIZE)
 *fill*         0x20000000      0x400 
                0x20000400                __HeapLimit = .
                0x20000400                __heap_limit = .

.stack          0x20000400      0x400
                0x20000400                . = ALIGN (0x8)
                0x20000800                . = (. + STACK_SIZE)
 *fill*         0x20000400      0x400 
                0x20030000                __StackTop = (ORIGIN (m_data_2) + 0x30000)
                0x2002fc00                __StackLimit = (__StackTop - STACK_SIZE)
                0x20030000                PROVIDE (__stack, __StackTop)

.ARM.attributes
                0x00000000       0x30
 *(.ARM.attributes)
 .ARM.attributes
                0x00000000       0x22 c:/freescale/kds_v3/toolchain/bin/../lib/gcc/arm-none-eabi/4.8.4/armv7e-m/fpu/crti.o
 .ARM.attributes
                0x00000022       0x34 c:/freescale/kds_v3/toolchain/bin/../lib/gcc/arm-none-eabi/4.8.4/armv7e-m/fpu/crtbegin.o
 .ARM.attributes
                0x00000056       0x20 c:/freescale/kds_v3/toolchain/bin/../lib/gcc/arm-none-eabi/4.8.4/../../../../arm-none-eabi/lib/armv7e-m/fpu/crt0.o
 .ARM.attributes
                0x00000076       0x39 ./utilities/fsl_debug_console.o
 .ARM.attributes
                0x000000af       0x39 ./utilities/fsl_sbrk.o
 .ARM.attributes
                0x000000e8       0x1f ./startup/startup_MK64F12.o
 .ARM.attributes
                0x00000107       0x39 ./source/main.o
 .ARM.attributes
                0x00000140       0x39 ./freertos/SEGGER_RTT.o
 .ARM.attributes
                0x00000179       0x39 ./freertos/fsl_tickless_lptmr.o
 .ARM.attributes
                0x000001b2       0x39 ./freertos/heap_4.o
 .ARM.attributes
                0x000001eb       0x39 ./freertos/list.o
 .ARM.attributes
                0x00000224       0x39 ./freertos/port.o
 .ARM.attributes
                0x0000025d       0x39 ./freertos/queue.o
 .ARM.attributes
                0x00000296       0x39 ./freertos/tasks.o
 .ARM.attributes
                0x000002cf       0x39 ./freertos/timers.o
 .ARM.attributes
                0x00000308       0x39 ./freertos/trcKernelPort.o
 .ARM.attributes
                0x00000341       0x39 ./freertos/trcStreamingRecorder.o
 .ARM.attributes
                0x0000037a       0x39 ./drivers/fsl_clock.o
 .ARM.attributes
                0x000003b3       0x39 ./drivers/fsl_common.o
 .ARM.attributes
                0x000003ec       0x39 ./drivers/fsl_dspi.o
 .ARM.attributes
                0x00000425       0x39 ./drivers/fsl_edma.o
 .ARM.attributes
                0x0000045e       0x39 ./drivers/fsl_enet.o
 .ARM.attributes
                0x00000497       0x39 ./drivers/fsl_flexcan.o
 .ARM.attributes
                0x000004d0       0x39 ./drivers/fsl_i2c.o
 .ARM.attributes
                0x00000509       0x39 ./drivers/fsl_sai.o
 .ARM.attributes
                0x00000542       0x39 ./drivers/fsl_sdhc.o
 .ARM.attributes
                0x0000057b       0x39 ./drivers/fsl_uart.o
 .ARM.attributes
                0x000005b4       0x39 ./board/board.o
 .ARM.attributes
                0x000005ed       0x39 ./board/clock_config.o
 .ARM.attributes
                0x00000626       0x39 ./board/pin_mux.o
 .ARM.attributes
                0x0000065f       0x39 ./CMSIS/system_MK64F12.o
 .ARM.attributes
                0x00000698       0x34 c:/freescale/kds_v3/toolchain/bin/../lib/gcc/arm-none-eabi/4.8.4/../../../../arm-none-eabi/lib/armv7e-m/fpu\libg_s.a(lib_a-errno.o)
 .ARM.attributes
                0x000006cc       0x34 c:/freescale/kds_v3/toolchain/bin/../lib/gcc/arm-none-eabi/4.8.4/../../../../arm-none-eabi/lib/armv7e-m/fpu\libg_s.a(lib_a-exit.o)
 .ARM.attributes
                0x00000700       0x34 c:/freescale/kds_v3/toolchain/bin/../lib/gcc/arm-none-eabi/4.8.4/../../../../arm-none-eabi/lib/armv7e-m/fpu\libg_s.a(lib_a-impure.o)
 .ARM.attributes
                0x00000734       0x34 c:/freescale/kds_v3/toolchain/bin/../lib/gcc/arm-none-eabi/4.8.4/../../../../arm-none-eabi/lib/armv7e-m/fpu\libg_s.a(lib_a-init.o)
 .ARM.attributes
                0x00000768       0x34 c:/freescale/kds_v3/toolchain/bin/../lib/gcc/arm-none-eabi/4.8.4/../../../../arm-none-eabi/lib/armv7e-m/fpu\libg_s.a(lib_a-memcpy-stub.o)
 .ARM.attributes
                0x0000079c       0x34 c:/freescale/kds_v3/toolchain/bin/../lib/gcc/arm-none-eabi/4.8.4/../../../../arm-none-eabi/lib/armv7e-m/fpu\libg_s.a(lib_a-memset.o)
 .ARM.attributes
                0x000007d0       0x34 c:/freescale/kds_v3/toolchain/bin/../lib/gcc/arm-none-eabi/4.8.4/../../../../arm-none-eabi/lib/armv7e-m/fpu\libg_s.a(lib_a-printf.o)
 .ARM.attributes
                0x00000804       0x34 c:/freescale/kds_v3/toolchain/bin/../lib/gcc/arm-none-eabi/4.8.4/../../../../arm-none-eabi/lib/armv7e-m/fpu\libg_s.a(lib_a-puts.o)
 .ARM.attributes
                0x00000838       0x34 c:/freescale/kds_v3/toolchain/bin/../lib/gcc/arm-none-eabi/4.8.4/../../../../arm-none-eabi/lib/armv7e-m/fpu\libg_s.a(lib_a-rand.o)
 .ARM.attributes
                0x0000086c       0x34 c:/freescale/kds_v3/toolchain/bin/../lib/gcc/arm-none-eabi/4.8.4/../../../../arm-none-eabi/lib/armv7e-m/fpu\libg_s.a(lib_a-strlen.o)
 .ARM.attributes
                0x000008a0       0x34 c:/freescale/kds_v3/toolchain/bin/../lib/gcc/arm-none-eabi/4.8.4/../../../../arm-none-eabi/lib/armv7e-m/fpu\libg_s.a(lib_a-vfprintf.o)
 .ARM.attributes
                0x000008d4       0x34 c:/freescale/kds_v3/toolchain/bin/../lib/gcc/arm-none-eabi/4.8.4/../../../../arm-none-eabi/lib/armv7e-m/fpu\libg_s.a(lib_a-vfprintf_i.o)
 .ARM.attributes
                0x00000908       0x34 c:/freescale/kds_v3/toolchain/bin/../lib/gcc/arm-none-eabi/4.8.4/../../../../arm-none-eabi/lib/armv7e-m/fpu\libg_s.a(lib_a-wbuf.o)
 .ARM.attributes
                0x0000093c       0x34 c:/freescale/kds_v3/toolchain/bin/../lib/gcc/arm-none-eabi/4.8.4/../../../../arm-none-eabi/lib/armv7e-m/fpu\libg_s.a(lib_a-wsetup.o)
 .ARM.attributes
                0x00000970       0x34 c:/freescale/kds_v3/toolchain/bin/../lib/gcc/arm-none-eabi/4.8.4/../../../../arm-none-eabi/lib/armv7e-m/fpu\libg_s.a(lib_a-fflush.o)
 .ARM.attributes
                0x000009a4       0x34 c:/freescale/kds_v3/toolchain/bin/../lib/gcc/arm-none-eabi/4.8.4/../../../../arm-none-eabi/lib/armv7e-m/fpu\libg_s.a(lib_a-findfp.o)
 .ARM.attributes
                0x000009d8       0x34 c:/freescale/kds_v3/toolchain/bin/../lib/gcc/arm-none-eabi/4.8.4/../../../../arm-none-eabi/lib/armv7e-m/fpu\libg_s.a(lib_a-makebuf.o)
 .ARM.attributes
                0x00000a0c       0x34 c:/freescale/kds_v3/toolchain/bin/../lib/gcc/arm-none-eabi/4.8.4/../../../../arm-none-eabi/lib/armv7e-m/fpu\libg_s.a(lib_a-malloc.o)
 .ARM.attributes
                0x00000a40       0x34 c:/freescale/kds_v3/toolchain/bin/../lib/gcc/arm-none-eabi/4.8.4/../../../../arm-none-eabi/lib/armv7e-m/fpu\libg_s.a(lib_a-memchr-stub.o)
 .ARM.attributes
                0x00000a74       0x34 c:/freescale/kds_v3/toolchain/bin/../lib/gcc/arm-none-eabi/4.8.4/../../../../arm-none-eabi/lib/armv7e-m/fpu\libg_s.a(lib_a-nano-freer.o)
 .ARM.attributes
                0x00000aa8       0x34 c:/freescale/kds_v3/toolchain/bin/../lib/gcc/arm-none-eabi/4.8.4/../../../../arm-none-eabi/lib/armv7e-m/fpu\libg_s.a(lib_a-nano-mallocr.o)
 .ARM.attributes
                0x00000adc       0x34 c:/freescale/kds_v3/toolchain/bin/../lib/gcc/arm-none-eabi/4.8.4/../../../../arm-none-eabi/lib/armv7e-m/fpu\libg_s.a(lib_a-sbrkr.o)
 .ARM.attributes
                0x00000b10       0x34 c:/freescale/kds_v3/toolchain/bin/../lib/gcc/arm-none-eabi/4.8.4/../../../../arm-none-eabi/lib/armv7e-m/fpu\libg_s.a(lib_a-stdio.o)
 .ARM.attributes
                0x00000b44       0x34 c:/freescale/kds_v3/toolchain/bin/../lib/gcc/arm-none-eabi/4.8.4/../../../../arm-none-eabi/lib/armv7e-m/fpu\libg_s.a(lib_a-writer.o)
 .ARM.attributes
                0x00000b78       0x34 c:/freescale/kds_v3/toolchain/bin/../lib/gcc/arm-none-eabi/4.8.4/../../../../arm-none-eabi/lib/armv7e-m/fpu\libg_s.a(lib_a-closer.o)
 .ARM.attributes
                0x00000bac       0x34 c:/freescale/kds_v3/toolchain/bin/../lib/gcc/arm-none-eabi/4.8.4/../../../../arm-none-eabi/lib/armv7e-m/fpu\libg_s.a(lib_a-fstatr.o)
 .ARM.attributes
                0x00000be0       0x34 c:/freescale/kds_v3/toolchain/bin/../lib/gcc/arm-none-eabi/4.8.4/../../../../arm-none-eabi/lib/armv7e-m/fpu\libg_s.a(lib_a-isattyr.o)
 .ARM.attributes
                0x00000c14       0x34 c:/freescale/kds_v3/toolchain/bin/../lib/gcc/arm-none-eabi/4.8.4/../../../../arm-none-eabi/lib/armv7e-m/fpu\libg_s.a(lib_a-lseekr.o)
 .ARM.attributes
                0x00000c48       0x34 c:/freescale/kds_v3/toolchain/bin/../lib/gcc/arm-none-eabi/4.8.4/../../../../arm-none-eabi/lib/armv7e-m/fpu\libg_s.a(lib_a-readr.o)
 .ARM.attributes
                0x00000c7c       0x34 c:/freescale/kds_v3/toolchain/bin/../lib/gcc/arm-none-eabi/4.8.4/../../../../arm-none-eabi/lib/armv7e-m/fpu\libg_s.a(lib_a-reent.o)
 .ARM.attributes
                0x00000cb0       0x34 c:/freescale/kds_v3/toolchain/bin/../lib/gcc/arm-none-eabi/4.8.4/../../../../arm-none-eabi/lib/armv7e-m/fpu\libnosys.a(close.o)
 .ARM.attributes
                0x00000ce4       0x34 c:/freescale/kds_v3/toolchain/bin/../lib/gcc/arm-none-eabi/4.8.4/../../../../arm-none-eabi/lib/armv7e-m/fpu\libnosys.a(fstat.o)
 .ARM.attributes
                0x00000d18       0x34 c:/freescale/kds_v3/toolchain/bin/../lib/gcc/arm-none-eabi/4.8.4/../../../../arm-none-eabi/lib/armv7e-m/fpu\libnosys.a(isatty.o)
 .ARM.attributes
                0x00000d4c       0x34 c:/freescale/kds_v3/toolchain/bin/../lib/gcc/arm-none-eabi/4.8.4/../../../../arm-none-eabi/lib/armv7e-m/fpu\libnosys.a(lseek.o)
 .ARM.attributes
                0x00000d80       0x34 c:/freescale/kds_v3/toolchain/bin/../lib/gcc/arm-none-eabi/4.8.4/../../../../arm-none-eabi/lib/armv7e-m/fpu\libnosys.a(_exit.o)
 .ARM.attributes
                0x00000db4       0x34 c:/freescale/kds_v3/toolchain/bin/../lib/gcc/arm-none-eabi/4.8.4/armv7e-m/fpu/crtend.o
 .ARM.attributes
                0x00000de8       0x22 c:/freescale/kds_v3/toolchain/bin/../lib/gcc/arm-none-eabi/4.8.4/armv7e-m/fpu/crtn.o
                0x00000001                ASSERT ((__StackLimit >= __HeapLimit), region m_data_2 overflowed with stack and heap)
OUTPUT(colazo.elf elf32-littlearm)

.debug_info     0x00000000    0x1db00
 .debug_info    0x00000000      0xd9c ./utilities/fsl_debug_console.o
 .debug_info    0x00000d9c      0x112 ./utilities/fsl_sbrk.o
 .debug_info    0x00000eae       0x69 ./startup/startup_MK64F12.o
 .debug_info    0x00000f17      0x6ea ./source/main.o
 .debug_info    0x00001601      0xd3a ./freertos/SEGGER_RTT.o
 .debug_info    0x0000233b       0xf8 ./freertos/fsl_tickless_lptmr.o
 .debug_info    0x00002433      0x570 ./freertos/heap_4.o
 .debug_info    0x000029a3      0x2e2 ./freertos/list.o
 .debug_info    0x00002c85      0x67a ./freertos/port.o
 .debug_info    0x000032ff     0x15ef ./freertos/queue.o
 .debug_info    0x000048ee     0x214c ./freertos/tasks.o
 .debug_info    0x00006a3a      0xec9 ./freertos/timers.o
 .debug_info    0x00007903      0x6df ./freertos/trcKernelPort.o
 .debug_info    0x00007fe2     0x1d95 ./freertos/trcStreamingRecorder.o
 .debug_info    0x00009d77     0x1f0e ./drivers/fsl_clock.o
 .debug_info    0x0000bc85      0x6d9 ./drivers/fsl_common.o
 .debug_info    0x0000c35e     0x232d ./drivers/fsl_dspi.o
 .debug_info    0x0000e68b     0x20e5 ./drivers/fsl_edma.o
 .debug_info    0x00010770     0x234d ./drivers/fsl_enet.o
 .debug_info    0x00012abd     0x1fc7 ./drivers/fsl_flexcan.o
 .debug_info    0x00014a84     0x1dec ./drivers/fsl_i2c.o
 .debug_info    0x00016870     0x1c7e ./drivers/fsl_sai.o
 .debug_info    0x000184ee     0x2214 ./drivers/fsl_sdhc.o
 .debug_info    0x0001a702     0x1a85 ./drivers/fsl_uart.o
 .debug_info    0x0001c187      0x2eb ./board/board.o
 .debug_info    0x0001c472      0xa0d ./board/clock_config.o
 .debug_info    0x0001ce7f      0x67b ./board/pin_mux.o
 .debug_info    0x0001d4fa      0x606 ./CMSIS/system_MK64F12.o

.debug_abbrev   0x00000000     0x3b38
 .debug_abbrev  0x00000000      0x28c ./utilities/fsl_debug_console.o
 .debug_abbrev  0x0000028c       0xa3 ./utilities/fsl_sbrk.o
 .debug_abbrev  0x0000032f       0x14 ./startup/startup_MK64F12.o
 .debug_abbrev  0x00000343      0x200 ./source/main.o
 .debug_abbrev  0x00000543      0x1cd ./freertos/SEGGER_RTT.o
 .debug_abbrev  0x00000710       0x7b ./freertos/fsl_tickless_lptmr.o
 .debug_abbrev  0x0000078b      0x1fd ./freertos/heap_4.o
 .debug_abbrev  0x00000988       0xec ./freertos/list.o
 .debug_abbrev  0x00000a74      0x246 ./freertos/port.o
 .debug_abbrev  0x00000cba      0x261 ./freertos/queue.o
 .debug_abbrev  0x00000f1b      0x2f7 ./freertos/tasks.o
 .debug_abbrev  0x00001212      0x225 ./freertos/timers.o
 .debug_abbrev  0x00001437      0x202 ./freertos/trcKernelPort.o
 .debug_abbrev  0x00001639      0x36e ./freertos/trcStreamingRecorder.o
 .debug_abbrev  0x000019a7      0x301 ./drivers/fsl_clock.o
 .debug_abbrev  0x00001ca8      0x233 ./drivers/fsl_common.o
 .debug_abbrev  0x00001edb      0x2d7 ./drivers/fsl_dspi.o
 .debug_abbrev  0x000021b2      0x38c ./drivers/fsl_edma.o
 .debug_abbrev  0x0000253e      0x27a ./drivers/fsl_enet.o
 .debug_abbrev  0x000027b8      0x2dd ./drivers/fsl_flexcan.o
 .debug_abbrev  0x00002a95      0x329 ./drivers/fsl_i2c.o
 .debug_abbrev  0x00002dbe      0x2a7 ./drivers/fsl_sai.o
 .debug_abbrev  0x00003065      0x292 ./drivers/fsl_sdhc.o
 .debug_abbrev  0x000032f7      0x2d9 ./drivers/fsl_uart.o
 .debug_abbrev  0x000035d0      0x100 ./board/board.o
 .debug_abbrev  0x000036d0      0x1e8 ./board/clock_config.o
 .debug_abbrev  0x000038b8      0x166 ./board/pin_mux.o
 .debug_abbrev  0x00003a1e      0x11a ./CMSIS/system_MK64F12.o

.debug_aranges  0x00000000     0x1860
 .debug_aranges
                0x00000000       0x90 ./utilities/fsl_debug_console.o
 .debug_aranges
                0x00000090       0x20 ./utilities/fsl_sbrk.o
 .debug_aranges
                0x000000b0       0x20 ./startup/startup_MK64F12.o
 .debug_aranges
                0x000000d0       0x60 ./source/main.o
 .debug_aranges
                0x00000130       0xf0 ./freertos/SEGGER_RTT.o
 .debug_aranges
                0x00000220       0x20 ./freertos/fsl_tickless_lptmr.o
 .debug_aranges
                0x00000240       0x50 ./freertos/heap_4.o
 .debug_aranges
                0x00000290       0x40 ./freertos/list.o
 .debug_aranges
                0x000002d0       0x78 ./freertos/port.o
 .debug_aranges
                0x00000348      0x120 ./freertos/queue.o
 .debug_aranges
                0x00000468      0x200 ./freertos/tasks.o
 .debug_aranges
                0x00000668       0xc8 ./freertos/timers.o
 .debug_aranges
                0x00000730       0x70 ./freertos/trcKernelPort.o
 .debug_aranges
                0x000007a0      0x168 ./freertos/trcStreamingRecorder.o
 .debug_aranges
                0x00000908      0x1e8 ./drivers/fsl_clock.o
 .debug_aranges
                0x00000af0       0x38 ./drivers/fsl_common.o
 .debug_aranges
                0x00000b28      0x1a8 ./drivers/fsl_dspi.o
 .debug_aranges
                0x00000cd0      0x208 ./drivers/fsl_edma.o
 .debug_aranges
                0x00000ed8      0x148 ./drivers/fsl_enet.o
 .debug_aranges
                0x00001020      0x178 ./drivers/fsl_flexcan.o
 .debug_aranges
                0x00001198      0x180 ./drivers/fsl_i2c.o
 .debug_aranges
                0x00001318      0x168 ./drivers/fsl_sai.o
 .debug_aranges
                0x00001480      0x198 ./drivers/fsl_sdhc.o
 .debug_aranges
                0x00001618      0x170 ./drivers/fsl_uart.o
 .debug_aranges
                0x00001788       0x20 ./board/board.o
 .debug_aranges
                0x000017a8       0x58 ./board/clock_config.o
 .debug_aranges
                0x00001800       0x38 ./board/pin_mux.o
 .debug_aranges
                0x00001838       0x28 ./CMSIS/system_MK64F12.o

.debug_ranges   0x00000000     0x1690
 .debug_ranges  0x00000000       0x80 ./utilities/fsl_debug_console.o
 .debug_ranges  0x00000080       0x10 ./utilities/fsl_sbrk.o
 .debug_ranges  0x00000090       0x50 ./source/main.o
 .debug_ranges  0x000000e0       0xe0 ./freertos/SEGGER_RTT.o
 .debug_ranges  0x000001c0       0x10 ./freertos/fsl_tickless_lptmr.o
 .debug_ranges  0x000001d0       0x40 ./freertos/heap_4.o
 .debug_ranges  0x00000210       0x30 ./freertos/list.o
 .debug_ranges  0x00000240       0x68 ./freertos/port.o
 .debug_ranges  0x000002a8      0x110 ./freertos/queue.o
 .debug_ranges  0x000003b8      0x1f0 ./freertos/tasks.o
 .debug_ranges  0x000005a8       0xb8 ./freertos/timers.o
 .debug_ranges  0x00000660       0x60 ./freertos/trcKernelPort.o
 .debug_ranges  0x000006c0      0x158 ./freertos/trcStreamingRecorder.o
 .debug_ranges  0x00000818      0x1d8 ./drivers/fsl_clock.o
 .debug_ranges  0x000009f0       0x28 ./drivers/fsl_common.o
 .debug_ranges  0x00000a18      0x198 ./drivers/fsl_dspi.o
 .debug_ranges  0x00000bb0      0x1f8 ./drivers/fsl_edma.o
 .debug_ranges  0x00000da8      0x138 ./drivers/fsl_enet.o
 .debug_ranges  0x00000ee0      0x168 ./drivers/fsl_flexcan.o
 .debug_ranges  0x00001048      0x170 ./drivers/fsl_i2c.o
 .debug_ranges  0x000011b8      0x158 ./drivers/fsl_sai.o
 .debug_ranges  0x00001310      0x188 ./drivers/fsl_sdhc.o
 .debug_ranges  0x00001498      0x160 ./drivers/fsl_uart.o
 .debug_ranges  0x000015f8       0x10 ./board/board.o
 .debug_ranges  0x00001608       0x48 ./board/clock_config.o
 .debug_ranges  0x00001650       0x28 ./board/pin_mux.o
 .debug_ranges  0x00001678       0x18 ./CMSIS/system_MK64F12.o

.debug_macro    0x00000000    0x172e0
 .debug_macro   0x00000000      0x1ee ./utilities/fsl_debug_console.o
 .debug_macro   0x000001ee      0x86e ./utilities/fsl_debug_console.o
 .debug_macro   0x00000a5c       0x58 ./utilities/fsl_debug_console.o
 .debug_macro   0x00000ab4       0x58 ./utilities/fsl_debug_console.o
 .debug_macro   0x00000b0c       0x16 ./utilities/fsl_debug_console.o
 .debug_macro   0x00000b22       0x35 ./utilities/fsl_debug_console.o
 .debug_macro   0x00000b57       0xa3 ./utilities/fsl_debug_console.o
 .debug_macro   0x00000bfa       0x16 ./utilities/fsl_debug_console.o
 .debug_macro   0x00000c10      0x10e ./utilities/fsl_debug_console.o
 .debug_macro   0x00000d1e       0x7f ./utilities/fsl_debug_console.o
 .debug_macro   0x00000d9d       0x4a ./utilities/fsl_debug_console.o
 .debug_macro   0x00000de7       0x52 ./utilities/fsl_debug_console.o
 .debug_macro   0x00000e39       0x16 ./utilities/fsl_debug_console.o
 .debug_macro   0x00000e4f       0x43 ./utilities/fsl_debug_console.o
 .debug_macro   0x00000e92      0x180 ./utilities/fsl_debug_console.o
 .debug_macro   0x00001012       0x16 ./utilities/fsl_debug_console.o
 .debug_macro   0x00001028       0x29 ./utilities/fsl_debug_console.o
 .debug_macro   0x00001051      0x1e1 ./utilities/fsl_debug_console.o
 .debug_macro   0x00001232       0x16 ./utilities/fsl_debug_console.o
 .debug_macro   0x00001248       0x22 ./utilities/fsl_debug_console.o
 .debug_macro   0x0000126a      0x20f ./utilities/fsl_debug_console.o
 .debug_macro   0x00001479      0x2a6 ./utilities/fsl_debug_console.o
 .debug_macro   0x0000171f       0x10 ./utilities/fsl_debug_console.o
 .debug_macro   0x0000172f       0x35 ./utilities/fsl_debug_console.o
 .debug_macro   0x00001764       0x1f ./utilities/fsl_debug_console.o
 .debug_macro   0x00001783       0x10 ./utilities/fsl_debug_console.o
 .debug_macro   0x00001793       0x5b ./utilities/fsl_debug_console.o
 .debug_macro   0x000017ee       0x3b ./utilities/fsl_debug_console.o
 .debug_macro   0x00001829       0x50 ./utilities/fsl_debug_console.o
 .debug_macro   0x00001879      0xd40 ./utilities/fsl_debug_console.o
 .debug_macro   0x000025b9       0x44 ./utilities/fsl_debug_console.o
 .debug_macro   0x000025fd     0xe07b ./utilities/fsl_debug_console.o
 .debug_macro   0x00010678     0x13c7 ./utilities/fsl_debug_console.o
 .debug_macro   0x00011a3f       0x3a ./utilities/fsl_debug_console.o
 .debug_macro   0x00011a79      0x171 ./utilities/fsl_debug_console.o
 .debug_macro   0x00011bea       0x35 ./utilities/fsl_debug_console.o
 .debug_macro   0x00011c1f       0x3a ./utilities/fsl_debug_console.o
 .debug_macro   0x00011c59       0x10 ./utilities/fsl_debug_console.o
 .debug_macro   0x00011c69       0xfd ./utilities/fsl_sbrk.o
 .debug_macro   0x00011d66       0x16 ./utilities/fsl_sbrk.o
 .debug_macro   0x00011d7c       0x97 ./utilities/fsl_sbrk.o
 .debug_macro   0x00011e13       0x10 ./utilities/fsl_sbrk.o
 .debug_macro   0x00011e23       0xef ./utilities/fsl_sbrk.o
 .debug_macro   0x00011f12       0x10 ./utilities/fsl_sbrk.o
 .debug_macro   0x00011f22       0x22 ./utilities/fsl_sbrk.o
 .debug_macro   0x00011f44       0xbd ./utilities/fsl_sbrk.o
 .debug_macro   0x00012001       0x16 ./utilities/fsl_sbrk.o
 .debug_macro   0x00012017      0x16c ./utilities/fsl_sbrk.o
 .debug_macro   0x00012183       0x10 ./utilities/fsl_sbrk.o
 .debug_macro   0x00012193      0x241 ./utilities/fsl_sbrk.o
 .debug_macro   0x000123d4      0x2d9 ./source/main.o
 .debug_macro   0x000126ad       0x16 ./source/main.o
 .debug_macro   0x000126c3       0x10 ./source/main.o
 .debug_macro   0x000126d3      0x14a ./source/main.o
 .debug_macro   0x0001281d      0x1ae ./source/main.o
 .debug_macro   0x000129cb       0xd0 ./source/main.o
 .debug_macro   0x00012a9b       0x24 ./source/main.o
 .debug_macro   0x00012abf       0x43 ./source/main.o
 .debug_macro   0x00012b02       0x88 ./source/main.o
 .debug_macro   0x00012b8a       0x28 ./source/main.o
 .debug_macro   0x00012bb2       0x41 ./source/main.o
 .debug_macro   0x00012bf3      0x11b ./source/main.o
 .debug_macro   0x00012d0e       0x5f ./source/main.o
 .debug_macro   0x00012d6d      0x7d6 ./source/main.o
 .debug_macro   0x00013543      0x168 ./source/main.o
 .debug_macro   0x000136ab       0xeb ./source/main.o
 .debug_macro   0x00013796       0x10 ./source/main.o
 .debug_macro   0x000137a6       0x1f ./source/main.o
 .debug_macro   0x000137c5      0x19a ./source/main.o
 .debug_macro   0x0001395f       0xc0 ./source/main.o
 .debug_macro   0x00013a1f       0x8c ./source/main.o
 .debug_macro   0x00013aab       0x94 ./source/main.o
 .debug_macro   0x00013b3f       0x91 ./source/main.o
 .debug_macro   0x00013bd0       0x10 ./source/main.o
 .debug_macro   0x00013be0       0x40 ./source/main.o
 .debug_macro   0x00013c20      0x141 ./freertos/SEGGER_RTT.o
 .debug_macro   0x00013d61      0x115 ./freertos/SEGGER_RTT.o
 .debug_macro   0x00013e76      0x2a0 ./freertos/fsl_tickless_lptmr.o