Archive member included because of file (symbol)

c:/freescale/kds_v3/toolchain/bin/../lib/gcc/arm-none-eabi/4.8.4/../../../../arm-none-eabi/lib/armv7e-m/fpu\libm.a(lib_a-s_modf.o)
                              ./utilities/fsl_debug_console.o (modf)
c:/freescale/kds_v3/toolchain/bin/../lib/gcc/arm-none-eabi/4.8.4/../../../../arm-none-eabi/lib/armv7e-m/fpu\libm.a(lib_a-w_pow.o)
                              ./utilities/fsl_debug_console.o (pow)
c:/freescale/kds_v3/toolchain/bin/../lib/gcc/arm-none-eabi/4.8.4/../../../../arm-none-eabi/lib/armv7e-m/fpu\libm.a(lib_a-e_pow.o)
                              c:/freescale/kds_v3/toolchain/bin/../lib/gcc/arm-none-eabi/4.8.4/../../../../arm-none-eabi/lib/armv7e-m/fpu\libm.a(lib_a-w_pow.o) (__ieee754_pow)
c:/freescale/kds_v3/toolchain/bin/../lib/gcc/arm-none-eabi/4.8.4/../../../../arm-none-eabi/lib/armv7e-m/fpu\libm.a(lib_a-e_sqrt.o)
                              c:/freescale/kds_v3/toolchain/bin/../lib/gcc/arm-none-eabi/4.8.4/../../../../arm-none-eabi/lib/armv7e-m/fpu\libm.a(lib_a-e_pow.o) (__ieee754_sqrt)
c:/freescale/kds_v3/toolchain/bin/../lib/gcc/arm-none-eabi/4.8.4/../../../../arm-none-eabi/lib/armv7e-m/fpu\libm.a(lib_a-s_fabs.o)
                              c:/freescale/kds_v3/toolchain/bin/../lib/gcc/arm-none-eabi/4.8.4/../../../../arm-none-eabi/lib/armv7e-m/fpu\libm.a(lib_a-e_pow.o) (fabs)
c:/freescale/kds_v3/toolchain/bin/../lib/gcc/arm-none-eabi/4.8.4/../../../../arm-none-eabi/lib/armv7e-m/fpu\libm.a(lib_a-s_finite.o)
                              c:/freescale/kds_v3/toolchain/bin/../lib/gcc/arm-none-eabi/4.8.4/../../../../arm-none-eabi/lib/armv7e-m/fpu\libm.a(lib_a-w_pow.o) (finite)
c:/freescale/kds_v3/toolchain/bin/../lib/gcc/arm-none-eabi/4.8.4/../../../../arm-none-eabi/lib/armv7e-m/fpu\libm.a(lib_a-s_fpclassify.o)
                              c:/freescale/kds_v3/toolchain/bin/../lib/gcc/arm-none-eabi/4.8.4/../../../../arm-none-eabi/lib/armv7e-m/fpu\libm.a(lib_a-w_pow.o) (__fpclassifyd)
c:/freescale/kds_v3/toolchain/bin/../lib/gcc/arm-none-eabi/4.8.4/../../../../arm-none-eabi/lib/armv7e-m/fpu\libm.a(lib_a-s_lib_ver.o)
                              c:/freescale/kds_v3/toolchain/bin/../lib/gcc/arm-none-eabi/4.8.4/../../../../arm-none-eabi/lib/armv7e-m/fpu\libm.a(lib_a-w_pow.o) (__fdlib_version)
c:/freescale/kds_v3/toolchain/bin/../lib/gcc/arm-none-eabi/4.8.4/../../../../arm-none-eabi/lib/armv7e-m/fpu\libm.a(lib_a-s_matherr.o)
                              c:/freescale/kds_v3/toolchain/bin/../lib/gcc/arm-none-eabi/4.8.4/../../../../arm-none-eabi/lib/armv7e-m/fpu\libm.a(lib_a-w_pow.o) (matherr)
c:/freescale/kds_v3/toolchain/bin/../lib/gcc/arm-none-eabi/4.8.4/../../../../arm-none-eabi/lib/armv7e-m/fpu\libm.a(lib_a-s_nan.o)
                              c:/freescale/kds_v3/toolchain/bin/../lib/gcc/arm-none-eabi/4.8.4/../../../../arm-none-eabi/lib/armv7e-m/fpu\libm.a(lib_a-e_pow.o) (nan)
c:/freescale/kds_v3/toolchain/bin/../lib/gcc/arm-none-eabi/4.8.4/../../../../arm-none-eabi/lib/armv7e-m/fpu\libm.a(lib_a-s_rint.o)
                              c:/freescale/kds_v3/toolchain/bin/../lib/gcc/arm-none-eabi/4.8.4/../../../../arm-none-eabi/lib/armv7e-m/fpu\libm.a(lib_a-w_pow.o) (rint)
c:/freescale/kds_v3/toolchain/bin/../lib/gcc/arm-none-eabi/4.8.4/../../../../arm-none-eabi/lib/armv7e-m/fpu\libm.a(lib_a-s_scalbn.o)
                              c:/freescale/kds_v3/toolchain/bin/../lib/gcc/arm-none-eabi/4.8.4/../../../../arm-none-eabi/lib/armv7e-m/fpu\libm.a(lib_a-e_pow.o) (scalbn)
c:/freescale/kds_v3/toolchain/bin/../lib/gcc/arm-none-eabi/4.8.4/../../../../arm-none-eabi/lib/armv7e-m/fpu\libm.a(lib_a-s_copysign.o)
                              c:/freescale/kds_v3/toolchain/bin/../lib/gcc/arm-none-eabi/4.8.4/../../../../arm-none-eabi/lib/armv7e-m/fpu\libm.a(lib_a-s_scalbn.o) (copysign)
c:/freescale/kds_v3/toolchain/bin/../lib/gcc/arm-none-eabi/4.8.4/armv7e-m/fpu\libgcc.a(_arm_addsubdf3.o)
                              ./utilities/fsl_debug_console.o (__aeabi_dsub)
c:/freescale/kds_v3/toolchain/bin/../lib/gcc/arm-none-eabi/4.8.4/armv7e-m/fpu\libgcc.a(_arm_muldivdf3.o)
                              ./utilities/fsl_debug_console.o (__aeabi_dmul)
c:/freescale/kds_v3/toolchain/bin/../lib/gcc/arm-none-eabi/4.8.4/armv7e-m/fpu\libgcc.a(_arm_cmpdf2.o)
                              ./utilities/fsl_debug_console.o (__aeabi_dcmpeq)
c:/freescale/kds_v3/toolchain/bin/../lib/gcc/arm-none-eabi/4.8.4/armv7e-m/fpu\libgcc.a(_arm_fixdfsi.o)
                              ./utilities/fsl_debug_console.o (__aeabi_d2iz)
c:/freescale/kds_v3/toolchain/bin/../lib/gcc/arm-none-eabi/4.8.4/armv7e-m/fpu\libgcc.a(_arm_truncdfsf2.o)
                              ./utilities/fsl_debug_console.o (__aeabi_d2f)
c:/freescale/kds_v3/toolchain/bin/../lib/gcc/arm-none-eabi/4.8.4/armv7e-m/fpu\libgcc.a(_aeabi_ldivmod.o)
                              ./utilities/fsl_debug_console.o (__aeabi_ldivmod)
[...]
Memory Configuration

Name             Origin             Length             Attributes
m_interrupts     0x00000000         0x00000400         xr
m_flash_config   0x00000400         0x00000010         xr
m_text           0x00000410         0x000ffbf0         xr
m_data           0x1fff0000         0x00010000         rw
m_data_2         0x20000000         0x00030000         rw
*default*        0x00000000         0xffffffff

Linker script and memory map

LOAD c:/freescale/kds_v3/toolchain/bin/../lib/gcc/arm-none-eabi/4.8.4/armv7e-m/fpu/crti.o
LOAD c:/freescale/kds_v3/toolchain/bin/../lib/gcc/arm-none-eabi/4.8.4/armv7e-m/fpu/crtbegin.o
LOAD c:/freescale/kds_v3/toolchain/bin/../lib/gcc/arm-none-eabi/4.8.4/../../../../arm-none-eabi/lib/armv7e-m/fpu/crt0.o
LOAD ./utilities/fsl_debug_console.o
LOAD ./utilities/fsl_notifier.o
LOAD ./utilities/fsl_sbrk.o
LOAD ./startup/startup_MK64F12.o
LOAD ./startup/system_MK64F12.o
LOAD ./source/trace/SEGGER_RTT.o
LOAD ./source/trace/trcKernelPort.o
LOAD ./source/trace/trcSnapshotRecorder.o
LOAD ./source/trace/trcStreamingPort.o
LOAD ./source/trace/trcStreamingRecorder.o
LOAD ./source/heap_4.o
LOAD ./source/main.o
LOAD ./source/printf-stdarg.o
LOAD ./freertos/Source/portable/MemMang/heap_4.o
LOAD ./freertos/Source/portable/GCC/ARM_CM4F/port.o
LOAD ./freertos/Source/croutine.o
LOAD ./freertos/Source/event_groups.o
LOAD ./freertos/Source/list.o
LOAD ./freertos/Source/queue.o
LOAD ./freertos/Source/tasks.o
LOAD ./freertos/Source/timers.o
LOAD ./drivers/fsl_adc16.o
LOAD ./drivers/fsl_clock.o
LOAD ./drivers/fsl_cmp.o
LOAD ./drivers/fsl_cmt.o
LOAD ./drivers/fsl_common.o
LOAD ./drivers/fsl_crc.o
LOAD ./drivers/fsl_dac.o
LOAD ./drivers/fsl_dmamux.o
LOAD ./drivers/fsl_dspi.o
LOAD ./drivers/fsl_dspi_edma.o
LOAD ./drivers/fsl_dspi_freertos.o
LOAD ./drivers/fsl_edma.o
LOAD ./drivers/fsl_enet.o
LOAD ./drivers/fsl_ewm.o
LOAD ./drivers/fsl_flash.o
LOAD ./drivers/fsl_flexbus.o
LOAD ./drivers/fsl_flexcan.o
LOAD ./drivers/fsl_ftm.o
LOAD ./drivers/fsl_gpio.o
LOAD ./drivers/fsl_i2c.o
LOAD ./drivers/fsl_i2c_edma.o
LOAD ./drivers/fsl_i2c_freertos.o
LOAD ./drivers/fsl_llwu.o
LOAD ./drivers/fsl_lptmr.o
LOAD ./drivers/fsl_mpu.o
LOAD ./drivers/fsl_pdb.o
LOAD ./drivers/fsl_pit.o
LOAD ./drivers/fsl_pmc.o
LOAD ./drivers/fsl_rcm.o
LOAD ./drivers/fsl_rnga.o
LOAD ./drivers/fsl_rtc.o
LOAD ./drivers/fsl_sai.o
LOAD ./drivers/fsl_sai_edma.o
LOAD ./drivers/fsl_sdhc.o
LOAD ./drivers/fsl_sim.o
LOAD ./drivers/fsl_smc.o
LOAD ./drivers/fsl_uart.o
LOAD ./drivers/fsl_uart_edma.o
LOAD ./drivers/fsl_uart_freertos.o
LOAD ./drivers/fsl_vref.o
LOAD ./drivers/fsl_wdog.o
LOAD ./board/board.o
LOAD ./board/clock_config.o
LOAD ./board/pin_mux.o
LOAD c:/freescale/kds_v3/toolchain/bin/../lib/gcc/arm-none-eabi/4.8.4/../../../../arm-none-eabi/lib/armv7e-m/fpu\libstdc++_s.a
LOAD c:/freescale/kds_v3/toolchain/bin/../lib/gcc/arm-none-eabi/4.8.4/../../../../arm-none-eabi/lib/armv7e-m/fpu\libm.a
START GROUP
LOAD c:/freescale/kds_v3/toolchain/bin/../lib/gcc/arm-none-eabi/4.8.4/armv7e-m/fpu\libgcc.a
LOAD c:/freescale/kds_v3/toolchain/bin/../lib/gcc/arm-none-eabi/4.8.4/../../../../arm-none-eabi/lib/armv7e-m/fpu\libg_s.a
LOAD c:/freescale/kds_v3/toolchain/bin/../lib/gcc/arm-none-eabi/4.8.4/../../../../arm-none-eabi/lib/armv7e-m/fpu\libc_s.a
END GROUP
START GROUP
LOAD c:/freescale/kds_v3/toolchain/bin/../lib/gcc/arm-none-eabi/4.8.4/armv7e-m/fpu\libgcc.a
LOAD c:/freescale/kds_v3/toolchain/bin/../lib/gcc/arm-none-eabi/4.8.4/../../../../arm-none-eabi/lib/armv7e-m/fpu\libc_s.a
LOAD c:/freescale/kds_v3/toolchain/bin/../lib/gcc/arm-none-eabi/4.8.4/../../../../arm-none-eabi/lib/armv7e-m/fpu\libnosys.a
END GROUP
START GROUP
LOAD c:/freescale/kds_v3/toolchain/bin/../lib/gcc/arm-none-eabi/4.8.4/armv7e-m/fpu\libgcc.a
LOAD c:/freescale/kds_v3/toolchain/bin/../lib/gcc/arm-none-eabi/4.8.4/../../../../arm-none-eabi/lib/armv7e-m/fpu\libc_s.a
LOAD c:/freescale/kds_v3/toolchain/bin/../lib/gcc/arm-none-eabi/4.8.4/../../../../arm-none-eabi/lib/armv7e-m/fpu\libnosys.a
END GROUP
LOAD c:/freescale/kds_v3/toolchain/bin/../lib/gcc/arm-none-eabi/4.8.4/armv7e-m/fpu/crtend.o
LOAD c:/freescale/kds_v3/toolchain/bin/../lib/gcc/arm-none-eabi/4.8.4/armv7e-m/fpu/crtn.o
                0x00000400                HEAP_SIZE = DEFINED (__heap_size__)?__heap_size__:0x400
                0x00000400                STACK_SIZE = DEFINED (__stack_size__)?__stack_size__:0x400
                0x00000000                M_VECTOR_RAM_SIZE = DEFINED (__ram_vector_table__)?0x400:0x0

.interrupts     0x00000000      0x400
                0x00000000                __VECTOR_TABLE = .
                0x00000000                . = ALIGN (0x4)
 *(.isr_vector)
 .isr_vector    0x00000000      0x400 ./startup/startup_MK64F12.o
                0x00000000                __isr_vector
                0x00000400                . = ALIGN (0x4)

.flash_config   0x00000400       0x10
                0x00000400                . = ALIGN (0x4)
 *(.FlashConfig)
 .FlashConfig   0x00000400       0x10 ./startup/startup_MK64F12.o
                0x00000410                . = ALIGN (0x4)

.text           0x00000410     0xcef0
                0x00000410                . = ALIGN (0x4)
 *(.text)
 .text          0x00000410       0x54 c:/freescale/kds_v3/toolchain/bin/../lib/gcc/arm-none-eabi/4.8.4/armv7e-m/fpu/crtbegin.o
 .text          0x00000464       0x74 c:/freescale/kds_v3/toolchain/bin/../lib/gcc/arm-none-eabi/4.8.4/../../../../arm-none-eabi/lib/armv7e-m/fpu/crt0.o
                0x00000464                _start
                0x00000464                _mainCRTStartup
 .text          0x000004d8      0x1e4 ./startup/startup_MK64F12.o
                0x000004d8                Reset_Handler
                0x0000051c                DebugMon_Handler
                0x0000051c                PORTC_IRQHandler
                0x0000051c                USBDCD_IRQHandler
                0x0000051c                DMA_Error_DriverIRQHandler
                0x0000051c                CMP0_IRQHandler
                0x0000051c                UART4_ERR_DriverIRQHandler
                0x0000051c                ENET_Transmit_DriverIRQHandler
                0x0000051c                UART1_ERR_DriverIRQHandler
                0x0000051c                BusFault_Handler
                0x0000051c                LPTMR0_IRQHandler
                0x0000051c                PIT0_IRQHandler
                0x0000051c                FTM2_IRQHandler
                0x0000051c                CMP2_IRQHandler
                0x0000051c                LLWU_IRQHandler
                0x0000051c                PORTE_IRQHandler
                0x0000051c                ENET_1588_Timer_DriverIRQHandler
                0x0000051c                SWI_IRQHandler
                0x0000051c                ADC0_IRQHandler
                0x0000051c                UsageFault_Handler
                0x0000051c                FTM3_IRQHandler
                0x0000051c                CMT_IRQHandler
                0x0000051c                MCM_IRQHandler
                0x0000051c                DAC1_IRQHandler
                0x0000051c                DefaultISR
                0x0000051c                PORTA_IRQHandler
                0x0000051c                UART5_ERR_DriverIRQHandler
                0x0000051c                FTM0_IRQHandler
                0x0000051c                CMP1_IRQHandler
                0x0000051c                Reserved71_IRQHandler
                0x0000051c                PORTD_IRQHandler
                0x0000051c                PORTB_IRQHandler
                0x0000051c                LVD_LVW_IRQHandler
                0x0000051c                UART2_ERR_DriverIRQHandler
                0x0000051c                ADC1_IRQHandler
                0x0000051c                PIT1_IRQHandler
                0x0000051c                PIT2_IRQHandler
                0x0000051c                ENET_Error_DriverIRQHandler
                0x0000051c                DAC0_IRQHandler
                0x0000051c                RTC_IRQHandler
                0x0000051c                UART3_ERR_DriverIRQHandler
                0x0000051c                PDB0_IRQHandler
                0x0000051c                UART0_ERR_DriverIRQHandler
                0x0000051c                FTM1_IRQHandler
                0x0000051c                ENET_Receive_DriverIRQHandler
                0x0000051c                Read_Collision_IRQHandler
                0x0000051c                PIT3_IRQHandler
                0x0000051c                RNG_IRQHandler
                0x0000051c                RTC_Seconds_IRQHandler
                0x0000051c                MCG_IRQHandler
                0x0000051c                FTFE_IRQHandler
                0x0000051c                WDOG_EWM_IRQHandler
                0x0000051c                UART0_LON_DriverIRQHandler
                0x0000051c                MemManage_Handler
                0x0000051c                USB0_IRQHandler
                0x00000520                NMI_Handler
                0x00000524                HardFault_Handler
                0x00000534                DMA0_IRQHandler
                0x00000538                DMA1_IRQHandler
                0x0000053c                DMA2_IRQHandler
                0x00000540                DMA3_IRQHandler
                0x00000544                DMA4_IRQHandler
                0x00000548                DMA5_IRQHandler
                0x0000054c                DMA6_IRQHandler
                0x00000550                DMA7_IRQHandler
                0x00000554                DMA8_IRQHandler
                0x00000558                DMA9_IRQHandler
                0x0000055c                DMA10_IRQHandler
                0x00000560                DMA11_IRQHandler
                0x00000564                DMA12_IRQHandler
                0x00000568                DMA13_IRQHandler
                0x0000056c                DMA14_IRQHandler
                0x00000570                DMA15_IRQHandler
                0x00000574                DMA_Error_IRQHandler
                0x00000578                I2C0_IRQHandler
                0x0000057c                I2C1_IRQHandler
                0x00000580                SPI0_IRQHandler
                0x00000584                SPI1_IRQHandler
                0x00000588                I2S0_Tx_IRQHandler
                0x0000058c                I2S0_Rx_IRQHandler
                0x00000590                UART0_LON_IRQHandler
                0x00000594                UART0_RX_TX_IRQHandler
                0x00000598                UART0_ERR_IRQHandler
                0x0000059c                UART1_RX_TX_IRQHandler
                0x000005a0                UART1_ERR_IRQHandler
                0x000005a4                UART2_RX_TX_IRQHandler
                0x000005a8                UART2_ERR_IRQHandler
                0x000005ac                UART3_RX_TX_IRQHandler
                0x000005b0                UART3_ERR_IRQHandler
                0x000005b4                SPI2_IRQHandler
                0x000005b8                UART4_RX_TX_IRQHandler
                0x000005bc                UART4_ERR_IRQHandler
                0x000005c0                UART5_RX_TX_IRQHandler
                0x000005c4                UART5_ERR_IRQHandler
                0x000005c8                I2C2_IRQHandler
                0x000005cc                CAN0_ORed_Message_buffer_IRQHandler
                0x000005d0                CAN0_Bus_Off_IRQHandler
                0x000005d4                CAN0_Error_IRQHandler
                0x000005d8                CAN0_Tx_Warning_IRQHandler
                0x000005dc                CAN0_Rx_Warning_IRQHandler
                0x000005e0                CAN0_Wake_Up_IRQHandler
                0x000005e4                SDHC_IRQHandler
 .text          0x000006bc      0x370 c:/freescale/kds_v3/toolchain/bin/../lib/gcc/arm-none-eabi/4.8.4/armv7e-m/fpu\libgcc.a(_arm_addsubdf3.o)
                0x000006bc                __aeabi_drsub
                0x000006c4                __aeabi_dsub
                0x000006c4                __subdf3
                0x000006c8                __aeabi_dadd
                0x000006c8                __adddf3
                0x00000940                __floatunsidf
                0x00000940                __aeabi_ui2d
                0x00000960                __floatsidf
                0x00000960                __aeabi_i2d
                0x00000984                __aeabi_f2d
                0x00000984                __extendsfdf2
                0x000009c0                __floatundidf
                0x000009c0                __aeabi_ul2d
                0x000009d0                __floatdidf
                0x000009d0                __aeabi_l2d
 .text          0x00000a2c      0x424 c:/freescale/kds_v3/toolchain/bin/../lib/gcc/arm-none-eabi/4.8.4/armv7e-m/fpu\libgcc.a(_arm_muldivdf3.o)
                0x00000a2c                __aeabi_dmul
                0x00000a2c                __muldf3
                0x00000c80                __divdf3
                0x00000c80                __aeabi_ddiv
 .text          0x00000e50      0x110 c:/freescale/kds_v3/toolchain/bin/../lib/gcc/arm-none-eabi/4.8.4/armv7e-m/fpu\libgcc.a(_arm_cmpdf2.o)
                0x00000e50                __gtdf2
                0x00000e50                __gedf2
                0x00000e58                __ltdf2
                0x00000e58                __ledf2
                0x00000e60                __nedf2
                0x00000e60                __eqdf2
                0x00000e60                __cmpdf2
                0x00000edc                __aeabi_cdrcmple
                0x00000eec                __aeabi_cdcmpeq
                0x00000eec                __aeabi_cdcmple
                0x00000efc                __aeabi_dcmpeq
                0x00000f10                __aeabi_dcmplt
                0x00000f24                __aeabi_dcmple
                0x00000f38                __aeabi_dcmpge
                0x00000f4c                __aeabi_dcmpgt
 .text          0x00000f60       0x50 c:/freescale/kds_v3/toolchain/bin/../lib/gcc/arm-none-eabi/4.8.4/armv7e-m/fpu\libgcc.a(_arm_fixdfsi.o)
                0x00000f60                __aeabi_d2iz
                0x00000f60                __fixdfsi
 .text          0x00000fb0       0x38 c:/freescale/kds_v3/toolchain/bin/../lib/gcc/arm-none-eabi/4.8.4/armv7e-m/fpu\libgcc.a(_aeabi_ldivmod.o)
                0x00000fb0                __aeabi_ldivmod
 .text          0x00000fe8       0x2c c:/freescale/kds_v3/toolchain/bin/../lib/gcc/arm-none-eabi/4.8.4/armv7e-m/fpu\libgcc.a(_aeabi_uldivmod.o)
                0x00000fe8                __aeabi_uldivmod
 .text          0x00001014       0x30 c:/freescale/kds_v3/toolchain/bin/../lib/gcc/arm-none-eabi/4.8.4/armv7e-m/fpu\libgcc.a(_fixdfdi.o)
                0x00001014                __fixdfdi
                0x00001014                __aeabi_d2lz
 .text          0x00001044       0x44 c:/freescale/kds_v3/toolchain/bin/../lib/gcc/arm-none-eabi/4.8.4/armv7e-m/fpu\libgcc.a(_fixunsdfdi.o)
                0x00001044                __fixunsdfdi
                0x00001044                __aeabi_d2ulz
 .text          0x00001088       0x60 c:/freescale/kds_v3/toolchain/bin/../lib/gcc/arm-none-eabi/4.8.4/armv7e-m/fpu\libgcc.a(bpabi.o)
                0x00001088                __gnu_ldivmod_helper
                0x000010b8                __gnu_uldivmod_helper
 .text          0x000010e8        0x4 c:/freescale/kds_v3/toolchain/bin/../lib/gcc/arm-none-eabi/4.8.4/armv7e-m/fpu\libgcc.a(_dvmd_tls.o)
                0x000010e8                __aeabi_idiv0
                0x000010e8                __aeabi_ldiv0
 .text          0x000010ec       0x40 c:/freescale/kds_v3/toolchain/bin/../lib/gcc/arm-none-eabi/4.8.4/armv7e-m/fpu\libgcc.a(_arm_fixunsdfsi.o)
                0x000010ec                __aeabi_d2uiz
                0x000010ec                __fixunsdfsi
 .text          0x0000112c      0x298 c:/freescale/kds_v3/toolchain/bin/../lib/gcc/arm-none-eabi/4.8.4/armv7e-m/fpu\libgcc.a(_divdi3.o)
                0x0000112c                __divdi3
 .text          0x000013c4      0x284 c:/freescale/kds_v3/toolchain/bin/../lib/gcc/arm-none-eabi/4.8.4/armv7e-m/fpu\libgcc.a(_udivdi3.o)
                0x000013c4                __udivdi3
 *(.text*)
 .text.UART_EnableTx
                0x00001648       0x40 ./utilities/fsl_debug_console.o
 .text.UART_EnableRx
                0x00001688       0x40 ./utilities/fsl_debug_console.o
 .text.DbgConsole_Init
                0x000016c8       0x90 ./utilities/fsl_debug_console.o
                0x000016c8                DbgConsole_Init
 .text.DbgConsole_Printf
                0x00001758       0x40 ./utilities/fsl_debug_console.o
                0x00001758                DbgConsole_Printf
 .text.DbgConsole_Putchar
                0x00001798       0x38 ./utilities/fsl_debug_console.o
                0x00001798                DbgConsole_Putchar
 .text.DbgConsole_PrintfPaddingCharacter
                0x000017d0       0x40 ./utilities/fsl_debug_console.o
 .text.DbgConsole_ConvertRadixNumToString
                0x00001810      0x1d8 ./utilities/fsl_debug_console.o
 .text.DbgConsole_ConvertFloatRadixNumToString
                0x000019e8      0x2b8 ./utilities/fsl_debug_console.o
 .text.DbgConsole_PrintfFormattedData
                0x00001ca0      0x8a0 ./utilities/fsl_debug_console.o
 .text._write   0x00002540       0x58 ./utilities/fsl_debug_console.o
                0x00002540                _write
 .text._read    0x00002598       0x44 ./utilities/fsl_debug_console.o
                0x00002598                _read
 .text._sbrk    0x000025dc       0x5c ./utilities/fsl_sbrk.o
                0x000025dc                _sbrk
 .text.SystemInit
                0x00002638       0x3c ./startup/system_MK64F12.o
                0x00002638                SystemInit
 .text._DoInit  0x00002674       0xa0 ./source/trace/SEGGER_RTT.o
 .text._WriteBlocking
                0x00002714       0xb4 ./source/trace/SEGGER_RTT.o
 .text._WriteNoCheck
                0x000027c8       0x80 ./source/trace/SEGGER_RTT.o
 .text._GetAvailWriteSpace
                0x00002848       0x48 ./source/trace/SEGGER_RTT.o
 .text.SEGGER_RTT_WriteNoLock
                0x00002890       0x9c ./source/trace/SEGGER_RTT.o
                0x00002890                SEGGER_RTT_WriteNoLock
 .text.SEGGER_RTT_Write
                0x0000292c       0x48 ./source/trace/SEGGER_RTT.o
                0x0000292c                SEGGER_RTT_Write
 .text.prvTraceGetQueueNumber
                0x00002974       0x18 ./source/trace/trcKernelPort.o
                0x00002974                prvTraceGetQueueNumber
 .text.prvTraceGetTaskNumberHigh16
                0x0000298c       0x1c ./source/trace/trcKernelPort.o
                0x0000298c                prvTraceGetTaskNumberHigh16
 .text.prvTraceSetTaskNumberHigh16
                0x000029a8       0x2c ./source/trace/trcKernelPort.o
                0x000029a8                prvTraceSetTaskNumberHigh16
 .text.prvTraceGetObjectNumberHigh16
                0x000029d4       0x1c ./source/trace/trcKernelPort.o
                0x000029d4                prvTraceGetObjectNumberHigh16
 .text.prvTraceSetObjectNumberHigh16
                0x000029f0       0x2c ./source/trace/trcKernelPort.o
                0x000029f0                prvTraceSetObjectNumberHigh16
 .text.prvTraceGetCurrentTaskHandle
                0x00002a1c       0x10 ./source/trace/trcKernelPort.o
                0x00002a1c                prvTraceGetCurrentTaskHandle
 .text.prvIsNewTCB
                0x00002a2c       0x30 ./source/trace/trcKernelPort.o
                0x00002a2c                prvIsNewTCB
 .text.writeToRTT
                0x00002a5c       0x3c ./source/trace/trcStreamingPort.o
                0x00002a5c                writeToRTT
 .text.vTracePrint
                0x00002a98       0x18 ./source/trace/trcStreamingRecorder.o
                0x00002a98                vTracePrint
 .text.vTracePrintF
                0x00002ab0       0xa8 ./source/trace/trcStreamingRecorder.o
                0x00002ab0                vTracePrintF
 .text.xTraceGetLastError
                0x00002b58      0x228 ./source/trace/trcStreamingRecorder.o
                0x00002b58                xTraceGetLastError
 .text.prvSetRecorderEnabled
                0x00002d80       0x94 ./source/trace/trcStreamingRecorder.o
 .text.prvTraceStoreSymbolTable
                0x00002e14       0xa0 ./source/trace/trcStreamingRecorder.o
 .text.prvTraceStoreObjectDataTable
                0x00002eb4       0x9c ./source/trace/trcStreamingRecorder.o
 .text.prvTraceStoreHeader
                0x00002f50       0x9c ./source/trace/trcStreamingRecorder.o
 .text.prvTraceStoreWarnings
                0x00002fec       0x34 ./source/trace/trcStreamingRecorder.o
 .text.prvTraceStoreEvent0
                0x00003020       0x94 ./source/trace/trcStreamingRecorder.o
                0x00003020                prvTraceStoreEvent0
 .text.prvTraceStoreEvent1
                0x000030b4       0xa4 ./source/trace/trcStreamingRecorder.o
                0x000030b4                prvTraceStoreEvent1
 .text.prvTraceStoreEvent2
                0x00003158       0xac ./source/trace/trcStreamingRecorder.o
                0x00003158                prvTraceStoreEvent2
 .text.prvTraceStoreEvent3
                0x00003204       0xb4 ./source/trace/trcStreamingRecorder.o
                0x00003204                prvTraceStoreEvent3
 .text.prvTraceStoreEvent
                0x000032b8       0xe8 ./source/trace/trcStreamingRecorder.o
                0x000032b8                prvTraceStoreEvent
 .text.prvTraceStoreStringEvent
                0x000033a0       0x34 ./source/trace/trcStreamingRecorder.o
                0x000033a0                prvTraceStoreStringEvent
 .text.prvTraceStoreStringEventHelper
                0x000033d4      0x208 ./source/trace/trcStreamingRecorder.o
 .text.prvTraceStoreSimpleStringEventHelper
                0x000035dc      0x1cc ./source/trace/trcStreamingRecorder.o
                0x000035dc                prvTraceStoreSimpleStringEventHelper
 .text.prvTraceSaveSymbol
                0x000037a8      0x118 ./source/trace/trcStreamingRecorder.o
                0x000037a8                prvTraceSaveSymbol
 .text.prvTraceSaveObjectData
                0x000038c0       0xbc ./source/trace/trcStreamingRecorder.o
                0x000038c0                prvTraceSaveObjectData
 .text.prvTraceWarning
                0x0000397c       0x24 ./source/trace/trcStreamingRecorder.o
                0x0000397c                prvTraceWarning
 .text.prvTraceError
                0x000039a0       0x40 ./source/trace/trcStreamingRecorder.o
                0x000039a0                prvTraceError
 .text.prvGetTimestamp32
                0x000039e0       0x18 ./source/trace/trcStreamingRecorder.o
 .text.prvTraceStoreTSConfig
                0x000039f8       0x3c ./source/trace/trcStreamingRecorder.o
 .text.pvPortMalloc
                0x00003a34      0x1b0 ./source/heap_4.o
                0x00003a34                pvPortMalloc
 .text.vPortFree
                0x00003be4       0xe0 ./source/heap_4.o
                0x00003be4                vPortFree
 .text.prvHeapInit
                0x00003cc4       0xc4 ./source/heap_4.o
 .text.prvInsertBlockIntoFreeList
                0x00003d88       0xb0 ./source/heap_4.o
 .text.CLOCK_EnableClock
                0x00003e38       0x34 ./source/main.o
 .text.GPIO_SetPinsOutput
                0x00003e6c       0x1c ./source/main.o
 .text.GPIO_ClearPinsOutput
                0x00003e88       0x1c ./source/main.o
 .text.GPIO_TogglePinsOutput
                0x00003ea4       0x1c ./source/main.o
 .text.GPIO_ReadPinInput
                0x00003ec0       0x24 ./source/main.o
 .text.PORT_SetPinMux
                0x00003ee4       0x38 ./source/main.o
 .text.red_task
                0x00003f1c       0x80 ./source/main.o
 .text.green_task
                0x00003f9c      0x108 ./source/main.o
 .text.blue_task
                0x000040a4       0x68 ./source/main.o
 .text.main     0x0000410c      0x160 ./source/main.o
                0x0000410c                main
 .text.printchar
                0x0000426c       0x34 ./source/printf-stdarg.o
 .text.prints   0x000042a0       0xb4 ./source/printf-stdarg.o
 .text.printi   0x00004354       0xdc ./source/printf-stdarg.o
 .text.print    0x00004430      0x1e8 ./source/printf-stdarg.o
 .text.printf   0x00004618       0x28 ./source/printf-stdarg.o
                0x00004618                printf
 .text.pxPortInitialiseStack
                0x00004640       0x64 ./freertos/Source/portable/GCC/ARM_CM4F/port.o
                0x00004640                pxPortInitialiseStack
 .text.prvTaskExitError
                0x000046a4       0x3c ./freertos/Source/portable/GCC/ARM_CM4F/port.o
 .text.SVC_Handler
                0x000046e0       0x20 ./freertos/Source/portable/GCC/ARM_CM4F/port.o
                0x000046e0                SVC_Handler
 .text.prvPortStartFirstTask
                0x00004700       0x20 ./freertos/Source/portable/GCC/ARM_CM4F/port.o
 .text.xPortStartScheduler
                0x00004720      0x118 ./freertos/Source/portable/GCC/ARM_CM4F/port.o
                0x00004720                xPortStartScheduler
 .text.vPortEnterCritical
                0x00004838       0x5c ./freertos/Source/portable/GCC/ARM_CM4F/port.o
                0x00004838                vPortEnterCritical
 .text.vPortExitCritical
                0x00004894       0x4c ./freertos/Source/portable/GCC/ARM_CM4F/port.o
                0x00004894                vPortExitCritical
 .text.PendSV_Handler
                0x000048e0       0x60 ./freertos/Source/portable/GCC/ARM_CM4F/port.o
                0x000048e0                PendSV_Handler
 .text.SysTick_Handler
                0x00004940       0x44 ./freertos/Source/portable/GCC/ARM_CM4F/port.o
                0x00004940                SysTick_Handler
 .text.vPortSetupTimerInterrupt
                0x00004984       0x34 ./freertos/Source/portable/GCC/ARM_CM4F/port.o
                0x00004984                vPortSetupTimerInterrupt
 .text.vPortEnableVFP
                0x000049b8       0x14 ./freertos/Source/portable/GCC/ARM_CM4F/port.o
 .text.vPortValidateInterruptPriority
                0x000049cc       0x78 ./freertos/Source/portable/GCC/ARM_CM4F/port.o
                0x000049cc                vPortValidateInterruptPriority
 .text.vListInitialise
                0x00004a44       0x40 ./freertos/Source/list.o
                0x00004a44                vListInitialise
 .text.vListInitialiseItem
                0x00004a84       0x18 ./freertos/Source/list.o
                0x00004a84                vListInitialiseItem
 .text.vListInsertEnd
                0x00004a9c       0x48 ./freertos/Source/list.o
                0x00004a9c                vListInsertEnd
 .text.vListInsert
                0x00004ae4       0x70 ./freertos/Source/list.o
                0x00004ae4                vListInsert
 .text.uxListRemove
                0x00004b54       0x54 ./freertos/Source/list.o
                0x00004b54                uxListRemove
 .text.xQueueGenericReset
                0x00004ba8       0xd0 ./freertos/Source/queue.o
                0x00004ba8                xQueueGenericReset
 .text.xQueueGenericCreate
                0x00004c78       0xf0 ./freertos/Source/queue.o
                0x00004c78                xQueueGenericCreate
 .text.xQueueGenericSend
                0x00004d68      0x438 ./freertos/Source/queue.o
                0x00004d68                xQueueGenericSend
 .text.xQueueGenericSendFromISR
                0x000051a0      0x1d0 ./freertos/Source/queue.o
                0x000051a0                xQueueGenericSendFromISR
 .text.xQueueGenericReceive
                0x00005370      0x574 ./freertos/Source/queue.o
                0x00005370                xQueueGenericReceive
 .text.uxQueueGetQueueNumber
                0x000058e4       0x18 ./freertos/Source/queue.o
                0x000058e4                uxQueueGetQueueNumber
 .text.vQueueSetQueueNumber
                0x000058fc       0x1c ./freertos/Source/queue.o
                0x000058fc                vQueueSetQueueNumber
 .text.prvCopyDataToQueue
                0x00005918       0xdc ./freertos/Source/queue.o
 .text.prvCopyDataFromQueue
                0x000059f4       0x4c ./freertos/Source/queue.o
 .text.prvUnlockQueue
                0x00005a40       0x98 ./freertos/Source/queue.o
 .text.prvIsQueueEmpty
                0x00005ad8       0x2c ./freertos/Source/queue.o
 .text.prvIsQueueFull
                0x00005b04       0x30 ./freertos/Source/queue.o
 .text.vQueueAddToRegistry
                0x00005b34       0x60 ./freertos/Source/queue.o
                0x00005b34                vQueueAddToRegistry
 .text.vQueueWaitForMessageRestricted
                0x00005b94       0x5c ./freertos/Source/queue.o
                0x00005b94                vQueueWaitForMessageRestricted
 .text.xTaskGenericCreate
                0x00005bf0      0x208 ./freertos/Source/tasks.o
                0x00005bf0                xTaskGenericCreate
 .text.vTaskDelay
                0x00005df8       0xcc ./freertos/Source/tasks.o
                0x00005df8                vTaskDelay
 .text.vTaskSuspend
                0x00005ec4      0x138 ./freertos/Source/tasks.o
                0x00005ec4                vTaskSuspend
 .text.prvTaskIsTaskSuspended
                0x00005ffc       0x74 ./freertos/Source/tasks.o
 .text.vTaskResume
                0x00006070      0x118 ./freertos/Source/tasks.o
                0x00006070                vTaskResume
 .text.vTaskStartScheduler
                0x00006188       0x98 ./freertos/Source/tasks.o
                0x00006188                vTaskStartScheduler
 .text.vTaskSuspendAll
                0x00006220       0x1c ./freertos/Source/tasks.o
                0x00006220                vTaskSuspendAll
 .text.xTaskResumeAll
                0x0000623c      0x14c ./freertos/Source/tasks.o
                0x0000623c                xTaskResumeAll
 .text.xTaskGetTickCount
                0x00006388       0x20 ./freertos/Source/tasks.o
                0x00006388                xTaskGetTickCount
 .text.xTaskIncrementTick
                0x000063a8      0x1b8 ./freertos/Source/tasks.o
                0x000063a8                xTaskIncrementTick
 .text.vTaskSwitchContext
                0x00006560       0xf4 ./freertos/Source/tasks.o
                0x00006560                vTaskSwitchContext
 .text.vTaskPlaceOnEventList
                0x00006654       0x9c ./freertos/Source/tasks.o
                0x00006654                vTaskPlaceOnEventList
 .text.vTaskPlaceOnEventListRestricted
                0x000066f0       0xc4 ./freertos/Source/tasks.o
                0x000066f0                vTaskPlaceOnEventListRestricted
 .text.xTaskRemoveFromEventList
                0x000067b4       0xe8 ./freertos/Source/tasks.o
                0x000067b4                xTaskRemoveFromEventList
 .text.vTaskSetTimeOutState
                0x0000689c       0x44 ./freertos/Source/tasks.o
                0x0000689c                vTaskSetTimeOutState
 .text.xTaskCheckForTimeOut
                0x000068e0       0xbc ./freertos/Source/tasks.o
                0x000068e0                xTaskCheckForTimeOut
 .text.vTaskMissedYield
                0x0000699c       0x18 ./freertos/Source/tasks.o
                0x0000699c                vTaskMissedYield
 .text.uxTaskGetTaskNumber
                0x000069b4       0x2c ./freertos/Source/tasks.o
                0x000069b4                uxTaskGetTaskNumber
 .text.vTaskSetTaskNumber
                0x000069e0       0x24 ./freertos/Source/tasks.o
                0x000069e0                vTaskSetTaskNumber
 .text.prvIdleTask
                0x00006a04       0x30 ./freertos/Source/tasks.o
 .text.prvInitialiseTCBVariables
                0x00006a34       0xa4 ./freertos/Source/tasks.o
 .text.prvInitialiseTaskLists
                0x00006ad8       0x7c ./freertos/Source/tasks.o
 .text.prvCheckTasksWaitingTermination
                0x00006b54       0x74 ./freertos/Source/tasks.o
 .text.prvAddCurrentTaskToDelayedList
                0x00006bc8       0x6c ./freertos/Source/tasks.o
 .text.prvAllocateTCBAndStack
                0x00006c34       0x70 ./freertos/Source/tasks.o
 .text.prvDeleteTCB
                0x00006ca4       0x20 ./freertos/Source/tasks.o
 .text.prvResetNextTaskUnblockTime
                0x00006cc4       0x48 ./freertos/Source/tasks.o
 .text.xTaskGetCurrentTaskHandle
                0x00006d0c       0x20 ./freertos/Source/tasks.o
                0x00006d0c                xTaskGetCurrentTaskHandle
 .text.xTaskGetSchedulerState
                0x00006d2c       0x3c ./freertos/Source/tasks.o
                0x00006d2c                xTaskGetSchedulerState
 .text.vTaskPriorityInherit
                0x00006d68      0x158 ./freertos/Source/tasks.o
                0x00006d68                vTaskPriorityInherit
 .text.xTaskPriorityDisinherit
                0x00006ec0      0x170 ./freertos/Source/tasks.o
                0x00006ec0                xTaskPriorityDisinherit
 .text.pvTaskIncrementMutexHeldCount
                0x00007030       0x28 ./freertos/Source/tasks.o
                0x00007030                pvTaskIncrementMutexHeldCount
 .text.xTimerCreateTimerTask
                0x00007058       0x68 ./freertos/Source/timers.o
                0x00007058                xTimerCreateTimerTask
 .text.xTimerGenericCommand
                0x000070c0       0xa4 ./freertos/Source/timers.o
                0x000070c0                xTimerGenericCommand
 .text.prvProcessExpiredTimer
                0x00007164       0x80 ./freertos/Source/timers.o
 .text.prvTimerTask
                0x000071e4       0x24 ./freertos/Source/timers.o
 .text.prvProcessTimerOrBlockTask
                0x00007208       0x9c ./freertos/Source/timers.o
 .text.prvGetNextExpireTime
                0x000072a4       0x48 ./freertos/Source/timers.o
 .text.prvSampleTimeNow
                0x000072ec       0x40 ./freertos/Source/timers.o
 .text.prvInsertTimerInActiveList
                0x0000732c       0x84 ./freertos/Source/timers.o
 .text.prvProcessReceivedCommands
                0x000073b0      0x12c ./freertos/Source/timers.o
 .text.prvSwitchTimerLists
                0x000074dc       0xc0 ./freertos/Source/timers.o
 .text.prvCheckForValidListAndQueue
                0x0000759c       0x8c ./freertos/Source/timers.o
 .text.CLOCK_SetEr32kClock
                0x00007628       0x2c ./drivers/fsl_clock.o
 .text.CLOCK_SetPllFllSelClock
                0x00007654       0x38 ./drivers/fsl_clock.o
 .text.OSC_SetExtRefClkConfig
                0x0000768c       0x34 ./drivers/fsl_clock.o
 .text.OSC_SetCapLoad
                0x000076c0       0x34 ./drivers/fsl_clock.o
 .text.CLOCK_GetMcgExtClkFreq
                0x000076f4       0x8c ./drivers/fsl_clock.o
 .text.CLOCK_GetFllExtRefClkFreq
                0x00007780       0xc8 ./drivers/fsl_clock.o
 .text.CLOCK_GetInternalRefClkSelectFreq
                0x00007848       0x44 ./drivers/fsl_clock.o
 .text.CLOCK_GetFllRefClkFreq
                0x0000788c       0x2c ./drivers/fsl_clock.o
 .text.CLOCK_GetPll0RefFreq
                0x000078b8       0x10 ./drivers/fsl_clock.o
 .text.CLOCK_GetOscRangeFromFreq
                0x000078c8       0x3c ./drivers/fsl_clock.o
 .text.CLOCK_GetCoreSysClkFreq
                0x00007904       0x24 ./drivers/fsl_clock.o
                0x00007904                CLOCK_GetCoreSysClkFreq
 .text.CLOCK_SetSimConfig
                0x00007928       0x34 ./drivers/fsl_clock.o
                0x00007928                CLOCK_SetSimConfig
 .text.CLOCK_GetOutClkFreq
                0x0000795c       0x64 ./drivers/fsl_clock.o
                0x0000795c                CLOCK_GetOutClkFreq
 .text.CLOCK_GetFllFreq
                0x000079c0       0x74 ./drivers/fsl_clock.o
                0x000079c0                CLOCK_GetFllFreq
 .text.CLOCK_GetPll0Freq
                0x00007a34       0x58 ./drivers/fsl_clock.o
                0x00007a34                CLOCK_GetPll0Freq
 .text.CLOCK_SetExternalRefClkConfig
                0x00007a8c       0x90 ./drivers/fsl_clock.o
                0x00007a8c                CLOCK_SetExternalRefClkConfig
 .text.CLOCK_SetInternalRefClkConfig
                0x00007b1c      0x104 ./drivers/fsl_clock.o
                0x00007b1c                CLOCK_SetInternalRefClkConfig
 .text.CLOCK_EnablePll0
                0x00007c20       0x94 ./drivers/fsl_clock.o
                0x00007c20                CLOCK_EnablePll0
 .text.CLOCK_InitOsc0
                0x00007cb4       0x8c ./drivers/fsl_clock.o
                0x00007cb4                CLOCK_InitOsc0
 .text.CLOCK_SetPbeMode
                0x00007d40       0x98 ./drivers/fsl_clock.o
                0x00007d40                CLOCK_SetPbeMode
 .text.CLOCK_BootToPeeMode
                0x00007dd8       0x74 ./drivers/fsl_clock.o
                0x00007dd8                CLOCK_BootToPeeMode
 .text.__assert_func
                0x00007e4c       0x28 ./drivers/fsl_common.o
                0x00007e4c                __assert_func
 .text.DSPI_IsMaster
                0x00007e74       0x1c ./drivers/fsl_dspi.o
 .text.DSPI_CommonIRQHandler
                0x00007e90       0x3c ./drivers/fsl_dspi.o
 .text.SPI0_DriverIRQHandler
                0x00007ecc       0x3c ./drivers/fsl_dspi.o
                0x00007ecc                SPI0_DriverIRQHandler
 .text.SPI1_DriverIRQHandler
                0x00007f08       0x3c ./drivers/fsl_dspi.o
                0x00007f08                SPI1_DriverIRQHandler
 .text.SPI2_DriverIRQHandler
                0x00007f44       0x3c ./drivers/fsl_dspi.o
                0x00007f44                SPI2_DriverIRQHandler
 .text.EDMA_HandleIRQ
                0x00007f80      0x154 ./drivers/fsl_edma.o
                0x00007f80                EDMA_HandleIRQ
 .text.DMA0_DriverIRQHandler
                0x000080d4       0x14 ./drivers/fsl_edma.o
                0x000080d4                DMA0_DriverIRQHandler
 .text.DMA1_DriverIRQHandler
                0x000080e8       0x14 ./drivers/fsl_edma.o
                0x000080e8                DMA1_DriverIRQHandler
 .text.DMA2_DriverIRQHandler
                0x000080fc       0x14 ./drivers/fsl_edma.o
                0x000080fc                DMA2_DriverIRQHandler
 .text.DMA3_DriverIRQHandler
                0x00008110       0x14 ./drivers/fsl_edma.o
                0x00008110                DMA3_DriverIRQHandler
 .text.DMA4_DriverIRQHandler
                0x00008124       0x14 ./drivers/fsl_edma.o
                0x00008124                DMA4_DriverIRQHandler
 .text.DMA5_DriverIRQHandler
                0x00008138       0x14 ./drivers/fsl_edma.o
                0x00008138                DMA5_DriverIRQHandler
 .text.DMA6_DriverIRQHandler
                0x0000814c       0x14 ./drivers/fsl_edma.o
                0x0000814c                DMA6_DriverIRQHandler
 .text.DMA7_DriverIRQHandler
                0x00008160       0x14 ./drivers/fsl_edma.o
                0x00008160                DMA7_DriverIRQHandler
 .text.DMA8_DriverIRQHandler
                0x00008174       0x14 ./drivers/fsl_edma.o
                0x00008174                DMA8_DriverIRQHandler
 .text.DMA9_DriverIRQHandler
                0x00008188       0x14 ./drivers/fsl_edma.o
                0x00008188                DMA9_DriverIRQHandler
 .text.DMA10_DriverIRQHandler
                0x0000819c       0x14 ./drivers/fsl_edma.o
                0x0000819c                DMA10_DriverIRQHandler
 .text.DMA11_DriverIRQHandler
                0x000081b0       0x14 ./drivers/fsl_edma.o
                0x000081b0                DMA11_DriverIRQHandler
 .text.DMA12_DriverIRQHandler
                0x000081c4       0x14 ./drivers/fsl_edma.o
                0x000081c4                DMA12_DriverIRQHandler
 .text.DMA13_DriverIRQHandler
                0x000081d8       0x14 ./drivers/fsl_edma.o
                0x000081d8                DMA13_DriverIRQHandler
 .text.DMA14_DriverIRQHandler
                0x000081ec       0x14 ./drivers/fsl_edma.o
                0x000081ec                DMA14_DriverIRQHandler
 .text.DMA15_DriverIRQHandler
                0x00008200       0x14 ./drivers/fsl_edma.o
                0x00008200                DMA15_DriverIRQHandler
 .text.ENET_EnableSleepMode
                0x00008214       0x38 ./drivers/fsl_enet.o
 .text.ENET_TransmitIRQHandler
                0x0000824c       0x5c ./drivers/fsl_enet.o
                0x0000824c                ENET_TransmitIRQHandler
 .text.ENET_ReceiveIRQHandler
                0x000082a8       0x5c ./drivers/fsl_enet.o
                0x000082a8                ENET_ReceiveIRQHandler
 .text.ENET_ErrorIRQHandler
                0x00008304       0x98 ./drivers/fsl_enet.o
                0x00008304                ENET_ErrorIRQHandler
 .text.ENET_Transmit_IRQHandler
                0x0000839c       0x1c ./drivers/fsl_enet.o
                0x0000839c                ENET_Transmit_IRQHandler
 .text.ENET_Receive_IRQHandler
                0x000083b8       0x1c ./drivers/fsl_enet.o
                0x000083b8                ENET_Receive_IRQHandler
 .text.ENET_Error_IRQHandler
                0x000083d4       0x1c ./drivers/fsl_enet.o
                0x000083d4                ENET_Error_IRQHandler
 .text.ENET_1588_Timer_IRQHandler
                0x000083f0        0xc ./drivers/fsl_enet.o
                0x000083f0                ENET_1588_Timer_IRQHandler
 .text.FLEXCAN_ClearStatusFlags
                0x000083fc       0x1c ./drivers/fsl_flexcan.o
 .text.FLEXCAN_GetMbStatusFlags
                0x00008418       0x20 ./drivers/fsl_flexcan.o
 .text.FLEXCAN_ClearMbStatusFlags
                0x00008438       0x1c ./drivers/fsl_flexcan.o
 .text.FLEXCAN_DisableMbInterrupts
                0x00008454       0x24 ./drivers/fsl_flexcan.o
 .text.FLEXCAN_IsMbOccupied
                0x00008478       0x50 ./drivers/fsl_flexcan.o
 .text.FLEXCAN_IsMbIntEnabled
                0x000084c8       0x4c ./drivers/fsl_flexcan.o
 .text.FLEXCAN_SetTxMbConfig
                0x00008514       0xb0 ./drivers/fsl_flexcan.o
                0x00008514                FLEXCAN_SetTxMbConfig
 .text.FLEXCAN_ReadRxMb
                0x000085c4      0x140 ./drivers/fsl_flexcan.o
                0x000085c4                FLEXCAN_ReadRxMb
 .text.FlEXCAN_ReadRxFifo
                0x00008704       0xdc ./drivers/fsl_flexcan.o
                0x00008704                FlEXCAN_ReadRxFifo
 .text.FLEXCAN_TransferAbortSend
                0x000087e0       0xac ./drivers/fsl_flexcan.o
                0x000087e0                FLEXCAN_TransferAbortSend
 .text.FLEXCAN_TransferAbortReceive
                0x0000888c       0xa0 ./drivers/fsl_flexcan.o
                0x0000888c                FLEXCAN_TransferAbortReceive
 .text.FLEXCAN_TransferAbortReceiveFifo
                0x0000892c       0x54 ./drivers/fsl_flexcan.o
                0x0000892c                FLEXCAN_TransferAbortReceiveFifo
 .text.FLEXCAN_TransferHandleIRQ
                0x00008980      0x228 ./drivers/fsl_flexcan.o
                0x00008980                FLEXCAN_TransferHandleIRQ
 .text.CAN0_DriverIRQHandler
                0x00008ba8       0x3c ./drivers/fsl_flexcan.o
                0x00008ba8                CAN0_DriverIRQHandler
 .text.GPIO_WritePinOutput
                0x00008be4       0x3c ./drivers/fsl_gpio.o
 .text.GPIO_PinInit
                0x00008c20       0x70 ./drivers/fsl_gpio.o
                0x00008c20                GPIO_PinInit
 .text.I2C_TransferCommonIRQHandler
                0x00008c90       0x4c ./drivers/fsl_i2c.o
 .text.I2C0_DriverIRQHandler
                0x00008cdc       0x1c ./drivers/fsl_i2c.o
                0x00008cdc                I2C0_DriverIRQHandler
 .text.I2C1_DriverIRQHandler
                0x00008cf8       0x1c ./drivers/fsl_i2c.o
                0x00008cf8                I2C1_DriverIRQHandler
 .text.I2C2_DriverIRQHandler
                0x00008d14       0x1c ./drivers/fsl_i2c.o
                0x00008d14                I2C2_DriverIRQHandler
 .text.SAI_TxClearStatusFlags
                0x00008d30       0x24 ./drivers/fsl_sai.o
 .text.SAI_RxClearStatusFlags
                0x00008d54       0x28 ./drivers/fsl_sai.o
 .text.SAI_TxDisableInterrupts
                0x00008d7c       0x28 ./drivers/fsl_sai.o
 .text.SAI_RxDisableInterrupts
                0x00008da4       0x2c ./drivers/fsl_sai.o
 .text.SAI_WriteNonBlocking
                0x00008dd0       0x94 ./drivers/fsl_sai.o
 .text.SAI_ReadNonBlocking
                0x00008e64       0x7c ./drivers/fsl_sai.o
 .text.SAI_TxEnable
                0x00008ee0       0x64 ./drivers/fsl_sai.o
                0x00008ee0                SAI_TxEnable
 .text.SAI_RxEnable
                0x00008f44       0x6c ./drivers/fsl_sai.o
                0x00008f44                SAI_RxEnable
 .text.SAI_TransferAbortSend
                0x00008fb0       0x68 ./drivers/fsl_sai.o
                0x00008fb0                SAI_TransferAbortSend
 .text.SAI_TransferAbortReceive
                0x00009018       0x68 ./drivers/fsl_sai.o
                0x00009018                SAI_TransferAbortReceive
 .text.SAI_TransferTxHandleIRQ
                0x00009080      0x1c4 ./drivers/fsl_sai.o
                0x00009080                SAI_TransferTxHandleIRQ
 .text.SAI_TransferRxHandleIRQ
                0x00009244      0x1c0 ./drivers/fsl_sai.o
                0x00009244                SAI_TransferRxHandleIRQ
 .text.I2S0_Tx_DriverIRQHandler
                0x00009404       0x3c ./drivers/fsl_sai.o
                0x00009404                I2S0_Tx_DriverIRQHandler
 .text.I2S0_Rx_DriverIRQHandler
                0x00009440       0x3c ./drivers/fsl_sai.o
                0x00009440                I2S0_Rx_DriverIRQHandler
 .text.SDHC_GetInterruptStatusFlags
                0x0000947c       0x18 ./drivers/fsl_sdhc.o
 .text.SDHC_ClearInterruptStatusFlags
                0x00009494       0x1c ./drivers/fsl_sdhc.o
 .text.SDHC_GetCommandResponse
                0x000094b0       0x3c ./drivers/fsl_sdhc.o
 .text.SDHC_WriteData
                0x000094ec       0x1c ./drivers/fsl_sdhc.o
 .text.SDHC_ReadData
                0x00009508       0x18 ./drivers/fsl_sdhc.o
 .text.SDHC_ReceiveCommandResponse
                0x00009520       0xd8 ./drivers/fsl_sdhc.o
 .text.SDHC_ReadDataPort
                0x000095f8       0xac ./drivers/fsl_sdhc.o
 .text.SDHC_WriteDataPort
                0x000096a4       0xb0 ./drivers/fsl_sdhc.o
 .text.SDHC_TransferHandleCardDetect
                0x00009754       0x5c ./drivers/fsl_sdhc.o
 .text.SDHC_TransferHandleCommand
                0x000097b0       0x94 ./drivers/fsl_sdhc.o
 .text.SDHC_TransferHandleData
                0x00009844       0xf8 ./drivers/fsl_sdhc.o
 .text.SDHC_TransferHandleSdioInterrupt
                0x0000993c       0x1c ./drivers/fsl_sdhc.o
 .text.SDHC_TransferHandleSdioBlockGap
                0x00009958       0x1c ./drivers/fsl_sdhc.o
 .text.SDHC_TransferHandleIRQ
                0x00009974       0xbc ./drivers/fsl_sdhc.o
                0x00009974                SDHC_TransferHandleIRQ
 .text.SDHC_DriverIRQHandler
                0x00009a30       0x3c ./drivers/fsl_sdhc.o
                0x00009a30                SDHC_DriverIRQHandler
 .text.CLOCK_EnableClock
                0x00009a6c       0x34 ./drivers/fsl_uart.o
 .text.UART_GetInstance
                0x00009aa0       0x60 ./drivers/fsl_uart.o
                0x00009aa0                UART_GetInstance
 .text.UART_Init
                0x00009b00      0x250 ./drivers/fsl_uart.o
                0x00009b00                UART_Init
 .text.UART_GetDefaultConfig
                0x00009d50       0x5c ./drivers/fsl_uart.o
                0x00009d50                UART_GetDefaultConfig
 .text.UART_GetStatusFlags
                0x00009dac       0x48 ./drivers/fsl_uart.o
                0x00009dac                UART_GetStatusFlags
 .text.UART_WriteBlocking
                0x00009df4       0x40 ./drivers/fsl_uart.o
                0x00009df4                UART_WriteBlocking
 .text.UART_ReadBlocking
                0x00009e34       0x84 ./drivers/fsl_uart.o
                0x00009e34                UART_ReadBlocking
 .text.UART0_DriverIRQHandler
                0x00009eb8       0x20 ./drivers/fsl_uart.o
                0x00009eb8                UART0_DriverIRQHandler
 .text.UART0_RX_TX_DriverIRQHandler
                0x00009ed8        0xc ./drivers/fsl_uart.o
                0x00009ed8                UART0_RX_TX_DriverIRQHandler
 .text.UART1_DriverIRQHandler
                0x00009ee4       0x20 ./drivers/fsl_uart.o
                0x00009ee4                UART1_DriverIRQHandler
 .text.UART1_RX_TX_DriverIRQHandler
                0x00009f04        0xc ./drivers/fsl_uart.o
                0x00009f04                UART1_RX_TX_DriverIRQHandler
 .text.UART2_DriverIRQHandler
                0x00009f10       0x20 ./drivers/fsl_uart.o
                0x00009f10                UART2_DriverIRQHandler
 .text.UART2_RX_TX_DriverIRQHandler
                0x00009f30        0xc ./drivers/fsl_uart.o
                0x00009f30                UART2_RX_TX_DriverIRQHandler
 .text.UART3_DriverIRQHandler
                0x00009f3c       0x20 ./drivers/fsl_uart.o
                0x00009f3c                UART3_DriverIRQHandler
 .text.UART3_RX_TX_DriverIRQHandler
                0x00009f5c        0xc ./drivers/fsl_uart.o
                0x00009f5c                UART3_RX_TX_DriverIRQHandler
 .text.UART4_DriverIRQHandler
                0x00009f68       0x20 ./drivers/fsl_uart.o
                0x00009f68                UART4_DriverIRQHandler
 .text.UART4_RX_TX_DriverIRQHandler
                0x00009f88        0xc ./drivers/fsl_uart.o
                0x00009f88                UART4_RX_TX_DriverIRQHandler
 .text.UART5_DriverIRQHandler
                0x00009f94       0x20 ./drivers/fsl_uart.o
                0x00009f94                UART5_DriverIRQHandler
 .text.UART5_RX_TX_DriverIRQHandler
                0x00009fb4        0xc ./drivers/fsl_uart.o
                0x00009fb4                UART5_RX_TX_DriverIRQHandler
 .text.BOARD_InitDebugConsole
                0x00009fc0       0x24 ./board/board.o
                0x00009fc0                BOARD_InitDebugConsole
 .text.CLOCK_SetXtal0Freq
                0x00009fe4       0x1c ./board/clock_config.o
 .text.CLOCK_SetSimSafeDivs
                0x0000a000       0x20 ./board/clock_config.o
 .text.BOARD_BootClockRUN
                0x0000a020       0x58 ./board/clock_config.o
                0x0000a020                BOARD_BootClockRUN
 .text.CLOCK_EnableClock
                0x0000a078       0x34 ./board/pin_mux.o
 .text.PORT_SetPinMux
                0x0000a0ac       0x38 ./board/pin_mux.o
 .text.BOARD_InitPins
                0x0000a0e4       0x28 ./board/pin_mux.o
                0x0000a0e4                BOARD_InitPins
 .text.modf     0x0000a10c       0xa4 c:/freescale/kds_v3/toolchain/bin/../lib/gcc/arm-none-eabi/4.8.4/../../../../arm-none-eabi/lib/armv7e-m/fpu\libm.a(lib_a-s_modf.o)
                0x0000a10c                modf
 .text.pow      0x0000a1b0      0x340 c:/freescale/kds_v3/toolchain/bin/../lib/gcc/arm-none-eabi/4.8.4/../../../../arm-none-eabi/lib/armv7e-m/fpu\libm.a(lib_a-w_pow.o)
                0x0000a1b0                pow
 .text.__ieee754_pow
                0x0000a4f0      0xae8 c:/freescale/kds_v3/toolchain/bin/../lib/gcc/arm-none-eabi/4.8.4/../../../../arm-none-eabi/lib/armv7e-m/fpu\libm.a(lib_a-e_pow.o)
                0x0000a4f0                __ieee754_pow
 .text.__ieee754_sqrt
                0x0000afd8      0x198 c:/freescale/kds_v3/toolchain/bin/../lib/gcc/arm-none-eabi/4.8.4/../../../../arm-none-eabi/lib/armv7e-m/fpu\libm.a(lib_a-e_sqrt.o)
                0x0000afd8                __ieee754_sqrt
 .text.fabs     0x0000b170       0x14 c:/freescale/kds_v3/toolchain/bin/../lib/gcc/arm-none-eabi/4.8.4/../../../../arm-none-eabi/lib/armv7e-m/fpu\libm.a(lib_a-s_fabs.o)
                0x0000b170                fabs
 .text.finite   0x0000b184       0x10 c:/freescale/kds_v3/toolchain/bin/../lib/gcc/arm-none-eabi/4.8.4/../../../../arm-none-eabi/lib/armv7e-m/fpu\libm.a(lib_a-s_finite.o)
                0x0000b184                finite
 .text.__fpclassifyd
                0x0000b194       0x54 c:/freescale/kds_v3/toolchain/bin/../lib/gcc/arm-none-eabi/4.8.4/../../../../arm-none-eabi/lib/armv7e-m/fpu\libm.a(lib_a-s_fpclassify.o)
                0x0000b194                __fpclassifyd
 .text.matherr  0x0000b1e8        0x4 c:/freescale/kds_v3/toolchain/bin/../lib/gcc/arm-none-eabi/4.8.4/../../../../arm-none-eabi/lib/armv7e-m/fpu\libm.a(lib_a-s_matherr.o)
                0x0000b1e8                matherr
 *fill*         0x0000b1ec        0x4 
 .text.nan      0x0000b1f0       0x10 c:/freescale/kds_v3/toolchain/bin/../lib/gcc/arm-none-eabi/4.8.4/../../../../arm-none-eabi/lib/armv7e-m/fpu\libm.a(lib_a-s_nan.o)
                0x0000b1f0                nan
 .text.rint     0x0000b200      0x120 c:/freescale/kds_v3/toolchain/bin/../lib/gcc/arm-none-eabi/4.8.4/../../../../arm-none-eabi/lib/armv7e-m/fpu\libm.a(lib_a-s_rint.o)
                0x0000b200                rint
 .text.scalbn   0x0000b320      0x120 c:/freescale/kds_v3/toolchain/bin/../lib/gcc/arm-none-eabi/4.8.4/../../../../arm-none-eabi/lib/armv7e-m/fpu\libm.a(lib_a-s_scalbn.o)
                0x0000b320                scalbn
 .text.copysign
                0x0000b440       0x24 c:/freescale/kds_v3/toolchain/bin/../lib/gcc/arm-none-eabi/4.8.4/../../../../arm-none-eabi/lib/armv7e-m/fpu\libm.a(lib_a-s_copysign.o)
                0x0000b440                copysign
 .text.__errno  0x0000b464        0xc c:/freescale/kds_v3/toolchain/bin/../lib/gcc/arm-none-eabi/4.8.4/../../../../arm-none-eabi/lib/armv7e-m/fpu\libg_s.a(lib_a-errno.o)
                0x0000b464                __errno
 .text.exit     0x0000b470       0x28 c:/freescale/kds_v3/toolchain/bin/../lib/gcc/arm-none-eabi/4.8.4/../../../../arm-none-eabi/lib/armv7e-m/fpu\libg_s.a(lib_a-exit.o)
                0x0000b470                exit
 .text.__libc_init_array
                0x0000b498       0x4c c:/freescale/kds_v3/toolchain/bin/../lib/gcc/arm-none-eabi/4.8.4/../../../../arm-none-eabi/lib/armv7e-m/fpu\libg_s.a(lib_a-init.o)
                0x0000b498                __libc_init_array
 .text.memcpy   0x0000b4e4       0x12 c:/freescale/kds_v3/toolchain/bin/../lib/gcc/arm-none-eabi/4.8.4/../../../../arm-none-eabi/lib/armv7e-m/fpu\libg_s.a(lib_a-memcpy-stub.o)
                0x0000b4e4                memcpy
 .text.memset   0x0000b4f6       0x10 c:/freescale/kds_v3/toolchain/bin/../lib/gcc/arm-none-eabi/4.8.4/../../../../arm-none-eabi/lib/armv7e-m/fpu\libg_s.a(lib_a-memset.o)
                0x0000b4f6                memset
 *fill*         0x0000b506        0x2 
 .text.putchar  0x0000b508       0x28 c:/freescale/kds_v3/toolchain/bin/../lib/gcc/arm-none-eabi/4.8.4/../../../../arm-none-eabi/lib/armv7e-m/fpu\libg_s.a(lib_a-putchar.o)
                0x0000b508                putchar
 .text._puts_r  0x0000b530       0xc0 c:/freescale/kds_v3/toolchain/bin/../lib/gcc/arm-none-eabi/4.8.4/../../../../arm-none-eabi/lib/armv7e-m/fpu\libg_s.a(lib_a-puts.o)
                0x0000b530                _puts_r
 .text.puts     0x0000b5f0       0x10 c:/freescale/kds_v3/toolchain/bin/../lib/gcc/arm-none-eabi/4.8.4/../../../../arm-none-eabi/lib/armv7e-m/fpu\libg_s.a(lib_a-puts.o)
                0x0000b5f0                puts
 .text.rand     0x0000b600       0x74 c:/freescale/kds_v3/toolchain/bin/../lib/gcc/arm-none-eabi/4.8.4/../../../../arm-none-eabi/lib/armv7e-m/fpu\libg_s.a(lib_a-rand.o)
                0x0000b600                rand
 .text.strcpy   0x0000b674       0x10 c:/freescale/kds_v3/toolchain/bin/../lib/gcc/arm-none-eabi/4.8.4/../../../../arm-none-eabi/lib/armv7e-m/fpu\libg_s.a(lib_a-strcpy.o)
                0x0000b674                strcpy
 .text.strlen   0x0000b684       0x10 c:/freescale/kds_v3/toolchain/bin/../lib/gcc/arm-none-eabi/4.8.4/../../../../arm-none-eabi/lib/armv7e-m/fpu\libg_s.a(lib_a-strlen.o)
                0x0000b684                strlen
 .text.__swbuf_r
                0x0000b694       0xa8 c:/freescale/kds_v3/toolchain/bin/../lib/gcc/arm-none-eabi/4.8.4/../../../../arm-none-eabi/lib/armv7e-m/fpu\libg_s.a(lib_a-wbuf.o)
                0x0000b694                __swbuf_r
 .text.__swsetup_r
                0x0000b73c       0xdc c:/freescale/kds_v3/toolchain/bin/../lib/gcc/arm-none-eabi/4.8.4/../../../../arm-none-eabi/lib/armv7e-m/fpu\libg_s.a(lib_a-wsetup.o)
                0x0000b73c                __swsetup_r
 .text.__sflush_r
                0x0000b818      0x106 c:/freescale/kds_v3/toolchain/bin/../lib/gcc/arm-none-eabi/4.8.4/../../../../arm-none-eabi/lib/armv7e-m/fpu\libg_s.a(lib_a-fflush.o)
                0x0000b818                __sflush_r
 *fill*         0x0000b91e        0x2 
 .text._fflush_r
                0x0000b920       0x54 c:/freescale/kds_v3/toolchain/bin/../lib/gcc/arm-none-eabi/4.8.4/../../../../arm-none-eabi/lib/armv7e-m/fpu\libg_s.a(lib_a-fflush.o)
                0x0000b920                _fflush_r
 .text._cleanup_r
                0x0000b974       0x32 c:/freescale/kds_v3/toolchain/bin/../lib/gcc/arm-none-eabi/4.8.4/../../../../arm-none-eabi/lib/armv7e-m/fpu\libg_s.a(lib_a-findfp.o)
                0x0000b974                _cleanup_r
 *fill*         0x0000b9a6        0x2 
 .text.std.isra.0
                0x0000b9a8       0x48 c:/freescale/kds_v3/toolchain/bin/../lib/gcc/arm-none-eabi/4.8.4/../../../../arm-none-eabi/lib/armv7e-m/fpu\libg_s.a(lib_a-findfp.o)
 .text.__sfmoreglue
                0x0000b9f0       0x2c c:/freescale/kds_v3/toolchain/bin/../lib/gcc/arm-none-eabi/4.8.4/../../../../arm-none-eabi/lib/armv7e-m/fpu\libg_s.a(lib_a-findfp.o)
                0x0000b9f0                __sfmoreglue
 .text.__sinit  0x0000ba1c       0x60 c:/freescale/kds_v3/toolchain/bin/../lib/gcc/arm-none-eabi/4.8.4/../../../../arm-none-eabi/lib/armv7e-m/fpu\libg_s.a(lib_a-findfp.o)
                0x0000ba1c                __sinit
 .text.__sfp    0x0000ba7c       0x74 c:/freescale/kds_v3/toolchain/bin/../lib/gcc/arm-none-eabi/4.8.4/../../../../arm-none-eabi/lib/armv7e-m/fpu\libg_s.a(lib_a-findfp.o)
                0x0000ba7c                __sfp
 .text.__smakebuf_r
                0x0000baf0       0x9c c:/freescale/kds_v3/toolchain/bin/../lib/gcc/arm-none-eabi/4.8.4/../../../../arm-none-eabi/lib/armv7e-m/fpu\libg_s.a(lib_a-makebuf.o)
                0x0000baf0                __smakebuf_r
 .text.malloc   0x0000bb8c       0x10 c:/freescale/kds_v3/toolchain/bin/../lib/gcc/arm-none-eabi/4.8.4/../../../../arm-none-eabi/lib/armv7e-m/fpu\libg_s.a(lib_a-malloc.o)
                0x0000bb8c                malloc
 .text._free_r  0x0000bb9c       0x88 c:/freescale/kds_v3/toolchain/bin/../lib/gcc/arm-none-eabi/4.8.4/../../../../arm-none-eabi/lib/armv7e-m/fpu\libg_s.a(lib_a-nano-freer.o)
                0x0000bb9c                _free_r
 .text._malloc_r
                0x0000bc24       0xa8 c:/freescale/kds_v3/toolchain/bin/../lib/gcc/arm-none-eabi/4.8.4/../../../../arm-none-eabi/lib/armv7e-m/fpu\libg_s.a(lib_a-nano-mallocr.o)
                0x0000bc24                _malloc_r
 .text._putc_r  0x0000bccc       0x78 c:/freescale/kds_v3/toolchain/bin/../lib/gcc/arm-none-eabi/4.8.4/../../../../arm-none-eabi/lib/armv7e-m/fpu\libg_s.a(lib_a-putc.o)
                0x0000bccc                _putc_r
 .text._sbrk_r  0x0000bd44       0x20 c:/freescale/kds_v3/toolchain/bin/../lib/gcc/arm-none-eabi/4.8.4/../../../../arm-none-eabi/lib/armv7e-m/fpu\libg_s.a(lib_a-sbrkr.o)
                0x0000bd44                _sbrk_r
 .text.__sread  0x0000bd64       0x22 c:/freescale/kds_v3/toolchain/bin/../lib/gcc/arm-none-eabi/4.8.4/../../../../arm-none-eabi/lib/armv7e-m/fpu\libg_s.a(lib_a-stdio.o)
                0x0000bd64                __sread
 .text.__swrite
                0x0000bd86       0x38 c:/freescale/kds_v3/toolchain/bin/../lib/gcc/arm-none-eabi/4.8.4/../../../../arm-none-eabi/lib/armv7e-m/fpu\libg_s.a(lib_a-stdio.o)
                0x0000bd86                __swrite
 .text.__sseek  0x0000bdbe       0x24 c:/freescale/kds_v3/toolchain/bin/../lib/gcc/arm-none-eabi/4.8.4/../../../../arm-none-eabi/lib/armv7e-m/fpu\libg_s.a(lib_a-stdio.o)
                0x0000bdbe                __sseek
 .text.__sclose
                0x0000bde2        0x8 c:/freescale/kds_v3/toolchain/bin/../lib/gcc/arm-none-eabi/4.8.4/../../../../arm-none-eabi/lib/armv7e-m/fpu\libg_s.a(lib_a-stdio.o)
                0x0000bde2                __sclose
 *fill*         0x0000bdea        0x2 
 .text._write_r
                0x0000bdec       0x24 c:/freescale/kds_v3/toolchain/bin/../lib/gcc/arm-none-eabi/4.8.4/../../../../arm-none-eabi/lib/armv7e-m/fpu\libg_s.a(lib_a-writer.o)
                0x0000bdec                _write_r
 .text._close_r
                0x0000be10       0x20 c:/freescale/kds_v3/toolchain/bin/../lib/gcc/arm-none-eabi/4.8.4/../../../../arm-none-eabi/lib/armv7e-m/fpu\libg_s.a(lib_a-closer.o)
                0x0000be10                _close_r
 .text._fstat_r
                0x0000be30       0x24 c:/freescale/kds_v3/toolchain/bin/../lib/gcc/arm-none-eabi/4.8.4/../../../../arm-none-eabi/lib/armv7e-m/fpu\libg_s.a(lib_a-fstatr.o)
                0x0000be30                _fstat_r
 .text._isatty_r
                0x0000be54       0x20 c:/freescale/kds_v3/toolchain/bin/../lib/gcc/arm-none-eabi/4.8.4/../../../../arm-none-eabi/lib/armv7e-m/fpu\libg_s.a(lib_a-isattyr.o)
                0x0000be54                _isatty_r
 .text._lseek_r
                0x0000be74       0x24 c:/freescale/kds_v3/toolchain/bin/../lib/gcc/arm-none-eabi/4.8.4/../../../../arm-none-eabi/lib/armv7e-m/fpu\libg_s.a(lib_a-lseekr.o)
                0x0000be74                _lseek_r
 .text._read_r  0x0000be98       0x24 c:/freescale/kds_v3/toolchain/bin/../lib/gcc/arm-none-eabi/4.8.4/../../../../arm-none-eabi/lib/armv7e-m/fpu\libg_s.a(lib_a-readr.o)
                0x0000be98                _read_r
 .text._close   0x0000bebc       0x10 c:/freescale/kds_v3/toolchain/bin/../lib/gcc/arm-none-eabi/4.8.4/../../../../arm-none-eabi/lib/armv7e-m/fpu\libnosys.a(close.o)
                0x0000bebc                _close
 .text._fstat   0x0000becc       0x10 c:/freescale/kds_v3/toolchain/bin/../lib/gcc/arm-none-eabi/4.8.4/../../../../arm-none-eabi/lib/armv7e-m/fpu\libnosys.a(fstat.o)
                0x0000becc                _fstat
 .text._isatty  0x0000bedc       0x10 c:/freescale/kds_v3/toolchain/bin/../lib/gcc/arm-none-eabi/4.8.4/../../../../arm-none-eabi/lib/armv7e-m/fpu\libnosys.a(isatty.o)
                0x0000bedc                _isatty
 .text._lseek   0x0000beec       0x10 c:/freescale/kds_v3/toolchain/bin/../lib/gcc/arm-none-eabi/4.8.4/../../../../arm-none-eabi/lib/armv7e-m/fpu\libnosys.a(lseek.o)
                0x0000beec                _lseek
 .text._exit    0x0000befc        0x4 c:/freescale/kds_v3/toolchain/bin/../lib/gcc/arm-none-eabi/4.8.4/../../../../arm-none-eabi/lib/armv7e-m/fpu\libnosys.a(_exit.o)
                0x0000befc                _exit
 *(.rodata)
 .rodata        0x0000bf00       0x18 ./source/trace/SEGGER_RTT.o
 .rodata        0x0000bf18      0x248 ./source/trace/trcStreamingRecorder.o
 .rodata        0x0000c160       0xb0 ./source/main.o
 .rodata        0x0000c210        0x8 ./source/printf-stdarg.o
 .rodata        0x0000c218        0x8 ./freertos/Source/tasks.o
 .rodata        0x0000c220       0x10 ./freertos/Source/timers.o
 .rodata        0x0000c230       0x3c ./drivers/fsl_clock.o
 .rodata        0x0000c26c       0x40 ./drivers/fsl_common.o
 .rodata        0x0000c2ac       0xa0 ./drivers/fsl_dspi.o
 .rodata        0x0000c34c      0x238 ./drivers/fsl_edma.o
 .rodata        0x0000c584      0x2f0 ./drivers/fsl_enet.o
 .rodata        0x0000c874      0x2b8 ./drivers/fsl_flexcan.o
 .rodata        0x0000cb2c       0x48 ./drivers/fsl_gpio.o
 .rodata        0x0000cb74       0x70 ./drivers/fsl_sai.o
 .rodata        0x0000cbe4      0x19c ./drivers/fsl_sdhc.o
 .rodata        0x0000cd80       0xc4 ./drivers/fsl_uart.o
 *(.rodata*)
 .rodata.__func__.6763
                0x0000ce44       0x18 ./drivers/fsl_clock.o
 .rodata.fllFactorTable.6891
                0x0000ce5c       0x10 ./drivers/fsl_clock.o
 .rodata.__func__.6953
                0x0000ce6c       0x14 ./drivers/fsl_clock.o
 .rodata.__func__.7149
                0x0000ce80       0x14 ./drivers/fsl_clock.o
 .rodata.__func__.7415
                0x0000ce94       0x18 ./drivers/fsl_dspi.o
 .rodata.__func__.7419
                0x0000ceac       0x18 ./drivers/fsl_dspi.o
 .rodata.__func__.7423
                0x0000cec4       0x18 ./drivers/fsl_dspi.o
 .rodata.__func__.7242
                0x0000cedc       0x10 ./drivers/fsl_edma.o
 .rodata.__func__.7197
                0x0000ceec       0x18 ./drivers/fsl_enet.o
 .rodata.__func__.7202
                0x0000cf04       0x18 ./drivers/fsl_enet.o
 .rodata.__func__.7207
                0x0000cf1c       0x18 ./drivers/fsl_enet.o
 .rodata.__func__.7087
                0x0000cf34       0x18 ./drivers/fsl_flexcan.o
 .rodata.__func__.7151
                0x0000cf4c       0x18 ./drivers/fsl_flexcan.o
 .rodata.__func__.7200
                0x0000cf64       0x14 ./drivers/fsl_flexcan.o
 .rodata.__func__.7207
                0x0000cf78       0x14 ./drivers/fsl_flexcan.o
 .rodata.__func__.7264
                0x0000cf8c       0x1c ./drivers/fsl_flexcan.o
 .rodata.__func__.7270
                0x0000cfa8       0x20 ./drivers/fsl_flexcan.o
 .rodata.__func__.7275
                0x0000cfc8       0x24 ./drivers/fsl_flexcan.o
 .rodata.__func__.7280
                0x0000cfec       0x1c ./drivers/fsl_flexcan.o
 .rodata.__func__.7302
                0x0000d008       0x18 ./drivers/fsl_flexcan.o
 .rodata.__func__.6787
                0x0000d020       0x10 ./drivers/fsl_gpio.o
 .rodata.__func__.7257
                0x0000d030       0x18 ./drivers/fsl_sai.o
 .rodata.__func__.7262
                0x0000d048       0x1c ./drivers/fsl_sai.o
 .rodata.__func__.7267
                0x0000d064       0x18 ./drivers/fsl_sai.o
 .rodata.__func__.7275
                0x0000d07c       0x18 ./drivers/fsl_sai.o
 .rodata.__func__.7282
                0x0000d094       0x1c ./drivers/fsl_sai.o
 .rodata.__func__.7286
                0x0000d0b0       0x1c ./drivers/fsl_sai.o
 .rodata.__func__.7231
                0x0000d0cc       0x1c ./drivers/fsl_sdhc.o
 .rodata.__func__.7070
                0x0000d0e8       0x18 ./drivers/fsl_sdhc.o
 .rodata.__func__.7240
                0x0000d100       0x14 ./drivers/fsl_sdhc.o
 .rodata.__func__.7267
                0x0000d114       0x14 ./drivers/fsl_sdhc.o
 .rodata.__func__.7329
                0x0000d128       0x20 ./drivers/fsl_sdhc.o
 .rodata.__func__.7335
                0x0000d148       0x1c ./drivers/fsl_sdhc.o
 .rodata.__func__.7341
                0x0000d164       0x18 ./drivers/fsl_sdhc.o
 .rodata.__func__.7478
                0x0000d17c       0x18 ./drivers/fsl_sdhc.o
 .rodata.__func__.7483
                0x0000d194       0x18 ./drivers/fsl_sdhc.o
 .rodata.s_uartBases
                0x0000d1ac       0x18 ./drivers/fsl_uart.o
 .rodata.s_uartClock
                0x0000d1c4       0x18 ./drivers/fsl_uart.o
 .rodata.__func__.6958
                0x0000d1dc       0x14 ./drivers/fsl_uart.o
 .rodata.__func__.6972
                0x0000d1f0        0xc ./drivers/fsl_uart.o
 .rodata.__func__.6988
                0x0000d1fc       0x18 ./drivers/fsl_uart.o
 .rodata.g_defaultClockConfigRun
                0x0000d214       0x20 ./board/clock_config.o
                0x0000d214                g_defaultClockConfigRun
 .rodata.str1.4
                0x0000d234        0x4 c:/freescale/kds_v3/toolchain/bin/../lib/gcc/arm-none-eabi/4.8.4/../../../../arm-none-eabi/lib/armv7e-m/fpu\libm.a(lib_a-w_pow.o)
 .rodata.dp_h   0x0000d238       0x10 c:/freescale/kds_v3/toolchain/bin/../lib/gcc/arm-none-eabi/4.8.4/../../../../arm-none-eabi/lib/armv7e-m/fpu\libm.a(lib_a-e_pow.o)
 .rodata.dp_l   0x0000d248       0x10 c:/freescale/kds_v3/toolchain/bin/../lib/gcc/arm-none-eabi/4.8.4/../../../../arm-none-eabi/lib/armv7e-m/fpu\libm.a(lib_a-e_pow.o)
 .rodata.bp     0x0000d258       0x10 c:/freescale/kds_v3/toolchain/bin/../lib/gcc/arm-none-eabi/4.8.4/../../../../arm-none-eabi/lib/armv7e-m/fpu\libm.a(lib_a-e_pow.o)
 .rodata.str1.4
                0x0000d268        0x4 c:/freescale/kds_v3/toolchain/bin/../lib/gcc/arm-none-eabi/4.8.4/../../../../arm-none-eabi/lib/armv7e-m/fpu\libm.a(lib_a-e_pow.o)
 *fill*         0x0000d26c        0x4 
 .rodata.TWO52  0x0000d270       0x10 c:/freescale/kds_v3/toolchain/bin/../lib/gcc/arm-none-eabi/4.8.4/../../../../arm-none-eabi/lib/armv7e-m/fpu\libm.a(lib_a-s_rint.o)
 .rodata.str1.1
                0x0000d280        0x2 c:/freescale/kds_v3/toolchain/bin/../lib/gcc/arm-none-eabi/4.8.4/../../../../arm-none-eabi/lib/armv7e-m/fpu\libg_s.a(lib_a-impure.o)
 *fill*         0x0000d282        0x2 
 .rodata._global_impure_ptr
                0x0000d284        0x4 c:/freescale/kds_v3/toolchain/bin/../lib/gcc/arm-none-eabi/4.8.4/../../../../arm-none-eabi/lib/armv7e-m/fpu\libg_s.a(lib_a-impure.o)
                0x0000d284                _global_impure_ptr
 .rodata.__sf_fake_stdin
                0x0000d288       0x20 c:/freescale/kds_v3/toolchain/bin/../lib/gcc/arm-none-eabi/4.8.4/../../../../arm-none-eabi/lib/armv7e-m/fpu\libg_s.a(lib_a-findfp.o)
                0x0000d288                __sf_fake_stdin
 .rodata.__sf_fake_stdout
                0x0000d2a8       0x20 c:/freescale/kds_v3/toolchain/bin/../lib/gcc/arm-none-eabi/4.8.4/../../../../arm-none-eabi/lib/armv7e-m/fpu\libg_s.a(lib_a-findfp.o)
                0x0000d2a8                __sf_fake_stdout
 .rodata.__sf_fake_stderr
                0x0000d2c8       0x20 c:/freescale/kds_v3/toolchain/bin/../lib/gcc/arm-none-eabi/4.8.4/../../../../arm-none-eabi/lib/armv7e-m/fpu\libg_s.a(lib_a-findfp.o)
                0x0000d2c8                __sf_fake_stderr
 *(.glue_7)
 .glue_7        0x00000000        0x0 linker stubs
 *(.glue_7t)
 .glue_7t       0x00000000        0x0 linker stubs
 *(.eh_frame)
 .eh_frame      0x0000d2e8        0x0 c:/freescale/kds_v3/toolchain/bin/../lib/gcc/arm-none-eabi/4.8.4/armv7e-m/fpu/crtbegin.o
 *(.init)
 .init          0x0000d2e8        0x4 c:/freescale/kds_v3/toolchain/bin/../lib/gcc/arm-none-eabi/4.8.4/armv7e-m/fpu/crti.o
                0x0000d2e8                _init
 .init          0x0000d2ec        0x8 c:/freescale/kds_v3/toolchain/bin/../lib/gcc/arm-none-eabi/4.8.4/armv7e-m/fpu/crtn.o
 *(.fini)
 .fini          0x0000d2f4        0x4 c:/freescale/kds_v3/toolchain/bin/../lib/gcc/arm-none-eabi/4.8.4/armv7e-m/fpu/crti.o
                0x0000d2f4                _fini
 .fini          0x0000d2f8        0x8 c:/freescale/kds_v3/toolchain/bin/../lib/gcc/arm-none-eabi/4.8.4/armv7e-m/fpu/crtn.o
                0x0000d300                . = ALIGN (0x4)

.vfp11_veneer   0x0000d300        0x0
 .vfp11_veneer  0x00000000        0x0 linker stubs

.v4_bx          0x0000d300        0x0
 .v4_bx         0x00000000        0x0 linker stubs

.iplt           0x0000d300        0x0
 .iplt          0x00000000        0x0 c:/freescale/kds_v3/toolchain/bin/../lib/gcc/arm-none-eabi/4.8.4/armv7e-m/fpu/crtbegin.o

.ARM.extab
 *(.ARM.extab* .gnu.linkonce.armextab.*)

.ARM            0x0000d300        0x8
                0x0000d300                __exidx_start = .
 *(.ARM.exidx*)
 .ARM.exidx     0x0000d300        0x8 c:/freescale/kds_v3/toolchain/bin/../lib/gcc/arm-none-eabi/4.8.4/../../../../arm-none-eabi/lib/armv7e-m/fpu/crt0.o
 .ARM.exidx     0x0000d308        0x0 c:/freescale/kds_v3/toolchain/bin/../lib/gcc/arm-none-eabi/4.8.4/armv7e-m/fpu\libgcc.a(_divdi3.o)
                                  0x8 (size before relaxing)
 .ARM.exidx     0x0000d308        0x0 c:/freescale/kds_v3/toolchain/bin/../lib/gcc/arm-none-eabi/4.8.4/armv7e-m/fpu\libgcc.a(_udivdi3.o)
                                  0x8 (size before relaxing)
                0x0000d308                __exidx_end = .

.rel.dyn        0x0000d308        0x0
 .rel.iplt      0x00000000        0x0 c:/freescale/kds_v3/toolchain/bin/../lib/gcc/arm-none-eabi/4.8.4/armv7e-m/fpu/crtbegin.o

.ctors          0x0000d308        0x0
                0x0000d308                __CTOR_LIST__ = .
 *crtbegin.o(.ctors)
 *crtbegin?.o(.ctors)
 *(EXCLUDE_FILE(*crtend.o *crtend?.o) .ctors)
 *(SORT(.ctors.*))
 *(.ctors)
                0x0000d308                __CTOR_END__ = .

.dtors          0x0000d308        0x0
                0x0000d308                __DTOR_LIST__ = .
 *crtbegin.o(.dtors)
 *crtbegin?.o(.dtors)
 *(EXCLUDE_FILE(*crtend.o *crtend?.o) .dtors)
 *(SORT(.dtors.*))
 *(.dtors)
                0x0000d308                __DTOR_END__ = .

.preinit_array  0x0000d308        0x0
                0x0000d308                PROVIDE (__preinit_array_start, .)
 *(.preinit_array*)
                0x0000d308                PROVIDE (__preinit_array_end, .)

.init_array     0x0000d308        0x4
                0x0000d308                PROVIDE (__init_array_start, .)
 *(SORT(.init_array.*))
 *(.init_array*)
 .init_array    0x0000d308        0x4 c:/freescale/kds_v3/toolchain/bin/../lib/gcc/arm-none-eabi/4.8.4/armv7e-m/fpu/crtbegin.o
                0x0000d30c                PROVIDE (__init_array_end, .)

.fini_array     0x0000d30c        0x4
                0x0000d30c                PROVIDE (__fini_array_start, .)
 *(SORT(.fini_array.*))
 *(.fini_array*)
 .fini_array    0x0000d30c        0x4 c:/freescale/kds_v3/toolchain/bin/../lib/gcc/arm-none-eabi/4.8.4/armv7e-m/fpu/crtbegin.o
                0x0000d310                PROVIDE (__fini_array_end, .)
                0x0000d310                __etext = .
                0x0000d310                __DATA_ROM = .

.interrupts_ram
                0x1fff0000        0x0
                0x1fff0000                . = ALIGN (0x4)
                0x1fff0000                __VECTOR_RAM__ = .
                0x1fff0000                __interrupts_ram_start__ = .
 *(.m_interrupts_ram)
                0x1fff0000                . = (. + M_VECTOR_RAM_SIZE)
                0x1fff0000                . = ALIGN (0x4)
                0x1fff0000                __interrupts_ram_end__ = .
                0x00000000                __VECTOR_RAM = DEFINED (__ram_vector_table__)?__VECTOR_RAM__:ORIGIN (m_interrupts)
                0x00000000                __RAM_VECTOR_TABLE_SIZE_BYTES = DEFINED (__ram_vector_table__)?(__interrupts_ram_end__ - __interrupts_ram_start__):0x0

.data           0x1fff0000       0x8c load address 0x0000d310
                0x1fff0000                . = ALIGN (0x4)
                0x1fff0000                __DATA_RAM = .
                0x1fff0000                __data_start__ = .
 *(.data)
 *(.data*)
 .data.SystemCoreClock
                0x1fff0000        0x4 ./startup/system_MK64F12.o
                0x1fff0000                SystemCoreClock
 .data.ISR_stack_index
                0x1fff0004        0x1 ./source/trace/trcStreamingRecorder.o
 *fill*         0x1fff0005        0x3 
 .data.PSFEndianessIdentifier
                0x1fff0008        0x4 ./source/trace/trcStreamingRecorder.o
 .data.FormatVersion
                0x1fff000c        0x2 ./source/trace/trcStreamingRecorder.o
 .data.CurrentFilterMask
                0x1fff000e        0x2 ./source/trace/trcStreamingRecorder.o
                0x1fff000e                CurrentFilterMask
 .data.CurrentFilterGroup
                0x1fff0010        0x2 ./source/trace/trcStreamingRecorder.o
                0x1fff0010                CurrentFilterGroup
 *fill*         0x1fff0012        0x2 
 .data.uxCriticalNesting
                0x1fff0014        0x4 ./freertos/Source/portable/GCC/ARM_CM4F/port.o
 .data.s_slowIrcFreq
                0x1fff0018        0x4 ./drivers/fsl_clock.o
 .data.s_fastIrcFreq
                0x1fff001c        0x4 ./drivers/fsl_clock.o
 .data.__fdlib_version
                0x1fff0020        0x1 c:/freescale/kds_v3/toolchain/bin/../lib/gcc/arm-none-eabi/4.8.4/../../../../arm-none-eabi/lib/armv7e-m/fpu\libm.a(lib_a-s_lib_ver.o)
                0x1fff0020                __fdlib_version
 *fill*         0x1fff0021        0x3 
 .data.impure_data
                0x1fff0024       0x60 c:/freescale/kds_v3/toolchain/bin/../lib/gcc/arm-none-eabi/4.8.4/../../../../arm-none-eabi/lib/armv7e-m/fpu\libg_s.a(lib_a-impure.o)
 .data._impure_ptr
                0x1fff0084        0x4 c:/freescale/kds_v3/toolchain/bin/../lib/gcc/arm-none-eabi/4.8.4/../../../../arm-none-eabi/lib/armv7e-m/fpu\libg_s.a(lib_a-impure.o)
                0x1fff0084                _impure_ptr
 *(.jcr*)
 .jcr           0x1fff0088        0x0 c:/freescale/kds_v3/toolchain/bin/../lib/gcc/arm-none-eabi/4.8.4/armv7e-m/fpu/crtbegin.o
 .jcr           0x1fff0088        0x4 c:/freescale/kds_v3/toolchain/bin/../lib/gcc/arm-none-eabi/4.8.4/armv7e-m/fpu/crtend.o
                0x1fff008c                . = ALIGN (0x4)
                0x1fff008c                __data_end__ = .
                0x0000d39c                __DATA_END = (__DATA_ROM + (__data_end__ - __data_start__))
                0x00100000                text_end = (ORIGIN (m_text) + 0xffbf0)
                0x00000001                ASSERT ((__DATA_END <= text_end), region m_text overflowed with text and data)
                0x00000800                USB_RAM_GAP = DEFINED (__usb_ram_size__)?__usb_ram_size__:0x800

.igot.plt       0x1fff008c        0x0 load address 0x0000d39c
 .igot.plt      0x00000000        0x0 c:/freescale/kds_v3/toolchain/bin/../lib/gcc/arm-none-eabi/4.8.4/armv7e-m/fpu/crtbegin.o

.bss            0x1fff008c     0x4dfc load address 0x0000d39c
                0x1fff008c                . = ALIGN (0x4)
                0x1fff008c                __START_BSS = .
                0x1fff008c                __bss_start__ = .
 *(.bss)
 .bss           0x1fff008c       0x1c c:/freescale/kds_v3/toolchain/bin/../lib/gcc/arm-none-eabi/4.8.4/armv7e-m/fpu/crtbegin.o
 *(.bss*)
 .bss.s_debugConsole
                0x1fff00a8       0x10 ./utilities/fsl_debug_console.o
 .bss.heap_end.4969
                0x1fff00b8        0x4 ./utilities/fsl_sbrk.o
 .bss._acUpBuffer
                0x1fff00bc       0x40 ./source/trace/SEGGER_RTT.o
 .bss._acDownBuffer
                0x1fff00fc       0x10 ./source/trace/SEGGER_RTT.o
 .bss.pCurrentTCB
                0x1fff010c        0x4 ./source/trace/trcKernelPort.o
 .bss.symbolTable
                0x1fff0110      0x500 ./source/trace/trcStreamingRecorder.o
 .bss.firstFreeSymbolTableIndex
                0x1fff0610        0x4 ./source/trace/trcStreamingRecorder.o
 .bss.objectDataTable
                0x1fff0614      0x140 ./source/trace/trcStreamingRecorder.o
 .bss.firstFreeObjectDataTableIndex
                0x1fff0754        0x4 ./source/trace/trcStreamingRecorder.o
 .bss.errorCode
                0x1fff0758        0x4 ./source/trace/trcStreamingRecorder.o
 .bss.SessionCounter
                0x1fff075c        0x4 ./source/trace/trcStreamingRecorder.o
 .bss.RecorderEnabled
                0x1fff0760        0x4 ./source/trace/trcStreamingRecorder.o
                0x1fff0760                RecorderEnabled
 .bss.eventCounter
                0x1fff0764        0x4 ./source/trace/trcStreamingRecorder.o
 .bss.uiTraceTickCount
                0x1fff0768        0x4 ./source/trace/trcStreamingRecorder.o
                0x1fff0768                uiTraceTickCount
 .bss.timestampFrequency
                0x1fff076c        0x4 ./source/trace/trcStreamingRecorder.o
                0x1fff076c                timestampFrequency
 .bss.NoRoomForSymbol
                0x1fff0770        0x4 ./source/trace/trcStreamingRecorder.o
                0x1fff0770                NoRoomForSymbol
 .bss.NoRoomForObjectData
                0x1fff0774        0x4 ./source/trace/trcStreamingRecorder.o
                0x1fff0774                NoRoomForObjectData
 .bss.LongestSymbolName
                0x1fff0778        0x4 ./source/trace/trcStreamingRecorder.o
                0x1fff0778                LongestSymbolName
 .bss.MaxBytesTruncated
                0x1fff077c        0x4 ./source/trace/trcStreamingRecorder.o
                0x1fff077c                MaxBytesTruncated
 .bss.ucHeap    0x1fff0780     0x2800 ./source/heap_4.o
 .bss.xStart    0x1fff2f80        0x8 ./source/heap_4.o
 .bss.pxEnd     0x1fff2f88        0x4 ./source/heap_4.o
 .bss.xFreeBytesRemaining
                0x1fff2f8c        0x4 ./source/heap_4.o
 .bss.xMinimumEverFreeBytesRemaining
                0x1fff2f90        0x4 ./source/heap_4.o
 .bss.xBlockAllocatedBit
                0x1fff2f94        0x4 ./source/heap_4.o
 .bss.ucMaxSysCallPriority
                0x1fff2f98        0x1 ./freertos/Source/portable/GCC/ARM_CM4F/port.o
 *fill*         0x1fff2f99        0x3 
 .bss.ulMaxPRIGROUPValue
                0x1fff2f9c        0x4 ./freertos/Source/portable/GCC/ARM_CM4F/port.o
 .bss.pxCurrentTCB
                0x1fff2fa0        0x4 ./freertos/Source/tasks.o
                0x1fff2fa0                pxCurrentTCB
 .bss.pxReadyTasksLists
                0x1fff2fa4       0x64 ./freertos/Source/tasks.o
 .bss.xDelayedTaskList1
                0x1fff3008       0x14 ./freertos/Source/tasks.o
 .bss.xDelayedTaskList2
                0x1fff301c       0x14 ./freertos/Source/tasks.o
 .bss.pxDelayedTaskList
                0x1fff3030        0x4 ./freertos/Source/tasks.o
 .bss.pxOverflowDelayedTaskList
                0x1fff3034        0x4 ./freertos/Source/tasks.o
 .bss.xPendingReadyList
                0x1fff3038       0x14 ./freertos/Source/tasks.o
 .bss.xTasksWaitingTermination
                0x1fff304c       0x14 ./freertos/Source/tasks.o
 .bss.uxTasksDeleted
                0x1fff3060        0x4 ./freertos/Source/tasks.o
 .bss.xSuspendedTaskList
                0x1fff3064       0x14 ./freertos/Source/tasks.o
 .bss.uxCurrentNumberOfTasks
                0x1fff3078        0x4 ./freertos/Source/tasks.o
 .bss.xTickCount
                0x1fff307c        0x4 ./freertos/Source/tasks.o
 .bss.uxTopReadyPriority
                0x1fff3080        0x4 ./freertos/Source/tasks.o
 .bss.xSchedulerRunning
                0x1fff3084        0x4 ./freertos/Source/tasks.o
 .bss.uxPendedTicks
                0x1fff3088        0x4 ./freertos/Source/tasks.o
 .bss.xYieldPending
                0x1fff308c        0x4 ./freertos/Source/tasks.o
 .bss.xNumOfOverflows
                0x1fff3090        0x4 ./freertos/Source/tasks.o
 .bss.uxTaskNumber
                0x1fff3094        0x4 ./freertos/Source/tasks.o
 .bss.xNextTaskUnblockTime
                0x1fff3098        0x4 ./freertos/Source/tasks.o
 .bss.uxSchedulerSuspended
                0x1fff309c        0x4 ./freertos/Source/tasks.o
 .bss.xActiveTimerList1
                0x1fff30a0       0x14 ./freertos/Source/timers.o
 .bss.xActiveTimerList2
                0x1fff30b4       0x14 ./freertos/Source/timers.o
 .bss.pxCurrentTimerList
                0x1fff30c8        0x4 ./freertos/Source/timers.o
 .bss.pxOverflowTimerList
                0x1fff30cc        0x4 ./freertos/Source/timers.o
 .bss.xTimerQueue
                0x1fff30d0        0x4 ./freertos/Source/timers.o
 .bss.xTimerTaskHandle
                0x1fff30d4        0x4 ./freertos/Source/timers.o
 .bss.xLastTime.7970
                0x1fff30d8        0x4 ./freertos/Source/timers.o
 .bss.g_dspiHandle
                0x1fff30dc        0xc ./drivers/fsl_dspi.o
 .bss.s_dspiMasterIsr
                0x1fff30e8        0x4 ./drivers/fsl_dspi.o
 .bss.s_dspiSlaveIsr
                0x1fff30ec        0x4 ./drivers/fsl_dspi.o
 .bss.s_EDMAHandle
                0x1fff30f0       0x40 ./drivers/fsl_edma.o
 .bss.s_ENETHandle
                0x1fff3130        0x4 ./drivers/fsl_enet.o
 .bss.s_flexcanHandle
                0x1fff3134        0x4 ./drivers/fsl_flexcan.o
 .bss.s_i2cHandle
                0x1fff3138        0xc ./drivers/fsl_i2c.o
 .bss.s_i2cMasterIsr
                0x1fff3144        0x4 ./drivers/fsl_i2c.o
 .bss.s_i2cSlaveIsr
                0x1fff3148        0x4 ./drivers/fsl_i2c.o
 .bss.s_sdhcHandle
                0x1fff314c        0x4 ./drivers/fsl_sdhc.o
 .bss.s_uartHandle
                0x1fff3150       0x18 ./drivers/fsl_uart.o
 .bss.s_uartIsr
                0x1fff3168        0x4 ./drivers/fsl_uart.o
 .bss.__malloc_sbrk_start
                0x1fff316c        0x4 c:/freescale/kds_v3/toolchain/bin/../lib/gcc/arm-none-eabi/4.8.4/../../../../arm-none-eabi/lib/armv7e-m/fpu\libg_s.a(lib_a-nano-mallocr.o)
                0x1fff316c                __malloc_sbrk_start
 .bss.__malloc_free_list
                0x1fff3170        0x4 c:/freescale/kds_v3/toolchain/bin/../lib/gcc/arm-none-eabi/4.8.4/../../../../arm-none-eabi/lib/armv7e-m/fpu\libg_s.a(lib_a-nano-mallocr.o)
                0x1fff3170                __malloc_free_list
                0x1fff3200                . = ALIGN (0x200)
 *fill*         0x1fff3174       0x8c 
                0x1fff3200                USB_RAM_START = .
                0x1fff3a00                . = (. + USB_RAM_GAP)
 *fill*         0x1fff3200      0x800 
 *(COMMON)
 COMMON         0x1fff3a00       0xa8 ./source/trace/SEGGER_RTT.o
                0x1fff3a00                _SEGGER_RTT
 COMMON         0x1fff3aa8     0x138c ./source/trace/trcKernelPort.o
                0x1fff3aa8                _TzTraceData
                0x1fff4e30                trcWarningChannel
 COMMON         0x1fff4e34       0x40 ./freertos/Source/queue.o
                0x1fff4e34                xQueueRegistry
 COMMON         0x1fff4e74        0x8 ./drivers/fsl_clock.o
                0x1fff4e74                g_xtal32Freq
                0x1fff4e78                g_xtal0Freq
 COMMON         0x1fff4e7c        0x8 ./drivers/fsl_sai.o
                0x1fff4e7c                s_saiHandle
 COMMON         0x1fff4e84        0x4 c:/freescale/kds_v3/toolchain/bin/../lib/gcc/arm-none-eabi/4.8.4/../../../../arm-none-eabi/lib/armv7e-m/fpu\libg_s.a(lib_a-reent.o)
                0x1fff4e84                errno
                0x1fff4e88                . = ALIGN (0x4)
                0x1fff4e88                __bss_end__ = .
                0x1fff4e88                __END_BSS = .

.heap           0x20000000      0x400
                0x20000000                . = ALIGN (0x8)
                0x20000000                __end__ = .
                0x20000000                PROVIDE (end, .)
                0x20000000                __HeapBase = .
                0x20000400                . = (. + HEAP_SIZE)
 *fill*         0x20000000      0x400 
                0x20000400                __HeapLimit = .
                0x20000400                __heap_limit = .

.stack          0x20000400      0x400
                0x20000400                . = ALIGN (0x8)
                0x20000800                . = (. + STACK_SIZE)
 *fill*         0x20000400      0x400 

m_usb_bdt       0x1fff3200        0x0
 *(m_usb_bdt)
                0x1fff3200                USB_RAM_BDT_END = .

m_usb_global
 *(m_usb_global)
                0x20030000                __StackTop = (ORIGIN (m_data_2) + 0x30000)
                0x2002fc00                __StackLimit = (__StackTop - STACK_SIZE)
                0x20030000                PROVIDE (__stack, __StackTop)

.ARM.attributes
                0x00000000       0x30
 *(.ARM.attributes)
 .ARM.attributes
                0x00000000       0x22 c:/freescale/kds_v3/toolchain/bin/../lib/gcc/arm-none-eabi/4.8.4/armv7e-m/fpu/crti.o
 .ARM.attributes
                0x00000022       0x34 c:/freescale/kds_v3/toolchain/bin/../lib/gcc/arm-none-eabi/4.8.4/armv7e-m/fpu/crtbegin.o
 .ARM.attributes
                0x00000056       0x20 c:/freescale/kds_v3/toolchain/bin/../lib/gcc/arm-none-eabi/4.8.4/../../../../arm-none-eabi/lib/armv7e-m/fpu/crt0.o
 .ARM.attributes
                0x00000076       0x39 ./utilities/fsl_debug_console.o
 .ARM.attributes
                0x000000af       0x39 ./utilities/fsl_sbrk.o
 .ARM.attributes
                0x000000e8       0x1f ./startup/startup_MK64F12.o
 .ARM.attributes
                0x00000107       0x39 ./startup/system_MK64F12.o
 .ARM.attributes
                0x00000140       0x39 ./source/trace/SEGGER_RTT.o
 .ARM.attributes
                0x00000179       0x39 ./source/trace/trcKernelPort.o
 .ARM.attributes
                0x000001b2       0x39 ./source/trace/trcStreamingPort.o
 .ARM.attributes
                0x000001eb       0x39 ./source/trace/trcStreamingRecorder.o
 .ARM.attributes
                0x00000224       0x39 ./source/heap_4.o
 .ARM.attributes
                0x0000025d       0x39 ./source/main.o
 .ARM.attributes
                0x00000296       0x39 ./source/printf-stdarg.o
 .ARM.attributes
                0x000002cf       0x39 ./freertos/Source/portable/GCC/ARM_CM4F/port.o
 .ARM.attributes
                0x00000308       0x39 ./freertos/Source/list.o
 .ARM.attributes
                0x00000341       0x39 ./freertos/Source/queue.o
 .ARM.attributes
                0x0000037a       0x39 ./freertos/Source/tasks.o
 .ARM.attributes
                0x000003b3       0x39 ./freertos/Source/timers.o
 .ARM.attributes
                0x000003ec       0x39 ./drivers/fsl_clock.o
 .ARM.attributes
                0x00000425       0x39 ./drivers/fsl_common.o
 .ARM.attributes
                0x0000045e       0x39 ./drivers/fsl_dspi.o
 .ARM.attributes
                0x00000497       0x39 ./drivers/fsl_edma.o
 .ARM.attributes
                0x000004d0       0x39 ./drivers/fsl_enet.o
 .ARM.attributes
                0x00000509       0x39 ./drivers/fsl_flexcan.o
 .ARM.attributes
                0x00000542       0x39 ./drivers/fsl_gpio.o
 .ARM.attributes
                0x0000057b       0x39 ./drivers/fsl_i2c.o
 .ARM.attributes
                0x000005b4       0x39 ./drivers/fsl_sai.o
 .ARM.attributes
                0x000005ed       0x39 ./drivers/fsl_sdhc.o
 .ARM.attributes
                0x00000626       0x39 ./drivers/fsl_uart.o
 .ARM.attributes
                0x0000065f       0x39 ./board/board.o
 .ARM.attributes
                0x00000698       0x39 ./board/clock_config.o
 .ARM.attributes
                0x000006d1       0x39 ./board/pin_mux.o
 .ARM.attributes
                0x0000070a       0x34 c:/freescale/kds_v3/toolchain/bin/../lib/gcc/arm-none-eabi/4.8.4/../../../../arm-none-eabi/lib/armv7e-m/fpu\libm.a(lib_a-s_modf.o)
 .ARM.attributes
                0x0000073e       0x34 c:/freescale/kds_v3/toolchain/bin/../lib/gcc/arm-none-eabi/4.8.4/../../../../arm-none-eabi/lib/armv7e-m/fpu\libm.a(lib_a-w_pow.o)
 .ARM.attributes
                0x00000772       0x34 c:/freescale/kds_v3/toolchain/bin/../lib/gcc/arm-none-eabi/4.8.4/../../../../arm-none-eabi/lib/armv7e-m/fpu\libm.a(lib_a-e_pow.o)
 .ARM.attributes
                0x000007a6       0x34 c:/freescale/kds_v3/toolchain/bin/../lib/gcc/arm-none-eabi/4.8.4/../../../../arm-none-eabi/lib/armv7e-m/fpu\libm.a(lib_a-e_sqrt.o)
 .ARM.attributes
                0x000007da       0x34 c:/freescale/kds_v3/toolchain/bin/../lib/gcc/arm-none-eabi/4.8.4/../../../../arm-none-eabi/lib/armv7e-m/fpu\libm.a(lib_a-s_fabs.o)
 .ARM.attributes
                0x0000080e       0x34 c:/freescale/kds_v3/toolchain/bin/../lib/gcc/arm-none-eabi/4.8.4/../../../../arm-none-eabi/lib/armv7e-m/fpu\libm.a(lib_a-s_finite.o)
 .ARM.attributes
                0x00000842       0x34 c:/freescale/kds_v3/toolchain/bin/../lib/gcc/arm-none-eabi/4.8.4/../../../../arm-none-eabi/lib/armv7e-m/fpu\libm.a(lib_a-s_fpclassify.o)
 .ARM.attributes
                0x00000876       0x34 c:/freescale/kds_v3/toolchain/bin/../lib/gcc/arm-none-eabi/4.8.4/../../../../arm-none-eabi/lib/armv7e-m/fpu\libm.a(lib_a-s_lib_ver.o)
 .ARM.attributes
                0x000008aa       0x34 c:/freescale/kds_v3/toolchain/bin/../lib/gcc/arm-none-eabi/4.8.4/../../../../arm-none-eabi/lib/armv7e-m/fpu\libm.a(lib_a-s_matherr.o)
 .ARM.attributes
                0x000008de       0x34 c:/freescale/kds_v3/toolchain/bin/../lib/gcc/arm-none-eabi/4.8.4/../../../../arm-none-eabi/lib/armv7e-m/fpu\libm.a(lib_a-s_nan.o)
 .ARM.attributes
                0x00000912       0x34 c:/freescale/kds_v3/toolchain/bin/../lib/gcc/arm-none-eabi/4.8.4/../../../../arm-none-eabi/lib/armv7e-m/fpu\libm.a(lib_a-s_rint.o)
 .ARM.attributes
                0x00000946       0x34 c:/freescale/kds_v3/toolchain/bin/../lib/gcc/arm-none-eabi/4.8.4/../../../../arm-none-eabi/lib/armv7e-m/fpu\libm.a(lib_a-s_scalbn.o)
 .ARM.attributes
                0x0000097a       0x34 c:/freescale/kds_v3/toolchain/bin/../lib/gcc/arm-none-eabi/4.8.4/../../../../arm-none-eabi/lib/armv7e-m/fpu\libm.a(lib_a-s_copysign.o)
 .ARM.attributes
                0x000009ae       0x22 c:/freescale/kds_v3/toolchain/bin/../lib/gcc/arm-none-eabi/4.8.4/armv7e-m/fpu\libgcc.a(_arm_addsubdf3.o)
 .ARM.attributes